Archive member included because of file (symbol)

/usr/bin/../lib/gcc/arm-none-eabi/4.9.3/../../../../arm-none-eabi/lib/armv7e-m/fpu/libc.a(lib_a-exit.o)
                              /usr/bin/../lib/gcc/arm-none-eabi/4.9.3/../../../../arm-none-eabi/lib/armv7e-m/fpu/crt0.o (exit)
/usr/bin/../lib/gcc/arm-none-eabi/4.9.3/../../../../arm-none-eabi/lib/armv7e-m/fpu/libc.a(lib_a-impure.o)
                              /usr/bin/../lib/gcc/arm-none-eabi/4.9.3/../../../../arm-none-eabi/lib/armv7e-m/fpu/libc.a(lib_a-exit.o) (_global_impure_ptr)
/usr/bin/../lib/gcc/arm-none-eabi/4.9.3/../../../../arm-none-eabi/lib/armv7e-m/fpu/libc.a(lib_a-init.o)
                              /usr/bin/../lib/gcc/arm-none-eabi/4.9.3/../../../../arm-none-eabi/lib/armv7e-m/fpu/crt0.o (__libc_init_array)
/usr/bin/../lib/gcc/arm-none-eabi/4.9.3/../../../../arm-none-eabi/lib/armv7e-m/fpu/libc.a(lib_a-memcpy.o)
                              bin/enet.o (memcpy)
/usr/bin/../lib/gcc/arm-none-eabi/4.9.3/../../../../arm-none-eabi/lib/armv7e-m/fpu/libc.a(lib_a-memset.o)
                              /usr/bin/../lib/gcc/arm-none-eabi/4.9.3/../../../../arm-none-eabi/lib/armv7e-m/fpu/crt0.o (memset)
/usr/bin/../lib/gcc/arm-none-eabi/4.9.3/../../../../arm-none-eabi/lib/armv7e-m/fpu/libc.a(lib_a-printf.o)
                              bin/leds.o (printf)
/usr/bin/../lib/gcc/arm-none-eabi/4.9.3/../../../../arm-none-eabi/lib/armv7e-m/fpu/libc.a(lib_a-puts.o)
                              bin/enet.o (puts)
/usr/bin/../lib/gcc/arm-none-eabi/4.9.3/../../../../arm-none-eabi/lib/armv7e-m/fpu/libc.a(lib_a-strlen.o)
                              /usr/bin/../lib/gcc/arm-none-eabi/4.9.3/../../../../arm-none-eabi/lib/armv7e-m/fpu/libc.a(lib_a-puts.o) (strlen)
/usr/bin/../lib/gcc/arm-none-eabi/4.9.3/../../../../arm-none-eabi/lib/armv7e-m/fpu/libc.a(lib_a-vfprintf.o)
                              /usr/bin/../lib/gcc/arm-none-eabi/4.9.3/../../../../arm-none-eabi/lib/armv7e-m/fpu/libc.a(lib_a-printf.o) (_vfprintf_r)
/usr/bin/../lib/gcc/arm-none-eabi/4.9.3/../../../../arm-none-eabi/lib/armv7e-m/fpu/libc.a(lib_a-wsetup.o)
                              /usr/bin/../lib/gcc/arm-none-eabi/4.9.3/../../../../arm-none-eabi/lib/armv7e-m/fpu/libc.a(lib_a-vfprintf.o) (__swsetup_r)
/usr/bin/../lib/gcc/arm-none-eabi/4.9.3/../../../../arm-none-eabi/lib/armv7e-m/fpu/libc.a(lib_a-__call_atexit.o)
                              /usr/bin/../lib/gcc/arm-none-eabi/4.9.3/../../../../arm-none-eabi/lib/armv7e-m/fpu/libc.a(lib_a-exit.o) (__call_exitprocs)
/usr/bin/../lib/gcc/arm-none-eabi/4.9.3/../../../../arm-none-eabi/lib/armv7e-m/fpu/libc.a(lib_a-atexit.o)
                              /usr/bin/../lib/gcc/arm-none-eabi/4.9.3/../../../../arm-none-eabi/lib/armv7e-m/fpu/libc.a(lib_a-__call_atexit.o) (atexit)
/usr/bin/../lib/gcc/arm-none-eabi/4.9.3/../../../../arm-none-eabi/lib/armv7e-m/fpu/libc.a(lib_a-dtoa.o)
                              /usr/bin/../lib/gcc/arm-none-eabi/4.9.3/../../../../arm-none-eabi/lib/armv7e-m/fpu/libc.a(lib_a-vfprintf.o) (_dtoa_r)
/usr/bin/../lib/gcc/arm-none-eabi/4.9.3/../../../../arm-none-eabi/lib/armv7e-m/fpu/libc.a(lib_a-fflush.o)
                              /usr/bin/../lib/gcc/arm-none-eabi/4.9.3/../../../../arm-none-eabi/lib/armv7e-m/fpu/libc.a(lib_a-vfprintf.o) (_fflush_r)
/usr/bin/../lib/gcc/arm-none-eabi/4.9.3/../../../../arm-none-eabi/lib/armv7e-m/fpu/libc.a(lib_a-findfp.o)
                              /usr/bin/../lib/gcc/arm-none-eabi/4.9.3/../../../../arm-none-eabi/lib/armv7e-m/fpu/libc.a(lib_a-puts.o) (__sinit)
/usr/bin/../lib/gcc/arm-none-eabi/4.9.3/../../../../arm-none-eabi/lib/armv7e-m/fpu/libc.a(lib_a-fini.o)
                              /usr/bin/../lib/gcc/arm-none-eabi/4.9.3/../../../../arm-none-eabi/lib/armv7e-m/fpu/libc.a(lib_a-__call_atexit.o) (__libc_fini_array)
/usr/bin/../lib/gcc/arm-none-eabi/4.9.3/../../../../arm-none-eabi/lib/armv7e-m/fpu/libc.a(lib_a-freer.o)
                              /usr/bin/../lib/gcc/arm-none-eabi/4.9.3/../../../../arm-none-eabi/lib/armv7e-m/fpu/libc.a(lib_a-wsetup.o) (_free_r)
/usr/bin/../lib/gcc/arm-none-eabi/4.9.3/../../../../arm-none-eabi/lib/armv7e-m/fpu/libc.a(lib_a-fvwrite.o)
                              /usr/bin/../lib/gcc/arm-none-eabi/4.9.3/../../../../arm-none-eabi/lib/armv7e-m/fpu/libc.a(lib_a-puts.o) (__sfvwrite_r)
/usr/bin/../lib/gcc/arm-none-eabi/4.9.3/../../../../arm-none-eabi/lib/armv7e-m/fpu/libc.a(lib_a-fwalk.o)
                              /usr/bin/../lib/gcc/arm-none-eabi/4.9.3/../../../../arm-none-eabi/lib/armv7e-m/fpu/libc.a(lib_a-findfp.o) (_fwalk)
/usr/bin/../lib/gcc/arm-none-eabi/4.9.3/../../../../arm-none-eabi/lib/armv7e-m/fpu/libc.a(lib_a-locale.o)
                              /usr/bin/../lib/gcc/arm-none-eabi/4.9.3/../../../../arm-none-eabi/lib/armv7e-m/fpu/libc.a(lib_a-vfprintf.o) (_localeconv_r)
/usr/bin/../lib/gcc/arm-none-eabi/4.9.3/../../../../arm-none-eabi/lib/armv7e-m/fpu/libc.a(lib_a-makebuf.o)
[...]
Memory Configuration

Name             Origin             Length             Attributes
flash            0x0000000008000000 0x0000000000100000 xr
sram             0x0000000020000000 0x0000000000020000 xrw
*default*        0x0000000000000000 0xffffffffffffffff

Linker script and memory map

LOAD /usr/bin/../lib/gcc/arm-none-eabi/4.9.3/armv7e-m/fpu/crti.o
LOAD /usr/bin/../lib/gcc/arm-none-eabi/4.9.3/armv7e-m/fpu/crtbegin.o
LOAD /usr/bin/../lib/gcc/arm-none-eabi/4.9.3/../../../../arm-none-eabi/lib/armv7e-m/fpu/crt0.o
LOAD bin/main.o
LOAD bin/startup.o
LOAD bin/i2cFunc.o
LOAD bin/spiFunc.o
LOAD bin/leds.o
LOAD bin/console.o
LOAD bin/stubs.o
LOAD bin/enet.o
LOAD bin/systime.o
LOAD bin/dmxl.o
LOAD bin/fan.o
LOAD bin/tactile.o
LOAD bin/pin.o
LOAD bin/enc.o
LOAD bin/state.o
LOAD bin/async_poll.o
LOAD bin/delay.o
LOAD bin/error.o
LOAD /usr/bin/../lib/gcc/arm-none-eabi/4.9.3/../../../../arm-none-eabi/lib/armv7e-m/fpu/libc.a
LOAD /usr/bin/../lib/gcc/arm-none-eabi/4.9.3/armv7e-m/fpu/libgcc.a
LOAD /usr/bin/../lib/gcc/arm-none-eabi/4.9.3/../../../../arm-none-eabi/lib/armv7e-m/fpu/libm.a
START GROUP
LOAD /usr/bin/../lib/gcc/arm-none-eabi/4.9.3/armv7e-m/fpu/libgcc.a
LOAD /usr/bin/../lib/gcc/arm-none-eabi/4.9.3/../../../../arm-none-eabi/lib/armv7e-m/fpu/libg.a
LOAD /usr/bin/../lib/gcc/arm-none-eabi/4.9.3/../../../../arm-none-eabi/lib/armv7e-m/fpu/libc.a
END GROUP
LOAD /usr/bin/../lib/gcc/arm-none-eabi/4.9.3/armv7e-m/fpu/crtend.o
LOAD /usr/bin/../lib/gcc/arm-none-eabi/4.9.3/armv7e-m/fpu/crtn.o

.text           0x0000000008000000     0xacc4
 *(.vectors .vectors.*)
 .vectors       0x0000000008000000      0x1ac bin/startup.o
                0x0000000008000000                g_vectors
                0x0000000000000400                . = 0x400
 *fill*         0x00000000080001ac      0x254 
 *(.text .text.* .gnu.linkonce.t*)
 .text          0x0000000008000400        0x0 /usr/bin/../lib/gcc/arm-none-eabi/4.9.3/armv7e-m/fpu/crti.o
 .text          0x0000000008000400       0x5c /usr/bin/../lib/gcc/arm-none-eabi/4.9.3/armv7e-m/fpu/crtbegin.o
 .text          0x000000000800045c       0x74 /usr/bin/../lib/gcc/arm-none-eabi/4.9.3/../../../../arm-none-eabi/lib/armv7e-m/fpu/crt0.o
                0x000000000800045c                _mainCRTStartup
                0x000000000800045c                _start
 .text          0x00000000080004d0        0x0 bin/main.o
 .text.configurePorts
                0x00000000080004d0      0x180 bin/main.o
                0x00000000080004d0                configurePorts
 .text.startup.main
                0x0000000008000650       0xa4 bin/main.o
                0x0000000008000650                main
 .text          0x00000000080006f4        0x0 bin/startup.o
 .text.unmapped_vector
                0x00000000080006f4        0x4 bin/startup.o
                0x00000000080006f4                uart8_vector
                0x00000000080006f4                i2c3_er_vector
                0x00000000080006f4                otg_fs_wkup_vector
                0x00000000080006f4                tim7_vector
                0x00000000080006f4                dma2_stream0_vector
                0x00000000080006f4                tampstamp_vector
                0x00000000080006f4                i2c2_ev_vector
                0x00000000080006f4                exti0_vector
                0x00000000080006f4                can2_tx_vector
                0x00000000080006f4                eth_wkup_vector
                0x00000000080006f4                tim1trg_tim11_vector
                0x00000000080006f4                hardfault_vector
                0x00000000080006f4                adc_vector
                0x00000000080006f4                otg_hs_ep1_in_vector
                0x00000000080006f4                i2c1_er_vector
                0x00000000080006f4                wwdg_vector
                0x00000000080006f4                tim1cc_vector
                0x00000000080006f4                pvd_vector
                0x00000000080006f4                can1_rx0_vector
                0x00000000080006f4                ltdc_er_vector
                0x00000000080006f4                dma2_stream4_vector
                0x00000000080006f4                spi5_vector
                0x00000000080006f4                tim2_vector
                0x00000000080006f4                dma1_stream2_vector
                0x00000000080006f4                flash_vector
                0x00000000080006f4                spi6_vector
                0x00000000080006f4                otg_hs_wkup_vector
                0x00000000080006f4                dma1_stream3_vector
                0x00000000080006f4                exti3_vector
                0x00000000080006f4                uart7_vector
                0x00000000080006f4                dma1_stream7_vector
                0x00000000080006f4                exti9_5_vector
                0x00000000080006f4                dma2_stream1_vector
                0x00000000080006f4                can1_sce_vector
                0x00000000080006f4                can1_rx1_vector
                0x00000000080006f4                dma2_stream7_vector
                0x00000000080006f4                exti15_10_vector
                0x00000000080006f4                tim4_vector
                0x00000000080006f4                pendsv_vector
                0x00000000080006f4                nmi_vector
                0x00000000080006f4                i2c2_er_vector
                0x00000000080006f4                can2_sce_vector
                0x00000000080006f4                tim1up_tim10_vector
                0x00000000080006f4                dma2_stream5_vector
                0x00000000080006f4                exti4_vector
                0x00000000080006f4                usart2_vector
                0x00000000080006f4                dma1_stream0_vector
                0x00000000080006f4                dcmi_vector
                0x00000000080006f4                dma2_stream2_vector
                0x00000000080006f4                rtc_alarm_vector
                0x00000000080006f4                dma1_stream4_vector
                0x00000000080006f4                tim5_vector
                0x00000000080006f4                svcall_vector
                0x00000000080006f4                spi4_vector
                0x00000000080006f4                dma1_stream5_vector
                0x00000000080006f4                dma2_stream3_vector
                0x00000000080006f4                systick_vector
                0x00000000080006f4                exti2_vector
                0x00000000080006f4                tim8brk_tim12_vector
                0x00000000080006f4                usagefault_vector
                0x00000000080006f4                cryp_vector
                0x00000000080006f4                tim8cc_vector
                0x00000000080006f4                rtc_wkup_vector
                0x00000000080006f4                dma1_stream6_vector
                0x00000000080006f4                ltdc_vector
                0x00000000080006f4                memmanage_vector
                0x00000000080006f4                can1_tx_vector
                0x00000000080006f4                tim1brk_tim9_vector
                0x00000000080006f4                spi2_vector
                0x00000000080006f4                spi1_vector
                0x00000000080006f4                dbgmon_vector
                0x00000000080006f4                tim6_dac_vector
                0x00000000080006f4                hash_rng_vector
                0x00000000080006f4                can2_rx0_vector
                0x00000000080006f4                sdio_vector
                0x00000000080006f4                otg_hs_vector
                0x00000000080006f4                i2c1_ev_vector
                0x00000000080006f4                otg_fs_vector
                0x00000000080006f4                busfault_vector
                0x00000000080006f4                spi3_vector
                0x00000000080006f4                tim8up_tim13_vector
                0x00000000080006f4                exti1_vector
                0x00000000080006f4                otg_hs_ep1_out_vector
                0x00000000080006f4                sai1_vector
                0x00000000080006f4                tim3_vector
                0x00000000080006f4                dma2_stream6_vector
                0x00000000080006f4                dma1_stream1_vector
                0x00000000080006f4                tim8trg_tim14_vector
                0x00000000080006f4                fsmc_vector
                0x00000000080006f4                fpu_vector
                0x00000000080006f4                i2c3_ev_vector
                0x00000000080006f4                rcc_vector
                0x00000000080006f4                usart1_vector
                0x00000000080006f4                unmapped_vector
                0x00000000080006f4                dma2d_vector
                0x00000000080006f4                can2_rx1_vector
 .text.reset_vector
                0x00000000080006f8      0x14c bin/startup.o
                0x00000000080006f8                reset_vector
 .text.startup_clock_init_fail
                0x0000000008000844        0x4 bin/startup.o
                0x0000000008000844                startup_clock_init_fail
 .text          0x0000000008000848        0x0 bin/i2cFunc.o
 .text.writeRegisterI2C
                0x0000000008000848       0x58 bin/i2cFunc.o
                0x0000000008000848                writeRegisterI2C
 .text.readBytesI2C
                0x00000000080008a0       0x90 bin/i2cFunc.o
                0x00000000080008a0                readBytesI2C
 .text.isBusyI2CPort
                0x0000000008000930        0x8 bin/i2cFunc.o
                0x0000000008000930                isBusyI2CPort
 .text          0x0000000008000938        0x0 bin/spiFunc.o
 .text.udelay   0x0000000008000938       0x10 bin/spiFunc.o
                0x0000000008000938                udelay
 .text.writeBytesSPI
                0x0000000008000948       0xb0 bin/spiFunc.o
                0x0000000008000948                writeBytesSPI
 .text.writeRegisterSPI
                0x00000000080009f8       0x1c bin/spiFunc.o
                0x00000000080009f8                writeRegisterSPI
 .text.readSPIStatus
                0x0000000008000a14       0xb4 bin/spiFunc.o
                0x0000000008000a14                readSPIStatus
 .text.readBytesSPIAssert
                0x0000000008000ac8       0xc8 bin/spiFunc.o
                0x0000000008000ac8                readBytesSPIAssert
 .text.readCommmand
                0x0000000008000b90       0x60 bin/spiFunc.o
                0x0000000008000b90                readCommmand
 .text.readBytesSPI
                0x0000000008000bf0       0xac bin/spiFunc.o
                0x0000000008000bf0                readBytesSPI
 .text.ledsPattern
                0x0000000008000c9c       0x38 bin/spiFunc.o
                0x0000000008000c9c                ledsPattern
 .text.ledStatus
                0x0000000008000cd4       0xe0 bin/spiFunc.o
                0x0000000008000cd4                ledStatus
 .text          0x0000000008000db4        0x0 bin/leds.o
 .text.leds_init
                0x0000000008000db4       0x38 bin/leds.o
                0x0000000008000db4                leds_init
 .text.leds_on  0x0000000008000dec       0x48 bin/leds.o
                0x0000000008000dec                leds_on
 .text.leds_off
                0x0000000008000e34       0x48 bin/leds.o
                0x0000000008000e34                leds_off
 .text.leds_toggle
                0x0000000008000e7c       0x54 bin/leds.o
                0x0000000008000e7c                leds_toggle
 .text          0x0000000008000ed0        0x0 bin/console.o
 .text.console_init
                0x0000000008000ed0       0x68 bin/console.o
                0x0000000008000ed0                console_init
 .text.console_send_block
                0x0000000008000f38       0x40 bin/console.o
                0x0000000008000f38                console_send_block
 .text          0x0000000008000f78        0x0 bin/stubs.o
 .text._sbrk    0x0000000008000f78       0x1c bin/stubs.o
                0x0000000008000f78                _sbrk
 .text._kill    0x0000000008000f94        0x8 bin/stubs.o
                0x0000000008000f94                _kill
 .text._exit    0x0000000008000f9c        0x4 bin/stubs.o
                0x0000000008000f9c                _exit
 .text._getpid  0x0000000008000fa0        0x4 bin/stubs.o
                0x0000000008000fa0                _getpid
 .text._write   0x0000000008000fa4       0x10 bin/stubs.o
                0x0000000008000fa4                _write
 .text._close   0x0000000008000fb4        0x8 bin/stubs.o
                0x0000000008000fb4                _close
 .text._fstat   0x0000000008000fbc        0xc bin/stubs.o
                0x0000000008000fbc                _fstat
 .text._isatty  0x0000000008000fc8        0x4 bin/stubs.o
                0x0000000008000fc8                _isatty
 .text._lseek   0x0000000008000fcc        0x4 bin/stubs.o
                0x0000000008000fcc                _lseek
 .text._read    0x0000000008000fd0        0x4 bin/stubs.o
                0x0000000008000fd0                _read
 .text.fputc    0x0000000008000fd4        0x4 bin/stubs.o
                0x0000000008000fd4                fputc
 .text._ttywrch
                0x0000000008000fd8        0x4 bin/stubs.o
                0x0000000008000fd8                _ttywrch
 .text          0x0000000008000fdc        0x0 bin/enet.o
 .text.enet_read_phy_reg
                0x0000000008000fdc       0x2c bin/enet.o
                0x0000000008000fdc                enet_read_phy_reg
 .text.enet_write_phy_reg
                0x0000000008001008       0x60 bin/enet.o
                0x0000000008001008                enet_write_phy_reg
 .text.enet_init
                0x0000000008001068      0x434 bin/enet.o
                0x0000000008001068                enet_init
 .text.eth_vector
                0x000000000800149c       0xdc bin/enet.o
                0x000000000800149c                eth_vector
 .text.enet_get_link_status
                0x0000000008001578       0x58 bin/enet.o
                0x0000000008001578                enet_get_link_status
 .text.eth_htons
                0x00000000080015d0        0x8 bin/enet.o
                0x00000000080015d0                eth_htons
 .text.eth_htonl
                0x00000000080015d8        0x4 bin/enet.o
                0x00000000080015d8                eth_htonl
 .text.enet_send_udp_ucast
                0x00000000080015dc      0x154 bin/enet.o
                0x00000000080015dc                enet_send_udp_ucast
 .text.enet_send_udp_mcast
                0x0000000008001730       0x44 bin/enet.o
                0x0000000008001730                enet_send_udp_mcast
 .text.enet_process_rx_ring
                0x0000000008001774      0x174 bin/enet.o
                0x0000000008001774                enet_process_rx_ring
 .text.enet_send_state
                0x00000000080018e8       0x2c bin/enet.o
                0x00000000080018e8                enet_send_state
 .text          0x0000000008001914        0x0 bin/systime.o
 .text.systime_init
                0x0000000008001914       0x44 bin/systime.o
                0x0000000008001914                systime_init
 .text          0x0000000008001958        0x0 bin/dmxl.o
 .text.dmxl_tx.part.1
                0x0000000008001958       0x8c bin/dmxl.o
 .text.dmxl_write_data
                0x00000000080019e4       0x44 bin/dmxl.o
 .text.dmxl_read_data.constprop.3
                0x0000000008001a28       0x30 bin/dmxl.o
 .text.usart3_vector
                0x0000000008001a58       0x3c bin/dmxl.o
                0x0000000008001a58                usart3_vector
 .text.uart4_vector
                0x0000000008001a94       0x44 bin/dmxl.o
                0x0000000008001a94                uart4_vector
 .text.uart5_vector
                0x0000000008001ad8       0x44 bin/dmxl.o
                0x0000000008001ad8                uart5_vector
 .text.usart6_vector
                0x0000000008001b1c       0x44 bin/dmxl.o
                0x0000000008001b1c                usart6_vector
 .text.dmxl_set_usart_baud
                0x0000000008001b60       0x68 bin/dmxl.o
                0x0000000008001b60                dmxl_set_usart_baud
 .text.dmxl_init
                0x0000000008001bc8      0x1a4 bin/dmxl.o
                0x0000000008001bc8                dmxl_init
 .text.dmxl_process_ring
                0x0000000008001d6c      0x1f4 bin/dmxl.o
                0x0000000008001d6c                dmxl_process_ring
 .text.dmxl_set_status_return_levels
                0x0000000008001f60       0xb0 bin/dmxl.o
                0x0000000008001f60                dmxl_set_status_return_levels
 .text.dmxl_set_baud_rates
                0x0000000008002010       0xdc bin/dmxl.o
                0x0000000008002010                dmxl_set_baud_rates
 .text.dmxl_process_rings
                0x00000000080020ec       0x20 bin/dmxl.o
                0x00000000080020ec                dmxl_process_rings
 .text.dmxl_set_led
                0x000000000800210c       0x20 bin/dmxl.o
                0x000000000800210c                dmxl_set_led
 .text.dmxl_set_torque_enable
                0x000000000800212c       0x20 bin/dmxl.o
                0x000000000800212c                dmxl_set_torque_enable
 .text.dmxl_set_angle_limits
                0x000000000800214c       0x2c bin/dmxl.o
                0x000000000800214c                dmxl_set_angle_limits
 .text.dmxl_set_res_divider
                0x0000000008002178       0x18 bin/dmxl.o
                0x0000000008002178                dmxl_set_res_divider
 .text.dmxl_set_multiturn_offset
                0x0000000008002190       0x20 bin/dmxl.o
                0x0000000008002190                dmxl_set_multiturn_offset
 .text.dmxl_set_speed_dir
                0x00000000080021b0       0x2c bin/dmxl.o
                0x00000000080021b0                dmxl_set_speed_dir
 .text.dmxl_set_control_mode
                0x00000000080021dc       0xe8 bin/dmxl.o
                0x00000000080021dc                dmxl_set_control_mode
 .text.dmxl_set_control_target
                0x00000000080022c4       0x38 bin/dmxl.o
                0x00000000080022c4                dmxl_set_control_target
 .text.dmxl_set_all_control_targets
                0x00000000080022fc       0xf4 bin/dmxl.o
                0x00000000080022fc                dmxl_set_all_control_targets
 .text.dmxl_poll
                0x00000000080023f0       0x8c bin/dmxl.o
                0x00000000080023f0                dmxl_poll
 .text.dmxl_poll_nonblocking_tick
                0x000000000800247c      0x18c bin/dmxl.o
                0x000000000800247c                dmxl_poll_nonblocking_tick
 .text.dmxl_all_available
                0x0000000008002608       0x20 bin/dmxl.o
                0x0000000008002608                dmxl_all_available
 .text          0x0000000008002628        0x0 bin/fan.o
 .text.fan_init
                0x0000000008002628       0x20 bin/fan.o
                0x0000000008002628                fan_init
 .text.fan_on   0x0000000008002648       0x18 bin/fan.o
                0x0000000008002648                fan_on
 .text.fan_off  0x0000000008002660       0x18 bin/fan.o
                0x0000000008002660                fan_off
 .text          0x0000000008002678        0x0 bin/tactile.o
 .text.tactile_bridge_spi_txrx.part.0
                0x0000000008002678       0xcc bin/tactile.o
 .text.tactile_bridge_read_reg
                0x0000000008002744       0x3c bin/tactile.o
 .text.tactile_i2c_async_start.part.1
                0x0000000008002780       0xb8 bin/tactile.o
 .text.tactile_internal_i2c_async_tick.part.2
                0x0000000008002838      0x1ac bin/tactile.o
 .text.tactile_i2c_async_start
                0x00000000080029e4        0xc bin/tactile.o
                0x00000000080029e4                tactile_i2c_async_start
 .text.tactile_internal_i2c_async_tick
                0x00000000080029f0        0xc bin/tactile.o
                0x00000000080029f0                tactile_internal_i2c_async_tick
 .text.tactile_bridged_i2c_async_tick
                0x00000000080029fc      0x280 bin/tactile.o
                0x00000000080029fc                tactile_bridged_i2c_async_tick
 .text.tactile_i2c_async_tick
                0x0000000008002c7c       0x14 bin/tactile.o
                0x0000000008002c7c                tactile_i2c_async_tick
 .text.tactile_bridge_reset
                0x0000000008002c90       0x5c bin/tactile.o
                0x0000000008002c90                tactile_bridge_reset
 .text.tactile_init
                0x0000000008002cec       0x78 bin/tactile.o
                0x0000000008002cec                tactile_init
 .text.tactile_bridge_wait_for_completion
                0x0000000008002d64       0x64 bin/tactile.o
                0x0000000008002d64                tactile_bridge_wait_for_completion
 .text.tactile_i2c
                0x0000000008002dc8      0x24c bin/tactile.o
                0x0000000008002dc8                tactile_i2c
 .text.tactile_poll
                0x0000000008003014      0x130 bin/tactile.o
                0x0000000008003014                tactile_poll
 .text.tactile_poll_nonblocking_tick
                0x0000000008003144      0x394 bin/tactile.o
                0x0000000008003144                tactile_poll_nonblocking_tick
 .text          0x00000000080034d8        0x0 bin/pin.o
 .text.pin_set_output_type
                0x00000000080034d8       0x1c bin/pin.o
                0x00000000080034d8                pin_set_output_type
 .text.pin_set_alternate_function
                0x00000000080034f4       0x5c bin/pin.o
                0x00000000080034f4                pin_set_alternate_function
 .text.pin_set_output
                0x0000000008003550       0x20 bin/pin.o
                0x0000000008003550                pin_set_output
 .text.pin_set_output_level
                0x0000000008003570       0x14 bin/pin.o
                0x0000000008003570                pin_set_output_level
 .text          0x0000000008003584        0x0 bin/enc.o
 .text.enc_init
                0x0000000008003584       0x24 bin/enc.o
                0x0000000008003584                enc_init
 .text.checkTimeout
                0x00000000080035a8       0x14 bin/enc.o
                0x00000000080035a8                checkTimeout
 .text.readEncoderI2C
                0x00000000080035bc       0x44 bin/enc.o
                0x00000000080035bc                readEncoderI2C
 .text.enc_poll_nonblocking_tick
                0x0000000008003600       0xf4 bin/enc.o
                0x0000000008003600                enc_poll_nonblocking_tick
 .text.readEncoderSPI
                0x00000000080036f4       0x44 bin/enc.o
                0x00000000080036f4                readEncoderSPI
 .text          0x0000000008003738        0x0 bin/state.o
 .text.state_init
                0x0000000008003738       0x5c bin/state.o
                0x0000000008003738                state_init
 .text          0x0000000008003794        0x0 bin/async_poll.o
 .text.async_poll_init
                0x0000000008003794        0x4 bin/async_poll.o
                0x0000000008003794                async_poll_init
 .text.async_poll_tick
                0x0000000008003798       0x40 bin/async_poll.o
                0x0000000008003798                async_poll_tick
 .text.async_poll_start
                0x00000000080037d8       0x40 bin/async_poll.o
                0x00000000080037d8                async_poll_start
 .text          0x0000000008003818        0x0 bin/delay.o
 .text.delay_ns
                0x0000000008003818       0x28 bin/delay.o
                0x0000000008003818                delay_ns
 .text.delay_us
                0x0000000008003840       0x24 bin/delay.o
                0x0000000008003840                delay_us
 .text.delay_ms
                0x0000000008003864       0x34 bin/delay.o
                0x0000000008003864                delay_ms
 .text          0x0000000008003898        0x0 bin/error.o
 .text.setLEDs  0x0000000008003898       0x30 bin/error.o
                0x0000000008003898                setLEDs
 .text.err_service
                0x00000000080038c8       0xbc bin/error.o
                0x00000000080038c8                err_service
 .text.err_set  0x0000000008003984        0xc bin/error.o
                0x0000000008003984                err_set
 .text.err_unset
                0x0000000008003990        0xc bin/error.o
                0x0000000008003990                err_unset
 .text          0x000000000800399c        0x0 /usr/bin/../lib/gcc/arm-none-eabi/4.9.3/../../../../arm-none-eabi/lib/armv7e-m/fpu/libc.a(lib_a-exit.o)
 .text.exit     0x000000000800399c       0x20 /usr/bin/../lib/gcc/arm-none-eabi/4.9.3/../../../../arm-none-eabi/lib/armv7e-m/fpu/libc.a(lib_a-exit.o)
                0x000000000800399c                exit
 .text          0x00000000080039bc        0x0 /usr/bin/../lib/gcc/arm-none-eabi/4.9.3/../../../../arm-none-eabi/lib/armv7e-m/fpu/libc.a(lib_a-impure.o)
 .text          0x00000000080039bc        0x0 /usr/bin/../lib/gcc/arm-none-eabi/4.9.3/../../../../arm-none-eabi/lib/armv7e-m/fpu/libc.a(lib_a-init.o)
 .text.__libc_init_array
                0x00000000080039bc       0x50 /usr/bin/../lib/gcc/arm-none-eabi/4.9.3/../../../../arm-none-eabi/lib/armv7e-m/fpu/libc.a(lib_a-init.o)
                0x00000000080039bc                __libc_init_array
 .text          0x0000000008003a0c      0x134 /usr/bin/../lib/gcc/arm-none-eabi/4.9.3/../../../../arm-none-eabi/lib/armv7e-m/fpu/libc.a(lib_a-memcpy.o)
                0x0000000008003a0c                memcpy
 .text          0x0000000008003b40        0x0 /usr/bin/../lib/gcc/arm-none-eabi/4.9.3/../../../../arm-none-eabi/lib/armv7e-m/fpu/libc.a(lib_a-memset.o)
 .text.memset   0x0000000008003b40       0x9c /usr/bin/../lib/gcc/arm-none-eabi/4.9.3/../../../../arm-none-eabi/lib/armv7e-m/fpu/libc.a(lib_a-memset.o)
                0x0000000008003b40                memset
 .text          0x0000000008003bdc        0x0 /usr/bin/../lib/gcc/arm-none-eabi/4.9.3/../../../../arm-none-eabi/lib/armv7e-m/fpu/libc.a(lib_a-printf.o)
 .text._printf_r
                0x0000000008003bdc       0x20 /usr/bin/../lib/gcc/arm-none-eabi/4.9.3/../../../../arm-none-eabi/lib/armv7e-m/fpu/libc.a(lib_a-printf.o)
                0x0000000008003bdc                _printf_r
 .text.printf   0x0000000008003bfc       0x28 /usr/bin/../lib/gcc/arm-none-eabi/4.9.3/../../../../arm-none-eabi/lib/armv7e-m/fpu/libc.a(lib_a-printf.o)
                0x0000000008003bfc                printf
 .text          0x0000000008003c24        0x0 /usr/bin/../lib/gcc/arm-none-eabi/4.9.3/../../../../arm-none-eabi/lib/armv7e-m/fpu/libc.a(lib_a-puts.o)
 .text._puts_r  0x0000000008003c24       0x64 /usr/bin/../lib/gcc/arm-none-eabi/4.9.3/../../../../arm-none-eabi/lib/armv7e-m/fpu/libc.a(lib_a-puts.o)
                0x0000000008003c24                _puts_r
 .text.puts     0x0000000008003c88       0x10 /usr/bin/../lib/gcc/arm-none-eabi/4.9.3/../../../../arm-none-eabi/lib/armv7e-m/fpu/libc.a(lib_a-puts.o)
                0x0000000008003c88                puts
 .text          0x0000000008003c98        0x0 /usr/bin/../lib/gcc/arm-none-eabi/4.9.3/../../../../arm-none-eabi/lib/armv7e-m/fpu/libc.a(lib_a-strlen.o)
 .text.strlen   0x0000000008003c98       0x5c /usr/bin/../lib/gcc/arm-none-eabi/4.9.3/../../../../arm-none-eabi/lib/armv7e-m/fpu/libc.a(lib_a-strlen.o)
                0x0000000008003c98                strlen
 .text          0x0000000008003cf4        0x0 /usr/bin/../lib/gcc/arm-none-eabi/4.9.3/../../../../arm-none-eabi/lib/armv7e-m/fpu/libc.a(lib_a-vfprintf.o)
 *fill*         0x0000000008003cf4        0x4 
 .text._vfprintf_r
                0x0000000008003cf8     0x1424 /usr/bin/../lib/gcc/arm-none-eabi/4.9.3/../../../../arm-none-eabi/lib/armv7e-m/fpu/libc.a(lib_a-vfprintf.o)
                0x0000000008003cf8                _vfprintf_r
 .text.vfprintf
                0x000000000800511c       0x18 /usr/bin/../lib/gcc/arm-none-eabi/4.9.3/../../../../arm-none-eabi/lib/armv7e-m/fpu/libc.a(lib_a-vfprintf.o)
                0x000000000800511c                vfprintf
 .text.__sbprintf
                0x0000000008005134       0x78 /usr/bin/../lib/gcc/arm-none-eabi/4.9.3/../../../../arm-none-eabi/lib/armv7e-m/fpu/libc.a(lib_a-vfprintf.o)
 .text          0x00000000080051ac        0x0 /usr/bin/../lib/gcc/arm-none-eabi/4.9.3/../../../../arm-none-eabi/lib/armv7e-m/fpu/libc.a(lib_a-wsetup.o)
 .text.__swsetup_r
                0x00000000080051ac       0xc4 /usr/bin/../lib/gcc/arm-none-eabi/4.9.3/../../../../arm-none-eabi/lib/armv7e-m/fpu/libc.a(lib_a-wsetup.o)
                0x00000000080051ac                __swsetup_r
 .text          0x0000000008005270        0x0 /usr/bin/../lib/gcc/arm-none-eabi/4.9.3/../../../../arm-none-eabi/lib/armv7e-m/fpu/libc.a(lib_a-__call_atexit.o)
 .text.startup.register_fini
                0x0000000008005270       0x14 /usr/bin/../lib/gcc/arm-none-eabi/4.9.3/../../../../arm-none-eabi/lib/armv7e-m/fpu/libc.a(lib_a-__call_atexit.o)
 .text.__call_exitprocs
                0x0000000008005284       0xd4 /usr/bin/../lib/gcc/arm-none-eabi/4.9.3/../../../../arm-none-eabi/lib/armv7e-m/fpu/libc.a(lib_a-__call_atexit.o)
                0x0000000008005284                __call_exitprocs
 .text          0x0000000008005358        0x0 /usr/bin/../lib/gcc/arm-none-eabi/4.9.3/../../../../arm-none-eabi/lib/armv7e-m/fpu/libc.a(lib_a-atexit.o)
 .text.atexit   0x0000000008005358        0xc /usr/bin/../lib/gcc/arm-none-eabi/4.9.3/../../../../arm-none-eabi/lib/armv7e-m/fpu/libc.a(lib_a-atexit.o)
                0x0000000008005358                atexit
 .text          0x0000000008005364        0x0 /usr/bin/../lib/gcc/arm-none-eabi/4.9.3/../../../../arm-none-eabi/lib/armv7e-m/fpu/libc.a(lib_a-dtoa.o)
 .text.quorem   0x0000000008005364      0x12c /usr/bin/../lib/gcc/arm-none-eabi/4.9.3/../../../../arm-none-eabi/lib/armv7e-m/fpu/libc.a(lib_a-dtoa.o)
 .text._dtoa_r  0x0000000008005490      0xea4 /usr/bin/../lib/gcc/arm-none-eabi/4.9.3/../../../../arm-none-eabi/lib/armv7e-m/fpu/libc.a(lib_a-dtoa.o)
                0x0000000008005490                _dtoa_r
 .text          0x0000000008006334        0x0 /usr/bin/../lib/gcc/arm-none-eabi/4.9.3/../../../../arm-none-eabi/lib/armv7e-m/fpu/libc.a(lib_a-fflush.o)
 .text.__sflush_r
                0x0000000008006334      0x154 /usr/bin/../lib/gcc/arm-none-eabi/4.9.3/../../../../arm-none-eabi/lib/armv7e-m/fpu/libc.a(lib_a-fflush.o)
                0x0000000008006334                __sflush_r
 .text._fflush_r
                0x0000000008006488       0x2c /usr/bin/../lib/gcc/arm-none-eabi/4.9.3/../../../../arm-none-eabi/lib/armv7e-m/fpu/libc.a(lib_a-fflush.o)
                0x0000000008006488                _fflush_r
 .text.fflush   0x00000000080064b4       0x24 /usr/bin/../lib/gcc/arm-none-eabi/4.9.3/../../../../arm-none-eabi/lib/armv7e-m/fpu/libc.a(lib_a-fflush.o)
                0x00000000080064b4                fflush
 .text          0x00000000080064d8        0x0 /usr/bin/../lib/gcc/arm-none-eabi/4.9.3/../../../../arm-none-eabi/lib/armv7e-m/fpu/libc.a(lib_a-findfp.o)
 .text.__fp_lock
                0x00000000080064d8        0x4 /usr/bin/../lib/gcc/arm-none-eabi/4.9.3/../../../../arm-none-eabi/lib/armv7e-m/fpu/libc.a(lib_a-findfp.o)
 .text.__fp_unlock
                0x00000000080064dc        0x4 /usr/bin/../lib/gcc/arm-none-eabi/4.9.3/../../../../arm-none-eabi/lib/armv7e-m/fpu/libc.a(lib_a-findfp.o)
 .text._cleanup_r
                0x00000000080064e0        0xc /usr/bin/../lib/gcc/arm-none-eabi/4.9.3/../../../../arm-none-eabi/lib/armv7e-m/fpu/libc.a(lib_a-findfp.o)
                0x00000000080064e0                _cleanup_r
 .text.__sinit.part.1
                0x00000000080064ec       0xf0 /usr/bin/../lib/gcc/arm-none-eabi/4.9.3/../../../../arm-none-eabi/lib/armv7e-m/fpu/libc.a(lib_a-findfp.o)
 .text.__sfmoreglue
                0x00000000080065dc       0x30 /usr/bin/../lib/gcc/arm-none-eabi/4.9.3/../../../../arm-none-eabi/lib/armv7e-m/fpu/libc.a(lib_a-findfp.o)
                0x00000000080065dc                __sfmoreglue
 .text.__sfp    0x000000000800660c       0x88 /usr/bin/../lib/gcc/arm-none-eabi/4.9.3/../../../../arm-none-eabi/lib/armv7e-m/fpu/libc.a(lib_a-findfp.o)
                0x000000000800660c                __sfp
 .text._cleanup
                0x0000000008006694       0x14 /usr/bin/../lib/gcc/arm-none-eabi/4.9.3/../../../../arm-none-eabi/lib/armv7e-m/fpu/libc.a(lib_a-findfp.o)
                0x0000000008006694                _cleanup
 .text.__sinit  0x00000000080066a8        0xc /usr/bin/../lib/gcc/arm-none-eabi/4.9.3/../../../../arm-none-eabi/lib/armv7e-m/fpu/libc.a(lib_a-findfp.o)
                0x00000000080066a8                __sinit
 .text.__sfp_lock_acquire
                0x00000000080066b4        0x4 /usr/bin/../lib/gcc/arm-none-eabi/4.9.3/../../../../arm-none-eabi/lib/armv7e-m/fpu/libc.a(lib_a-findfp.o)
                0x00000000080066b4                __sfp_lock_acquire
 .text.__sfp_lock_release
                0x00000000080066b8        0x4 /usr/bin/../lib/gcc/arm-none-eabi/4.9.3/../../../../arm-none-eabi/lib/armv7e-m/fpu/libc.a(lib_a-findfp.o)
                0x00000000080066b8                __sfp_lock_release
 .text.__sinit_lock_acquire
                0x00000000080066bc        0x4 /usr/bin/../lib/gcc/arm-none-eabi/4.9.3/../../../../arm-none-eabi/lib/armv7e-m/fpu/libc.a(lib_a-findfp.o)
                0x00000000080066bc                __sinit_lock_acquire
 .text.__sinit_lock_release
                0x00000000080066c0        0x4 /usr/bin/../lib/gcc/arm-none-eabi/4.9.3/../../../../arm-none-eabi/lib/armv7e-m/fpu/libc.a(lib_a-findfp.o)
                0x00000000080066c0                __sinit_lock_release
 .text.__fp_lock_all
                0x00000000080066c4       0x14 /usr/bin/../lib/gcc/arm-none-eabi/4.9.3/../../../../arm-none-eabi/lib/armv7e-m/fpu/libc.a(lib_a-findfp.o)
                0x00000000080066c4                __fp_lock_all
 .text.__fp_unlock_all
                0x00000000080066d8       0x14 /usr/bin/../lib/gcc/arm-none-eabi/4.9.3/../../../../arm-none-eabi/lib/armv7e-m/fpu/libc.a(lib_a-findfp.o)
                0x00000000080066d8                __fp_unlock_all
 .text          0x00000000080066ec        0x0 /usr/bin/../lib/gcc/arm-none-eabi/4.9.3/../../../../arm-none-eabi/lib/armv7e-m/fpu/libc.a(lib_a-fini.o)
 .text.__libc_fini_array
                0x00000000080066ec       0x2c /usr/bin/../lib/gcc/arm-none-eabi/4.9.3/../../../../arm-none-eabi/lib/armv7e-m/fpu/libc.a(lib_a-fini.o)
                0x00000000080066ec                __libc_fini_array
 .text          0x0000000008006718        0x0 /usr/bin/../lib/gcc/arm-none-eabi/4.9.3/../../../../arm-none-eabi/lib/armv7e-m/fpu/libc.a(lib_a-freer.o)
 .text._malloc_trim_r
                0x0000000008006718       0x9c /usr/bin/../lib/gcc/arm-none-eabi/4.9.3/../../../../arm-none-eabi/lib/armv7e-m/fpu/libc.a(lib_a-freer.o)
                0x0000000008006718                _malloc_trim_r
 .text._free_r  0x00000000080067b4      0x1b0 /usr/bin/../lib/gcc/arm-none-eabi/4.9.3/../../../../arm-none-eabi/lib/armv7e-m/fpu/libc.a(lib_a-freer.o)
                0x00000000080067b4                _free_r
 .text          0x0000000008006964        0x0 /usr/bin/../lib/gcc/arm-none-eabi/4.9.3/../../../../arm-none-eabi/lib/armv7e-m/fpu/libc.a(lib_a-fvwrite.o)
 .text.__sfvwrite_r
                0x0000000008006964      0x318 /usr/bin/../lib/gcc/arm-none-eabi/4.9.3/../../../../arm-none-eabi/lib/armv7e-m/fpu/libc.a(lib_a-fvwrite.o)
                0x0000000008006964                __sfvwrite_r
 .text          0x0000000008006c7c        0x0 /usr/bin/../lib/gcc/arm-none-eabi/4.9.3/../../../../arm-none-eabi/lib/armv7e-m/fpu/libc.a(lib_a-fwalk.o)
 .text._fwalk   0x0000000008006c7c       0x4c /usr/bin/../lib/gcc/arm-none-eabi/4.9.3/../../../../arm-none-eabi/lib/armv7e-m/fpu/libc.a(lib_a-fwalk.o)
                0x0000000008006c7c                _fwalk
 .text._fwalk_reent
                0x0000000008006cc8       0x54 /usr/bin/../lib/gcc/arm-none-eabi/4.9.3/../../../../arm-none-eabi/lib/armv7e-m/fpu/libc.a(lib_a-fwalk.o)
                0x0000000008006cc8                _fwalk_reent
 .text          0x0000000008006d1c        0x0 /usr/bin/../lib/gcc/arm-none-eabi/4.9.3/../../../../arm-none-eabi/lib/armv7e-m/fpu/libc.a(lib_a-locale.o)
 .text._setlocale_r
                0x0000000008006d1c       0x44 /usr/bin/../lib/gcc/arm-none-eabi/4.9.3/../../../../arm-none-eabi/lib/armv7e-m/fpu/libc.a(lib_a-locale.o)
                0x0000000008006d1c                _setlocale_r
 .text.__locale_charset
                0x0000000008006d60        0x8 /usr/bin/../lib/gcc/arm-none-eabi/4.9.3/../../../../arm-none-eabi/lib/armv7e-m/fpu/libc.a(lib_a-locale.o)
                0x0000000008006d60                __locale_charset
 .text.__locale_mb_cur_max
                0x0000000008006d68        0xc /usr/bin/../lib/gcc/arm-none-eabi/4.9.3/../../../../arm-none-eabi/lib/armv7e-m/fpu/libc.a(lib_a-locale.o)
                0x0000000008006d68                __locale_mb_cur_max
 .text.__locale_msgcharset
                0x0000000008006d74        0x8 /usr/bin/../lib/gcc/arm-none-eabi/4.9.3/../../../../arm-none-eabi/lib/armv7e-m/fpu/libc.a(lib_a-locale.o)
                0x0000000008006d74                __locale_msgcharset
 .text.__locale_cjk_lang
                0x0000000008006d7c        0x4 /usr/bin/../lib/gcc/arm-none-eabi/4.9.3/../../../../arm-none-eabi/lib/armv7e-m/fpu/libc.a(lib_a-locale.o)
                0x0000000008006d7c                __locale_cjk_lang
 .text._localeconv_r
                0x0000000008006d80        0x8 /usr/bin/../lib/gcc/arm-none-eabi/4.9.3/../../../../arm-none-eabi/lib/armv7e-m/fpu/libc.a(lib_a-locale.o)
                0x0000000008006d80                _localeconv_r
 .text.setlocale
                0x0000000008006d88       0x10 /usr/bin/../lib/gcc/arm-none-eabi/4.9.3/../../../../arm-none-eabi/lib/armv7e-m/fpu/libc.a(lib_a-locale.o)
                0x0000000008006d88                setlocale
 .text.localeconv
                0x0000000008006d98        0x8 /usr/bin/../lib/gcc/arm-none-eabi/4.9.3/../../../../arm-none-eabi/lib/armv7e-m/fpu/libc.a(lib_a-locale.o)
                0x0000000008006d98                localeconv
 .text          0x0000000008006da0        0x0 /usr/bin/../lib/gcc/arm-none-eabi/4.9.3/../../../../arm-none-eabi/lib/armv7e-m/fpu/libc.a(lib_a-makebuf.o)
 .text.__smakebuf_r
                0x0000000008006da0       0xe0 /usr/bin/../lib/gcc/arm-none-eabi/4.9.3/../../../../arm-none-eabi/lib/armv7e-m/fpu/libc.a(lib_a-makebuf.o)
                0x0000000008006da0                __smakebuf_r
 .text          0x0000000008006e80        0x0 /usr/bin/../lib/gcc/arm-none-eabi/4.9.3/../../../../arm-none-eabi/lib/armv7e-m/fpu/libc.a(lib_a-mallocr.o)
 .text._malloc_r
                0x0000000008006e80      0x524 /usr/bin/../lib/gcc/arm-none-eabi/4.9.3/../../../../arm-none-eabi/lib/armv7e-m/fpu/libc.a(lib_a-mallocr.o)
                0x0000000008006e80                _malloc_r
 .text          0x00000000080073a4        0x0 /usr/bin/../lib/gcc/arm-none-eabi/4.9.3/../../../../arm-none-eabi/lib/armv7e-m/fpu/libc.a(lib_a-memchr.o)
 .text.memchr   0x00000000080073a4       0x94 /usr/bin/../lib/gcc/arm-none-eabi/4.9.3/../../../../arm-none-eabi/lib/armv7e-m/fpu/libc.a(lib_a-memchr.o)
                0x00000000080073a4                memchr
 .text          0x0000000008007438        0x0 /usr/bin/../lib/gcc/arm-none-eabi/4.9.3/../../../../arm-none-eabi/lib/armv7e-m/fpu/libc.a(lib_a-memmove.o)
 .text.memmove  0x0000000008007438       0xc8 /usr/bin/../lib/gcc/arm-none-eabi/4.9.3/../../../../arm-none-eabi/lib/armv7e-m/fpu/libc.a(lib_a-memmove.o)
                0x0000000008007438                memmove
 .text          0x0000000008007500        0x0 /usr/bin/../lib/gcc/arm-none-eabi/4.9.3/../../../../arm-none-eabi/lib/armv7e-m/fpu/libc.a(lib_a-mlock.o)
 .text.__malloc_lock
                0x0000000008007500        0x4 /usr/bin/../lib/gcc/arm-none-eabi/4.9.3/../../../../arm-none-eabi/lib/armv7e-m/fpu/libc.a(lib_a-mlock.o)
                0x0000000008007500                __malloc_lock
 .text.__malloc_unlock
                0x0000000008007504        0x4 /usr/bin/../lib/gcc/arm-none-eabi/4.9.3/../../../../arm-none-eabi/lib/armv7e-m/fpu/libc.a(lib_a-mlock.o)
                0x0000000008007504                __malloc_unlock
 .text          0x0000000008007508        0x0 /usr/bin/../lib/gcc/arm-none-eabi/4.9.3/../../../../arm-none-eabi/lib/armv7e-m/fpu/libc.a(lib_a-mprec.o)
 .text._Balloc  0x0000000008007508       0x4c /usr/bin/../lib/gcc/arm-none-eabi/4.9.3/../../../../arm-none-eabi/lib/armv7e-m/fpu/libc.a(lib_a-mprec.o)
                0x0000000008007508                _Balloc
 .text._Bfree   0x0000000008007554       0x14 /usr/bin/../lib/gcc/arm-none-eabi/4.9.3/../../../../arm-none-eabi/lib/armv7e-m/fpu/libc.a(lib_a-mprec.o)
                0x0000000008007554                _Bfree
 .text.__multadd
                0x0000000008007568       0x84 /usr/bin/../lib/gcc/arm-none-eabi/4.9.3/../../../../arm-none-eabi/lib/armv7e-m/fpu/libc.a(lib_a-mprec.o)
                0x0000000008007568                __multadd
 .text.__s2b    0x00000000080075ec       0x98 /usr/bin/../lib/gcc/arm-none-eabi/4.9.3/../../../../arm-none-eabi/lib/armv7e-m/fpu/libc.a(lib_a-mprec.o)
                0x00000000080075ec                __s2b
 .text.__hi0bits
                0x0000000008007684       0x40 /usr/bin/../lib/gcc/arm-none-eabi/4.9.3/../../../../arm-none-eabi/lib/armv7e-m/fpu/libc.a(lib_a-mprec.o)
                0x0000000008007684                __hi0bits
 .text.__lo0bits
                0x00000000080076c4       0x5c /usr/bin/../lib/gcc/arm-none-eabi/4.9.3/../../../../arm-none-eabi/lib/armv7e-m/fpu/libc.a(lib_a-mprec.o)
                0x00000000080076c4                __lo0bits
 .text.__i2b    0x0000000008007720       0x14 /usr/bin/../lib/gcc/arm-none-eabi/4.9.3/../../../../arm-none-eabi/lib/armv7e-m/fpu/libc.a(lib_a-mprec.o)
                0x0000000008007720                __i2b
 .text.__multiply
                0x0000000008007734      0x134 /usr/bin/../lib/gcc/arm-none-eabi/4.9.3/../../../../arm-none-eabi/lib/armv7e-m/fpu/libc.a(lib_a-mprec.o)
                0x0000000008007734                __multiply
 .text.__pow5mult
                0x0000000008007868       0xa0 /usr/bin/../lib/gcc/arm-none-eabi/4.9.3/../../../../arm-none-eabi/lib/armv7e-m/fpu/libc.a(lib_a-mprec.o)
                0x0000000008007868                __pow5mult
 .text.__lshift
                0x0000000008007908       0xac /usr/bin/../lib/gcc/arm-none-eabi/4.9.3/../../../../arm-none-eabi/lib/armv7e-m/fpu/libc.a(lib_a-mprec.o)
                0x0000000008007908                __lshift
 .text.__mcmp   0x00000000080079b4       0x48 /usr/bin/../lib/gcc/arm-none-eabi/4.9.3/../../../../arm-none-eabi/lib/armv7e-m/fpu/libc.a(lib_a-mprec.o)
                0x00000000080079b4                __mcmp
 .text.__mdiff  0x00000000080079fc       0xd4 /usr/bin/../lib/gcc/arm-none-eabi/4.9.3/../../../../arm-none-eabi/lib/armv7e-m/fpu/libc.a(lib_a-mprec.o)
                0x00000000080079fc                __mdiff
 .text.__ulp    0x0000000008007ad0       0x50 /usr/bin/../lib/gcc/arm-none-eabi/4.9.3/../../../../arm-none-eabi/lib/armv7e-m/fpu/libc.a(lib_a-mprec.o)
                0x0000000008007ad0                __ulp
 .text.__b2d    0x0000000008007b20       0xc4 /usr/bin/../lib/gcc/arm-none-eabi/4.9.3/../../../../arm-none-eabi/lib/armv7e-m/fpu/libc.a(lib_a-mprec.o)
                0x0000000008007b20                __b2d
 .text.__d2b    0x0000000008007be4       0xbc /usr/bin/../lib/gcc/arm-none-eabi/4.9.3/../../../../arm-none-eabi/lib/armv7e-m/fpu/libc.a(lib_a-mprec.o)
                0x0000000008007be4                __d2b
 .text.__ratio  0x0000000008007ca0       0x60 /usr/bin/../lib/gcc/arm-none-eabi/4.9.3/../../../../arm-none-eabi/lib/armv7e-m/fpu/libc.a(lib_a-mprec.o)
                0x0000000008007ca0                __ratio
 .text._mprec_log10
                0x0000000008007d00       0x38 /usr/bin/../lib/gcc/arm-none-eabi/4.9.3/../../../../arm-none-eabi/lib/armv7e-m/fpu/libc.a(lib_a-mprec.o)
                0x0000000008007d00                _mprec_log10
 .text.__copybits
                0x0000000008007d38       0x48 /usr/bin/../lib/gcc/arm-none-eabi/4.9.3/../../../../arm-none-eabi/lib/armv7e-m/fpu/libc.a(lib_a-mprec.o)
                0x0000000008007d38                __copybits
 .text.__any_on
                0x0000000008007d80       0x60 /usr/bin/../lib/gcc/arm-none-eabi/4.9.3/../../../../arm-none-eabi/lib/armv7e-m/fpu/libc.a(lib_a-mprec.o)
                0x0000000008007d80                __any_on
 .text          0x0000000008007de0        0x0 /usr/bin/../lib/gcc/arm-none-eabi/4.9.3/../../../../arm-none-eabi/lib/armv7e-m/fpu/libc.a(lib_a-reallocr.o)
 .text._realloc_r
                0x0000000008007de0      0x3ec /usr/bin/../lib/gcc/arm-none-eabi/4.9.3/../../../../arm-none-eabi/lib/armv7e-m/fpu/libc.a(lib_a-reallocr.o)
                0x0000000008007de0                _realloc_r
 .text          0x00000000080081cc        0x0 /usr/bin/../lib/gcc/arm-none-eabi/4.9.3/../../../../arm-none-eabi/lib/armv7e-m/fpu/libc.a(lib_a-s_fpclassify.o)
 .text.__fpclassifyd
                0x00000000080081cc       0x5c /usr/bin/../lib/gcc/arm-none-eabi/4.9.3/../../../../arm-none-eabi/lib/armv7e-m/fpu/libc.a(lib_a-s_fpclassify.o)
                0x00000000080081cc                __fpclassifyd
 .text          0x0000000008008228        0x0 /usr/bin/../lib/gcc/arm-none-eabi/4.9.3/../../../../arm-none-eabi/lib/armv7e-m/fpu/libc.a(lib_a-sbrkr.o)
 .text._sbrk_r  0x0000000008008228       0x24 /usr/bin/../lib/gcc/arm-none-eabi/4.9.3/../../../../arm-none-eabi/lib/armv7e-m/fpu/libc.a(lib_a-sbrkr.o)
                0x0000000008008228                _sbrk_r
 .text          0x000000000800824c        0x0 /usr/bin/../lib/gcc/arm-none-eabi/4.9.3/../../../../arm-none-eabi/lib/armv7e-m/fpu/libc.a(lib_a-stdio.o)
 .text.__sread  0x000000000800824c       0x24 /usr/bin/../lib/gcc/arm-none-eabi/4.9.3/../../../../arm-none-eabi/lib/armv7e-m/fpu/libc.a(lib_a-stdio.o)
                0x000000000800824c                __sread
 .text.__seofread
                0x0000000008008270        0x4 /usr/bin/../lib/gcc/arm-none-eabi/4.9.3/../../../../arm-none-eabi/lib/armv7e-m/fpu/libc.a(lib_a-stdio.o)
                0x0000000008008270                __seofread
 .text.__swrite
                0x0000000008008274       0x38 /usr/bin/../lib/gcc/arm-none-eabi/4.9.3/../../../../arm-none-eabi/lib/armv7e-m/fpu/libc.a(lib_a-stdio.o)
                0x0000000008008274                __swrite
 .text.__sseek  0x00000000080082ac       0x20 /usr/bin/../lib/gcc/arm-none-eabi/4.9.3/../../../../arm-none-eabi/lib/armv7e-m/fpu/libc.a(lib_a-stdio.o)
                0x00000000080082ac                __sseek
 .text.__sclose
                0x00000000080082cc        0x8 /usr/bin/../lib/gcc/arm-none-eabi/4.9.3/../../../../arm-none-eabi/lib/armv7e-m/fpu/libc.a(lib_a-stdio.o)
                0x00000000080082cc                __sclose
 *fill*         0x00000000080082d4        0xc 
 .text          0x00000000080082e0      0x2dc /usr/bin/../lib/gcc/arm-none-eabi/4.9.3/../../../../arm-none-eabi/lib/armv7e-m/fpu/libc.a(lib_a-strcmp.o)
                0x00000000080082e8                strcmp
 .text          0x00000000080085bc        0x0 /usr/bin/../lib/gcc/arm-none-eabi/4.9.3/../../../../arm-none-eabi/lib/armv7e-m/fpu/libc.a(lib_a-vfiprintf.o)
 .text.__sprint_r.part.0
                0x00000000080085bc       0x78 /usr/bin/../lib/gcc/arm-none-eabi/4.9.3/../../../../arm-none-eabi/lib/armv7e-m/fpu/libc.a(lib_a-vfiprintf.o)
 .text.__sprint_r
                0x0000000008008634       0x18 /usr/bin/../lib/gcc/arm-none-eabi/4.9.3/../../../../arm-none-eabi/lib/armv7e-m/fpu/libc.a(lib_a-vfiprintf.o)
                0x0000000008008634                __sprint_r
 .text._vfiprintf_r
                0x000000000800864c      0xc10 /usr/bin/../lib/gcc/arm-none-eabi/4.9.3/../../../../arm-none-eabi/lib/armv7e-m/fpu/libc.a(lib_a-vfiprintf.o)
                0x000000000800864c                _vfiprintf_r
 .text.vfiprintf
                0x000000000800925c       0x18 /usr/bin/../lib/gcc/arm-none-eabi/4.9.3/../../../../arm-none-eabi/lib/armv7e-m/fpu/libc.a(lib_a-vfiprintf.o)
                0x000000000800925c                vfiprintf
 .text.__sbprintf
                0x0000000008009274       0x78 /usr/bin/../lib/gcc/arm-none-eabi/4.9.3/../../../../arm-none-eabi/lib/armv7e-m/fpu/libc.a(lib_a-vfiprintf.o)
 .text          0x00000000080092ec        0x0 /usr/bin/../lib/gcc/arm-none-eabi/4.9.3/../../../../arm-none-eabi/lib/armv7e-m/fpu/libc.a(lib_a-writer.o)
 .text._write_r
                0x00000000080092ec       0x28 /usr/bin/../lib/gcc/arm-none-eabi/4.9.3/../../../../arm-none-eabi/lib/armv7e-m/fpu/libc.a(lib_a-writer.o)
                0x00000000080092ec                _write_r
 .text          0x0000000008009314        0x0 /usr/bin/../lib/gcc/arm-none-eabi/4.9.3/../../../../arm-none-eabi/lib/armv7e-m/fpu/libc.a(lib_a-__atexit.o)
 .text.__register_exitproc
                0x0000000008009314       0xa4 /usr/bin/../lib/gcc/arm-none-eabi/4.9.3/../../../../arm-none-eabi/lib/armv7e-m/fpu/libc.a(lib_a-__atexit.o)
                0x0000000008009314                __register_exitproc
 .text          0x00000000080093b8        0x0 /usr/bin/../lib/gcc/arm-none-eabi/4.9.3/../../../../arm-none-eabi/lib/armv7e-m/fpu/libc.a(lib_a-callocr.o)
 .text._calloc_r
                0x00000000080093b8       0x60 /usr/bin/../lib/gcc/arm-none-eabi/4.9.3/../../../../arm-none-eabi/lib/armv7e-m/fpu/libc.a(lib_a-callocr.o)
                0x00000000080093b8                _calloc_r
 .text          0x0000000008009418        0x0 /usr/bin/../lib/gcc/arm-none-eabi/4.9.3/../../../../arm-none-eabi/lib/armv7e-m/fpu/libc.a(lib_a-closer.o)
 .text._close_r
                0x0000000008009418       0x24 /usr/bin/../lib/gcc/arm-none-eabi/4.9.3/../../../../arm-none-eabi/lib/armv7e-m/fpu/libc.a(lib_a-closer.o)
                0x0000000008009418                _close_r
 .text          0x000000000800943c        0x0 /usr/bin/../lib/gcc/arm-none-eabi/4.9.3/../../../../arm-none-eabi/lib/armv7e-m/fpu/libc.a(lib_a-fclose.o)
 .text._fclose_r
                0x000000000800943c       0x84 /usr/bin/../lib/gcc/arm-none-eabi/4.9.3/../../../../arm-none-eabi/lib/armv7e-m/fpu/libc.a(lib_a-fclose.o)
                0x000000000800943c                _fclose_r
 .text.fclose   0x00000000080094c0       0x10 /usr/bin/../lib/gcc/arm-none-eabi/4.9.3/../../../../arm-none-eabi/lib/armv7e-m/fpu/libc.a(lib_a-fclose.o)
                0x00000000080094c0                fclose
 .text          0x00000000080094d0        0x0 /usr/bin/../lib/gcc/arm-none-eabi/4.9.3/../../../../arm-none-eabi/lib/armv7e-m/fpu/libc.a(lib_a-fputwc.o)
 .text.__fputwc
                0x00000000080094d0       0xb0 /usr/bin/../lib/gcc/arm-none-eabi/4.9.3/../../../../arm-none-eabi/lib/armv7e-m/fpu/libc.a(lib_a-fputwc.o)
                0x00000000080094d0                __fputwc
 .text._fputwc_r
                0x0000000008009580       0x24 /usr/bin/../lib/gcc/arm-none-eabi/4.9.3/../../../../arm-none-eabi/lib/armv7e-m/fpu/libc.a(lib_a-fputwc.o)
                0x0000000008009580                _fputwc_r
 .text.fputwc   0x00000000080095a4       0x28 /usr/bin/../lib/gcc/arm-none-eabi/4.9.3/../../../../arm-none-eabi/lib/armv7e-m/fpu/libc.a(lib_a-fputwc.o)
                0x00000000080095a4                fputwc
 .text          0x00000000080095cc        0x0 /usr/bin/../lib/gcc/arm-none-eabi/4.9.3/../../../../arm-none-eabi/lib/armv7e-m/fpu/libc.a(lib_a-fstatr.o)
 .text._fstat_r
                0x00000000080095cc       0x28 /usr/bin/../lib/gcc/arm-none-eabi/4.9.3/../../../../arm-none-eabi/lib/armv7e-m/fpu/libc.a(lib_a-fstatr.o)
                0x00000000080095cc                _fstat_r
 .text          0x00000000080095f4        0x0 /usr/bin/../lib/gcc/arm-none-eabi/4.9.3/../../../../arm-none-eabi/lib/armv7e-m/fpu/libc.a(lib_a-isattyr.o)
 .text._isatty_r
                0x00000000080095f4       0x24 /usr/bin/../lib/gcc/arm-none-eabi/4.9.3/../../../../arm-none-eabi/lib/armv7e-m/fpu/libc.a(lib_a-isattyr.o)
                0x00000000080095f4                _isatty_r
 .text          0x0000000008009618        0x0 /usr/bin/../lib/gcc/arm-none-eabi/4.9.3/../../../../arm-none-eabi/lib/armv7e-m/fpu/libc.a(lib_a-lseekr.o)
 .text._lseek_r
                0x0000000008009618       0x28 /usr/bin/../lib/gcc/arm-none-eabi/4.9.3/../../../../arm-none-eabi/lib/armv7e-m/fpu/libc.a(lib_a-lseekr.o)
                0x0000000008009618                _lseek_r
 .text          0x0000000008009640        0x0 /usr/bin/../lib/gcc/arm-none-eabi/4.9.3/../../../../arm-none-eabi/lib/armv7e-m/fpu/libc.a(lib_a-readr.o)
 .text._read_r  0x0000000008009640       0x28 /usr/bin/../lib/gcc/arm-none-eabi/4.9.3/../../../../arm-none-eabi/lib/armv7e-m/fpu/libc.a(lib_a-readr.o)
                0x0000000008009640                _read_r
 .text          0x0000000008009668        0x0 /usr/bin/../lib/gcc/arm-none-eabi/4.9.3/../../../../arm-none-eabi/lib/armv7e-m/fpu/libc.a(lib_a-reent.o)
 .text.cleanup_glue
                0x0000000008009668       0x1c /usr/bin/../lib/gcc/arm-none-eabi/4.9.3/../../../../arm-none-eabi/lib/armv7e-m/fpu/libc.a(lib_a-reent.o)
                0x0000000008009668                cleanup_glue
 .text._reclaim_reent
                0x0000000008009684       0x88 /usr/bin/../lib/gcc/arm-none-eabi/4.9.3/../../../../arm-none-eabi/lib/armv7e-m/fpu/libc.a(lib_a-reent.o)
                0x0000000008009684                _reclaim_reent
 .text          0x000000000800970c        0x0 /usr/bin/../lib/gcc/arm-none-eabi/4.9.3/../../../../arm-none-eabi/lib/armv7e-m/fpu/libc.a(lib_a-wbuf.o)
 .text.__swbuf_r
                0x000000000800970c       0xa8 /usr/bin/../lib/gcc/arm-none-eabi/4.9.3/../../../../arm-none-eabi/lib/armv7e-m/fpu/libc.a(lib_a-wbuf.o)
                0x000000000800970c                __swbuf_r
 .text.__swbuf  0x00000000080097b4       0x10 /usr/bin/../lib/gcc/arm-none-eabi/4.9.3/../../../../arm-none-eabi/lib/armv7e-m/fpu/libc.a(lib_a-wbuf.o)
                0x00000000080097b4                __swbuf
 .text          0x00000000080097c4        0x0 /usr/bin/../lib/gcc/arm-none-eabi/4.9.3/../../../../arm-none-eabi/lib/armv7e-m/fpu/libc.a(lib_a-wcrtomb.o)
 .text._wcrtomb_r
                0x00000000080097c4       0x54 /usr/bin/../lib/gcc/arm-none-eabi/4.9.3/../../../../arm-none-eabi/lib/armv7e-m/fpu/libc.a(lib_a-wcrtomb.o)
                0x00000000080097c4                _wcrtomb_r
 .text.wcrtomb  0x0000000008009818       0x58 /usr/bin/../lib/gcc/arm-none-eabi/4.9.3/../../../../arm-none-eabi/lib/armv7e-m/fpu/libc.a(lib_a-wcrtomb.o)
                0x0000000008009818                wcrtomb
 .text          0x0000000008009870        0x0 /usr/bin/../lib/gcc/arm-none-eabi/4.9.3/../../../../arm-none-eabi/lib/armv7e-m/fpu/libc.a(lib_a-wctomb_r.o)
 .text.__ascii_wctomb
                0x0000000008009870       0x1c /usr/bin/../lib/gcc/arm-none-eabi/4.9.3/../../../../arm-none-eabi/lib/armv7e-m/fpu/libc.a(lib_a-wctomb_r.o)
                0x0000000008009870                __ascii_wctomb
 .text._wctomb_r
                0x000000000800988c       0x30 /usr/bin/../lib/gcc/arm-none-eabi/4.9.3/../../../../arm-none-eabi/lib/armv7e-m/fpu/libc.a(lib_a-wctomb_r.o)
                0x000000000800988c                _wctomb_r
 .text          0x00000000080098bc      0x370 /usr/bin/../lib/gcc/arm-none-eabi/4.9.3/armv7e-m/fpu/libgcc.a(_arm_addsubdf3.o)
                0x00000000080098bc                __aeabi_drsub
                0x00000000080098c4                __aeabi_dsub
                0x00000000080098c4                __subdf3
                0x00000000080098c8                __adddf3
                0x00000000080098c8                __aeabi_dadd
                0x0000000008009b40                __aeabi_ui2d
                0x0000000008009b40                __floatunsidf
                0x0000000008009b60                __floatsidf
                0x0000000008009b60                __aeabi_i2d
                0x0000000008009b84                __extendsfdf2
                0x0000000008009b84                __aeabi_f2d
                0x0000000008009bc0                __aeabi_ul2d
                0x0000000008009bc0                __floatundidf
                0x0000000008009bd0                __floatdidf
                0x0000000008009bd0                __aeabi_l2d
 .text          0x0000000008009c2c      0x424 /usr/bin/../lib/gcc/arm-none-eabi/4.9.3/armv7e-m/fpu/libgcc.a(_arm_muldivdf3.o)
                0x0000000008009c2c                __aeabi_dmul
                0x0000000008009c2c                __muldf3
                0x0000000008009e80                __aeabi_ddiv
                0x0000000008009e80                __divdf3
 .text          0x000000000800a050      0x110 /usr/bin/../lib/gcc/arm-none-eabi/4.9.3/armv7e-m/fpu/libgcc.a(_arm_cmpdf2.o)
                0x000000000800a050                __gtdf2
                0x000000000800a050                __gedf2
                0x000000000800a058                __ltdf2
                0x000000000800a058                __ledf2
                0x000000000800a060                __cmpdf2
                0x000000000800a060                __eqdf2
                0x000000000800a060                __nedf2
                0x000000000800a0dc                __aeabi_cdrcmple
                0x000000000800a0ec                __aeabi_cdcmple
                0x000000000800a0ec                __aeabi_cdcmpeq
                0x000000000800a0fc                __aeabi_dcmpeq
                0x000000000800a110                __aeabi_dcmplt
                0x000000000800a124                __aeabi_dcmple
                0x000000000800a138                __aeabi_dcmpge
                0x000000000800a14c                __aeabi_dcmpgt
 .text          0x000000000800a160       0x50 /usr/bin/../lib/gcc/arm-none-eabi/4.9.3/armv7e-m/fpu/libgcc.a(_arm_fixdfsi.o)
                0x000000000800a160                __fixdfsi
                0x000000000800a160                __aeabi_d2iz
 .text          0x000000000800a1b0       0x30 /usr/bin/../lib/gcc/arm-none-eabi/4.9.3/armv7e-m/fpu/libgcc.a(_aeabi_uldivmod.o)
                0x000000000800a1b0                __aeabi_uldivmod
 .text          0x000000000800a1e0       0x60 /usr/bin/../lib/gcc/arm-none-eabi/4.9.3/armv7e-m/fpu/libgcc.a(bpabi.o)
                0x000000000800a1e0                __gnu_ldivmod_helper
                0x000000000800a210                __gnu_uldivmod_helper
 .text          0x000000000800a240        0x4 /usr/bin/../lib/gcc/arm-none-eabi/4.9.3/armv7e-m/fpu/libgcc.a(_dvmd_tls.o)
                0x000000000800a240                __aeabi_ldiv0
                0x000000000800a240                __aeabi_idiv0
 .text          0x000000000800a244      0x29c /usr/bin/../lib/gcc/arm-none-eabi/4.9.3/armv7e-m/fpu/libgcc.a(_divdi3.o)
                0x000000000800a244                __divdi3
 .text          0x000000000800a4e0      0x26c /usr/bin/../lib/gcc/arm-none-eabi/4.9.3/armv7e-m/fpu/libgcc.a(_udivdi3.o)
                0x000000000800a4e0                __udivdi3
 .text          0x000000000800a74c        0x0 /usr/bin/../lib/gcc/arm-none-eabi/4.9.3/armv7e-m/fpu/crtend.o
 .text          0x000000000800a74c        0x0 /usr/bin/../lib/gcc/arm-none-eabi/4.9.3/armv7e-m/fpu/crtn.o
 *(.glue_7)
 .glue_7        0x0000000000000000        0x0 linker stubs
 *(.glue_7t)
 .glue_7t       0x0000000000000000        0x0 linker stubs
 *(.rodata .rodata* .gnu.linkonce.r*)
 .rodata.str1.4
                0x000000000800a74c       0x17 bin/leds.o
 *fill*         0x000000000800a763        0x1 
 .rodata.str1.4
                0x000000000800a764       0xd0 bin/enet.o
 .rodata.g_eth_src_mac
                0x000000000800a834        0x6 bin/enet.o
 *fill*         0x000000000800a83a        0x2 
 .rodata.str1.4
                0x000000000800a83c      0x146 bin/dmxl.o
 *fill*         0x000000000800a982        0x2 
 .rodata        0x000000000800a984        0x6 bin/tactile.o
 *fill*         0x000000000800a98a        0x2 
 .rodata.g_tactile_sensors_per_port
                0x000000000800a98c        0x4 bin/tactile.o
 .rodata.g_tactile_palm_addrs
                0x000000000800a990        0xb bin/tactile.o
 *fill*         0x000000000800a99b        0x1 
 .rodata.str1.4
                0x000000000800a99c       0x56 bin/tactile.o
 *fill*         0x000000000800a9f2        0x2 
 .rodata.g_tactile_finger_addrs
                0x000000000800a9f4        0x9 bin/tactile.o
 *fill*         0x000000000800a9fd        0x3 
 .rodata.poll_targets
                0x000000000800aa00       0x6c bin/async_poll.o
 .rodata.errSequence
                0x000000000800aa6c       0x60 bin/error.o
 .rodata.str1.4
                0x000000000800aacc        0x2 /usr/bin/../lib/gcc/arm-none-eabi/4.9.3/../../../../arm-none-eabi/lib/armv7e-m/fpu/libc.a(lib_a-impure.o)
 *fill*         0x000000000800aace        0x2 
 .rodata._global_impure_ptr
                0x000000000800aad0        0x4 /usr/bin/../lib/gcc/arm-none-eabi/4.9.3/../../../../arm-none-eabi/lib/armv7e-m/fpu/libc.a(lib_a-impure.o)
                0x000000000800aad0                _global_impure_ptr
 .rodata.str1.4
                0x0000000000000000        0x2 /usr/bin/../lib/gcc/arm-none-eabi/4.9.3/../../../../arm-none-eabi/lib/armv7e-m/fpu/libc.a(lib_a-puts.o)
 .rodata.zeroes.6926
                0x000000000800aad4       0x10 /usr/bin/../lib/gcc/arm-none-eabi/4.9.3/../../../../arm-none-eabi/lib/armv7e-m/fpu/libc.a(lib_a-vfprintf.o)
 .rodata.str1.4
                0x000000000800aae4       0x42 /usr/bin/../lib/gcc/arm-none-eabi/4.9.3/../../../../arm-none-eabi/lib/armv7e-m/fpu/libc.a(lib_a-vfprintf.o)
 *fill*         0x000000000800ab26        0x2 
 .rodata.blanks.6925
                0x000000000800ab28       0x10 /usr/bin/../lib/gcc/arm-none-eabi/4.9.3/../../../../arm-none-eabi/lib/armv7e-m/fpu/libc.a(lib_a-vfprintf.o)
 .rodata.str1.4
                0x000000000800ab38       0x10 /usr/bin/../lib/gcc/arm-none-eabi/4.9.3/../../../../arm-none-eabi/lib/armv7e-m/fpu/libc.a(lib_a-dtoa.o)
                                         0x12 (size before relaxing)
 .rodata.str1.4
                0x000000000800ab48        0xc /usr/bin/../lib/gcc/arm-none-eabi/4.9.3/../../../../arm-none-eabi/lib/armv7e-m/fpu/libc.a(lib_a-locale.o)
                                         0x12 (size before relaxing)
 *fill*         0x000000000800ab54        0x4 
 .rodata.__mprec_tens
                0x000000000800ab58       0xc8 /usr/bin/../lib/gcc/arm-none-eabi/4.9.3/../../../../arm-none-eabi/lib/armv7e-m/fpu/libc.a(lib_a-mprec.o)
                0x000000000800ab58                __mprec_tens
 .rodata.p05.5302
                0x000000000800ac20        0xc /usr/bin/../lib/gcc/arm-none-eabi/4.9.3/../../../../arm-none-eabi/lib/armv7e-m/fpu/libc.a(lib_a-mprec.o)
 *fill*         0x000000000800ac2c        0x4 
 .rodata.__mprec_bigtens
                0x000000000800ac30       0x28 /usr/bin/../lib/gcc/arm-none-eabi/4.9.3/../../../../arm-none-eabi/lib/armv7e-m/fpu/libc.a(lib_a-mprec.o)
                0x000000000800ac30                __mprec_bigtens
 .rodata.__mprec_tinytens
                0x000000000800ac58       0x28 /usr/bin/../lib/gcc/arm-none-eabi/4.9.3/../../../../arm-none-eabi/lib/armv7e-m/fpu/libc.a(lib_a-mprec.o)
                0x000000000800ac58                __mprec_tinytens
 .rodata.zeroes.6869
                0x000000000800ac80       0x10 /usr/bin/../lib/gcc/arm-none-eabi/4.9.3/../../../../arm-none-eabi/lib/armv7e-m/fpu/libc.a(lib_a-vfiprintf.o)
 .rodata.str1.4
                0x0000000000000000       0x2f /usr/bin/../lib/gcc/arm-none-eabi/4.9.3/../../../../arm-none-eabi/lib/armv7e-m/fpu/libc.a(lib_a-vfiprintf.o)
 .rodata.blanks.6868
                0x000000000800ac90       0x10 /usr/bin/../lib/gcc/arm-none-eabi/4.9.3/../../../../arm-none-eabi/lib/armv7e-m/fpu/libc.a(lib_a-vfiprintf.o)
                0x000000000800aca0                . = ALIGN (0x4)
 *(.init)
 .init          0x000000000800aca0        0x4 /usr/bin/../lib/gcc/arm-none-eabi/4.9.3/armv7e-m/fpu/crti.o
                0x000000000800aca0                _init
 .init          0x000000000800aca4        0x8 /usr/bin/../lib/gcc/arm-none-eabi/4.9.3/armv7e-m/fpu/crtn.o
                0x000000000800acac                . = ALIGN (0x4)
                0x000000000800acac                __preinit_array_start = .
 *(.preinit_array)
                0x000000000800acac                __preinit_array_end = .
                0x000000000800acac                . = ALIGN (0x4)
                0x000000000800acac                __init_array_start = .
 *(SORT(.init_array.*))
 .init_array.00000
                0x000000000800acac        0x4 /usr/bin/../lib/gcc/arm-none-eabi/4.9.3/../../../../arm-none-eabi/lib/armv7e-m/fpu/libc.a(lib_a-__call_atexit.o)
 *(.init_array)
 .init_array    0x000000000800acb0        0x4 /usr/bin/../lib/gcc/arm-none-eabi/4.9.3/armv7e-m/fpu/crtbegin.o
                0x000000000800acb4                __init_array_end = .
                0x000000000800acb4                . = ALIGN (0x4)
 *(.fini)
 .fini          0x000000000800acb4        0x4 /usr/bin/../lib/gcc/arm-none-eabi/4.9.3/armv7e-m/fpu/crti.o
                0x000000000800acb4                _fini
 .fini          0x000000000800acb8        0x8 /usr/bin/../lib/gcc/arm-none-eabi/4.9.3/armv7e-m/fpu/crtn.o
                0x000000000800acc0                . = ALIGN (0x4)
                0x000000000800acc0                __fini_array_start = .
 *(SORT(.fini_array.*))
 *(.fini_array)
 .fini_array    0x000000000800acc0        0x4 /usr/bin/../lib/gcc/arm-none-eabi/4.9.3/armv7e-m/fpu/crtbegin.o
                0x000000000800acc4                __fini_array_end = .
                0x000000000800acc4                . = ALIGN (0x4)
 *crtbegin.o(.ctors)
 *(EXCLUDE_FILE(*crtend.o) .ctors)
 *(SORT(.ctors.*))
 *crtend.o(.ctors)
                0x000000000800acc4                . = ALIGN (0x4)
 *crtbegin.o(.dtors)
 *(EXCLUDE_FILE(*crtend.o) .dtors)
 *(SORT(.dtors.*))
 *crtend.o(.dtors)

.vfp11_veneer   0x000000000800acc4        0x0
 .vfp11_veneer  0x0000000000000000        0x0 linker stubs

.v4_bx          0x000000000800acc4        0x0
 .v4_bx         0x0000000000000000        0x0 linker stubs

.iplt           0x000000000800acc4        0x0
 .iplt          0x0000000000000000        0x0 /usr/bin/../lib/gcc/arm-none-eabi/4.9.3/armv7e-m/fpu/crtbegin.o
                0x000000000800acc4                . = ALIGN (0x4)

.ARM.extab      0x000000000800acc4        0x0
 *(.ARM.extab* .gnu.linkonce.armextab.*)
 .ARM.extab     0x000000000800acc4        0x0 /usr/bin/../lib/gcc/arm-none-eabi/4.9.3/../../../../arm-none-eabi/lib/armv7e-m/fpu/crt0.o
 .ARM.extab     0x000000000800acc4        0x0 /usr/bin/../lib/gcc/arm-none-eabi/4.9.3/armv7e-m/fpu/libgcc.a(_divdi3.o)
 .ARM.extab     0x000000000800acc4        0x0 /usr/bin/../lib/gcc/arm-none-eabi/4.9.3/armv7e-m/fpu/libgcc.a(_udivdi3.o)

.eh_frame       0x000000000800acc4       0x74
 .eh_frame      0x000000000800acc4        0x0 /usr/bin/../lib/gcc/arm-none-eabi/4.9.3/armv7e-m/fpu/crtbegin.o
 .eh_frame      0x000000000800acc4       0x70 /usr/bin/../lib/gcc/arm-none-eabi/4.9.3/../../../../arm-none-eabi/lib/armv7e-m/fpu/libc.a(lib_a-strcmp.o)
 .eh_frame      0x000000000800ad34        0x4 /usr/bin/../lib/gcc/arm-none-eabi/4.9.3/armv7e-m/fpu/crtend.o

.jcr            0x000000000800ad38        0x4
 .jcr           0x000000000800ad38        0x0 /usr/bin/../lib/gcc/arm-none-eabi/4.9.3/armv7e-m/fpu/crtbegin.o
 .jcr           0x000000000800ad38        0x4 /usr/bin/../lib/gcc/arm-none-eabi/4.9.3/armv7e-m/fpu/crtend.o

.igot.plt       0x000000000800ad3c        0x0
 .igot.plt      0x0000000000000000        0x0 /usr/bin/../lib/gcc/arm-none-eabi/4.9.3/armv7e-m/fpu/crtbegin.o

.ARM.exidx      0x000000000800ad3c        0x8
                0x000000000800ad3c                __exidx_start = .
 *(.ARM.exidx* .gnu.linkonce.armexidx.*)
 .ARM.exidx     0x000000000800ad3c        0x8 /usr/bin/../lib/gcc/arm-none-eabi/4.9.3/../../../../arm-none-eabi/lib/armv7e-m/fpu/crt0.o
 .ARM.exidx     0x000000000800ad44        0x0 /usr/bin/../lib/gcc/arm-none-eabi/4.9.3/armv7e-m/fpu/libgcc.a(_divdi3.o)
                                          0x8 (size before relaxing)
 .ARM.exidx     0x000000000800ad44        0x0 /usr/bin/../lib/gcc/arm-none-eabi/4.9.3/armv7e-m/fpu/libgcc.a(_udivdi3.o)
                                          0x8 (size before relaxing)
                0x000000000800ad44                __exidx_end = .
                0x000000000800ad44                _srelocate_flash = .

.rel.dyn        0x000000000800ad44        0x0
 .rel.iplt      0x0000000000000000        0x0 /usr/bin/../lib/gcc/arm-none-eabi/4.9.3/armv7e-m/fpu/crtbegin.o

.relocate       0x0000000020000000      0x93c load address 0x000000000800ad44
                0x0000000020000000                . = ALIGN (0x4)
                0x0000000020000000                _srelocate = .
 *(.ramfunc .ramfunc.*)
 *(.data .data.*)
 .data          0x0000000020000000        0x0 /usr/bin/../lib/gcc/arm-none-eabi/4.9.3/armv7e-m/fpu/crti.o
 .data          0x0000000020000000        0x4 /usr/bin/../lib/gcc/arm-none-eabi/4.9.3/armv7e-m/fpu/crtbegin.o
                0x0000000020000000                __dso_handle
 .data          0x0000000020000004        0x0 /usr/bin/../lib/gcc/arm-none-eabi/4.9.3/../../../../arm-none-eabi/lib/armv7e-m/fpu/crt0.o
 .data          0x0000000020000004        0x0 bin/main.o
 .data          0x0000000020000004        0x0 bin/startup.o
 .data          0x0000000020000004        0x0 bin/i2cFunc.o
 .data          0x0000000020000004        0x0 bin/spiFunc.o
 .data          0x0000000020000004        0x0 bin/leds.o
 .data          0x0000000020000004        0x0 bin/console.o
 .data          0x0000000020000004        0x0 bin/stubs.o
 .data          0x0000000020000004        0x0 bin/enet.o
 .data.g_eth_dma_tx_next_desc
                0x0000000020000004        0x4 bin/enet.o
 .data.g_eth_dma_rx_next_desc
                0x0000000020000008        0x4 bin/enet.o
 .data          0x000000002000000c        0x0 bin/systime.o
 .data          0x000000002000000c        0x0 bin/dmxl.o
 .data.g_dmxl_ports
                0x000000002000000c       0x60 bin/dmxl.o
 .data.dmxl_poll_states
                0x000000002000006c       0x10 bin/dmxl.o
                0x000000002000006c                dmxl_poll_states
 .data          0x000000002000007c        0x0 bin/fan.o
 .data          0x000000002000007c        0x0 bin/tactile.o
 .data          0x000000002000007c        0x0 bin/pin.o
 .data          0x000000002000007c        0x0 bin/enc.o
 .data.enc_poll_state
                0x000000002000007c        0x4 bin/enc.o
                0x000000002000007c                enc_poll_state
 .data          0x0000000020000080        0x0 bin/state.o
 .data          0x0000000020000080        0x0 bin/async_poll.o
 .data          0x0000000020000080        0x0 bin/delay.o
 .data          0x0000000020000080        0x0 bin/error.o
 .data          0x0000000020000080        0x0 /usr/bin/../lib/gcc/arm-none-eabi/4.9.3/../../../../arm-none-eabi/lib/armv7e-m/fpu/libc.a(lib_a-exit.o)
 .data          0x0000000020000080        0x0 /usr/bin/../lib/gcc/arm-none-eabi/4.9.3/../../../../arm-none-eabi/lib/armv7e-m/fpu/libc.a(lib_a-impure.o)
 .data.impure_data
                0x0000000020000080      0x428 /usr/bin/../lib/gcc/arm-none-eabi/4.9.3/../../../../arm-none-eabi/lib/armv7e-m/fpu/libc.a(lib_a-impure.o)
 .data._impure_ptr
                0x00000000200004a8        0x4 /usr/bin/../lib/gcc/arm-none-eabi/4.9.3/../../../../arm-none-eabi/lib/armv7e-m/fpu/libc.a(lib_a-impure.o)
                0x00000000200004a8                _impure_ptr
 .data          0x00000000200004ac        0x0 /usr/bin/../lib/gcc/arm-none-eabi/4.9.3/../../../../arm-none-eabi/lib/armv7e-m/fpu/libc.a(lib_a-init.o)
 .data          0x00000000200004ac        0x0 /usr/bin/../lib/gcc/arm-none-eabi/4.9.3/../../../../arm-none-eabi/lib/armv7e-m/fpu/libc.a(lib_a-memcpy.o)
 .data          0x00000000200004ac        0x0 /usr/bin/../lib/gcc/arm-none-eabi/4.9.3/../../../../arm-none-eabi/lib/armv7e-m/fpu/libc.a(lib_a-memset.o)
 .data          0x00000000200004ac        0x0 /usr/bin/../lib/gcc/arm-none-eabi/4.9.3/../../../../arm-none-eabi/lib/armv7e-m/fpu/libc.a(lib_a-printf.o)
 .data          0x00000000200004ac        0x0 /usr/bin/../lib/gcc/arm-none-eabi/4.9.3/../../../../arm-none-eabi/lib/armv7e-m/fpu/libc.a(lib_a-puts.o)
 .data          0x00000000200004ac        0x0 /usr/bin/../lib/gcc/arm-none-eabi/4.9.3/../../../../arm-none-eabi/lib/armv7e-m/fpu/libc.a(lib_a-strlen.o)
 .data          0x00000000200004ac        0x0 /usr/bin/../lib/gcc/arm-none-eabi/4.9.3/../../../../arm-none-eabi/lib/armv7e-m/fpu/libc.a(lib_a-vfprintf.o)
 .data          0x00000000200004ac        0x0 /usr/bin/../lib/gcc/arm-none-eabi/4.9.3/../../../../arm-none-eabi/lib/armv7e-m/fpu/libc.a(lib_a-wsetup.o)
 .data          0x00000000200004ac        0x0 /usr/bin/../lib/gcc/arm-none-eabi/4.9.3/../../../../arm-none-eabi/lib/armv7e-m/fpu/libc.a(lib_a-__call_atexit.o)
 .data          0x00000000200004ac        0x0 /usr/bin/../lib/gcc/arm-none-eabi/4.9.3/../../../../arm-none-eabi/lib/armv7e-m/fpu/libc.a(lib_a-atexit.o)
 .data          0x00000000200004ac        0x0 /usr/bin/../lib/gcc/arm-none-eabi/4.9.3/../../../../arm-none-eabi/lib/armv7e-m/fpu/libc.a(lib_a-dtoa.o)
 .data          0x00000000200004ac        0x0 /usr/bin/../lib/gcc/arm-none-eabi/4.9.3/../../../../arm-none-eabi/lib/armv7e-m/fpu/libc.a(lib_a-fflush.o)
 .data          0x00000000200004ac        0x0 /usr/bin/../lib/gcc/arm-none-eabi/4.9.3/../../../../arm-none-eabi/lib/armv7e-m/fpu/libc.a(lib_a-findfp.o)
 .data          0x00000000200004ac        0x0 /usr/bin/../lib/gcc/arm-none-eabi/4.9.3/../../../../arm-none-eabi/lib/armv7e-m/fpu/libc.a(lib_a-fini.o)
 .data          0x00000000200004ac        0x0 /usr/bin/../lib/gcc/arm-none-eabi/4.9.3/../../../../arm-none-eabi/lib/armv7e-m/fpu/libc.a(lib_a-freer.o)
 .data          0x00000000200004ac        0x0 /usr/bin/../lib/gcc/arm-none-eabi/4.9.3/../../../../arm-none-eabi/lib/armv7e-m/fpu/libc.a(lib_a-fvwrite.o)
 .data          0x00000000200004ac        0x0 /usr/bin/../lib/gcc/arm-none-eabi/4.9.3/../../../../arm-none-eabi/lib/armv7e-m/fpu/libc.a(lib_a-fwalk.o)
 .data          0x00000000200004ac        0x0 /usr/bin/../lib/gcc/arm-none-eabi/4.9.3/../../../../arm-none-eabi/lib/armv7e-m/fpu/libc.a(lib_a-locale.o)
 .data.lc_message_charset
                0x00000000200004ac       0x20 /usr/bin/../lib/gcc/arm-none-eabi/4.9.3/../../../../arm-none-eabi/lib/armv7e-m/fpu/libc.a(lib_a-locale.o)
 .data.lconv    0x00000000200004cc       0x38 /usr/bin/../lib/gcc/arm-none-eabi/4.9.3/../../../../arm-none-eabi/lib/armv7e-m/fpu/libc.a(lib_a-locale.o)
 .data.lc_ctype_charset
                0x0000000020000504       0x20 /usr/bin/../lib/gcc/arm-none-eabi/4.9.3/../../../../arm-none-eabi/lib/armv7e-m/fpu/libc.a(lib_a-locale.o)
 .data.__mb_cur_max
                0x0000000020000524        0x4 /usr/bin/../lib/gcc/arm-none-eabi/4.9.3/../../../../arm-none-eabi/lib/armv7e-m/fpu/libc.a(lib_a-locale.o)
                0x0000000020000524                __mb_cur_max
 .data          0x0000000020000528        0x0 /usr/bin/../lib/gcc/arm-none-eabi/4.9.3/../../../../arm-none-eabi/lib/armv7e-m/fpu/libc.a(lib_a-makebuf.o)
 .data          0x0000000020000528        0x0 /usr/bin/../lib/gcc/arm-none-eabi/4.9.3/../../../../arm-none-eabi/lib/armv7e-m/fpu/libc.a(lib_a-mallocr.o)
 .data.__malloc_av_
                0x0000000020000528      0x408 /usr/bin/../lib/gcc/arm-none-eabi/4.9.3/../../../../arm-none-eabi/lib/armv7e-m/fpu/libc.a(lib_a-mallocr.o)
                0x0000000020000528                __malloc_av_
 .data.__malloc_trim_threshold
                0x0000000020000930        0x4 /usr/bin/../lib/gcc/arm-none-eabi/4.9.3/../../../../arm-none-eabi/lib/armv7e-m/fpu/libc.a(lib_a-mallocr.o)
                0x0000000020000930                __malloc_trim_threshold
 .data.__malloc_sbrk_base
                0x0000000020000934        0x4 /usr/bin/../lib/gcc/arm-none-eabi/4.9.3/../../../../arm-none-eabi/lib/armv7e-m/fpu/libc.a(lib_a-mallocr.o)
                0x0000000020000934                __malloc_sbrk_base
 .data          0x0000000020000938        0x0 /usr/bin/../lib/gcc/arm-none-eabi/4.9.3/../../../../arm-none-eabi/lib/armv7e-m/fpu/libc.a(lib_a-memchr.o)
 .data          0x0000000020000938        0x0 /usr/bin/../lib/gcc/arm-none-eabi/4.9.3/../../../../arm-none-eabi/lib/armv7e-m/fpu/libc.a(lib_a-memmove.o)
 .data          0x0000000020000938        0x0 /usr/bin/../lib/gcc/arm-none-eabi/4.9.3/../../../../arm-none-eabi/lib/armv7e-m/fpu/libc.a(lib_a-mlock.o)
 .data          0x0000000020000938        0x0 /usr/bin/../lib/gcc/arm-none-eabi/4.9.3/../../../../arm-none-eabi/lib/armv7e-m/fpu/libc.a(lib_a-mprec.o)
 .data          0x0000000020000938        0x0 /usr/bin/../lib/gcc/arm-none-eabi/4.9.3/../../../../arm-none-eabi/lib/armv7e-m/fpu/libc.a(lib_a-reallocr.o)
 .data          0x0000000020000938        0x0 /usr/bin/../lib/gcc/arm-none-eabi/4.9.3/../../../../arm-none-eabi/lib/armv7e-m/fpu/libc.a(lib_a-s_fpclassify.o)
 .data          0x0000000020000938        0x0 /usr/bin/../lib/gcc/arm-none-eabi/4.9.3/../../../../arm-none-eabi/lib/armv7e-m/fpu/libc.a(lib_a-sbrkr.o)
 .data          0x0000000020000938        0x0 /usr/bin/../lib/gcc/arm-none-eabi/4.9.3/../../../../arm-none-eabi/lib/armv7e-m/fpu/libc.a(lib_a-stdio.o)
 .data          0x0000000020000938        0x0 /usr/bin/../lib/gcc/arm-none-eabi/4.9.3/../../../../arm-none-eabi/lib/armv7e-m/fpu/libc.a(lib_a-strcmp.o)
 .data          0x0000000020000938        0x0 /usr/bin/../lib/gcc/arm-none-eabi/4.9.3/../../../../arm-none-eabi/lib/armv7e-m/fpu/libc.a(lib_a-vfiprintf.o)
 .data          0x0000000020000938        0x0 /usr/bin/../lib/gcc/arm-none-eabi/4.9.3/../../../../arm-none-eabi/lib/armv7e-m/fpu/libc.a(lib_a-writer.o)
 .data          0x0000000020000938        0x0 /usr/bin/../lib/gcc/arm-none-eabi/4.9.3/../../../../arm-none-eabi/lib/armv7e-m/fpu/libc.a(lib_a-__atexit.o)
 .data          0x0000000020000938        0x0 /usr/bin/../lib/gcc/arm-none-eabi/4.9.3/../../../../arm-none-eabi/lib/armv7e-m/fpu/libc.a(lib_a-callocr.o)
 .data          0x0000000020000938        0x0 /usr/bin/../lib/gcc/arm-none-eabi/4.9.3/../../../../arm-none-eabi/lib/armv7e-m/fpu/libc.a(lib_a-closer.o)
 .data          0x0000000020000938        0x0 /usr/bin/../lib/gcc/arm-none-eabi/4.9.3/../../../../arm-none-eabi/lib/armv7e-m/fpu/libc.a(lib_a-fclose.o)
 .data          0x0000000020000938        0x0 /usr/bin/../lib/gcc/arm-none-eabi/4.9.3/../../../../arm-none-eabi/lib/armv7e-m/fpu/libc.a(lib_a-fputwc.o)
 .data          0x0000000020000938        0x0 /usr/bin/../lib/gcc/arm-none-eabi/4.9.3/../../../../arm-none-eabi/lib/armv7e-m/fpu/libc.a(lib_a-fstatr.o)
 .data          0x0000000020000938        0x0 /usr/bin/../lib/gcc/arm-none-eabi/4.9.3/../../../../arm-none-eabi/lib/armv7e-m/fpu/libc.a(lib_a-isattyr.o)
 .data          0x0000000020000938        0x0 /usr/bin/../lib/gcc/arm-none-eabi/4.9.3/../../../../arm-none-eabi/lib/armv7e-m/fpu/libc.a(lib_a-lseekr.o)
 .data          0x0000000020000938        0x0 /usr/bin/../lib/gcc/arm-none-eabi/4.9.3/../../../../arm-none-eabi/lib/armv7e-m/fpu/libc.a(lib_a-readr.o)
 .data          0x0000000020000938        0x0 /usr/bin/../lib/gcc/arm-none-eabi/4.9.3/../../../../arm-none-eabi/lib/armv7e-m/fpu/libc.a(lib_a-reent.o)
 .data          0x0000000020000938        0x0 /usr/bin/../lib/gcc/arm-none-eabi/4.9.3/../../../../arm-none-eabi/lib/armv7e-m/fpu/libc.a(lib_a-wbuf.o)
 .data          0x0000000020000938        0x0 /usr/bin/../lib/gcc/arm-none-eabi/4.9.3/../../../../arm-none-eabi/lib/armv7e-m/fpu/libc.a(lib_a-wcrtomb.o)
 .data          0x0000000020000938        0x0 /usr/bin/../lib/gcc/arm-none-eabi/4.9.3/../../../../arm-none-eabi/lib/armv7e-m/fpu/libc.a(lib_a-wctomb_r.o)
 .data.__wctomb
                0x0000000020000938        0x4 /usr/bin/../lib/gcc/arm-none-eabi/4.9.3/../../../../arm-none-eabi/lib/armv7e-m/fpu/libc.a(lib_a-wctomb_r.o)
                0x0000000020000938                __wctomb
 .data          0x000000002000093c        0x0 /usr/bin/../lib/gcc/arm-none-eabi/4.9.3/armv7e-m/fpu/libgcc.a(_arm_addsubdf3.o)
 .data          0x000000002000093c        0x0 /usr/bin/../lib/gcc/arm-none-eabi/4.9.3/armv7e-m/fpu/libgcc.a(_arm_muldivdf3.o)
 .data          0x000000002000093c        0x0 /usr/bin/../lib/gcc/arm-none-eabi/4.9.3/armv7e-m/fpu/libgcc.a(_arm_cmpdf2.o)
 .data          0x000000002000093c        0x0 /usr/bin/../lib/gcc/arm-none-eabi/4.9.3/armv7e-m/fpu/libgcc.a(_arm_fixdfsi.o)
 .data          0x000000002000093c        0x0 /usr/bin/../lib/gcc/arm-none-eabi/4.9.3/armv7e-m/fpu/libgcc.a(_aeabi_uldivmod.o)
 .data          0x000000002000093c        0x0 /usr/bin/../lib/gcc/arm-none-eabi/4.9.3/armv7e-m/fpu/libgcc.a(bpabi.o)
 .data          0x000000002000093c        0x0 /usr/bin/../lib/gcc/arm-none-eabi/4.9.3/armv7e-m/fpu/libgcc.a(_dvmd_tls.o)
 .data          0x000000002000093c        0x0 /usr/bin/../lib/gcc/arm-none-eabi/4.9.3/armv7e-m/fpu/libgcc.a(_divdi3.o)
 .data          0x000000002000093c        0x0 /usr/bin/../lib/gcc/arm-none-eabi/4.9.3/armv7e-m/fpu/libgcc.a(_udivdi3.o)
 .data          0x000000002000093c        0x0 /usr/bin/../lib/gcc/arm-none-eabi/4.9.3/armv7e-m/fpu/crtend.o
 .data          0x000000002000093c        0x0 /usr/bin/../lib/gcc/arm-none-eabi/4.9.3/armv7e-m/fpu/crtn.o
                0x000000002000093c                . = ALIGN (0x4)
                0x000000002000093c                _erelocate = .

.bss            0x0000000020000940     0xfd1c load address 0x000000000800b688
                0x0000000020000940                . = ALIGN (0x4)
                0x0000000020000940                _sbss = .
                0x0000000020000940                __bss_start__ = .
 *(.bss .bss.*)
 .bss           0x0000000020000940        0x0 /usr/bin/../lib/gcc/arm-none-eabi/4.9.3/armv7e-m/fpu/crti.o
 .bss           0x0000000020000940       0x1c /usr/bin/../lib/gcc/arm-none-eabi/4.9.3/armv7e-m/fpu/crtbegin.o
 .bss           0x000000002000095c        0x0 /usr/bin/../lib/gcc/arm-none-eabi/4.9.3/../../../../arm-none-eabi/lib/armv7e-m/fpu/crt0.o
 .bss           0x000000002000095c        0x0 bin/main.o
 .bss           0x000000002000095c        0x0 bin/startup.o
 .bss           0x000000002000095c        0x0 bin/i2cFunc.o
 .bss           0x000000002000095c        0x0 bin/spiFunc.o
 .bss           0x000000002000095c        0x0 bin/leds.o
 .bss           0x000000002000095c        0x0 bin/console.o
 .bss.s_console_init_complete
                0x000000002000095c        0x1 bin/console.o
 .bss           0x000000002000095d        0x0 bin/stubs.o
 *fill*         0x000000002000095d        0x3 
 .bss.heap.5628
                0x0000000020000960        0x4 bin/stubs.o
 .bss           0x0000000020000964        0x0 bin/enet.o
 *fill*         0x0000000020000964        0x4 
 .bss.g_eth_udpbuf
                0x0000000020000968      0x5dc bin/enet.o
 .bss.g_eth_dma_rx_buf
                0x0000000020000f44     0x8000 bin/enet.o
 .bss.g_eth_dma_tx_desc
                0x0000000020008f44       0x40 bin/enet.o
 .bss.g_eth_rxpool_ptrs_wpos
                0x0000000020008f84        0x2 bin/enet.o
 .bss.g_eth_rxpool_ptrs_rpos
                0x0000000020008f86        0x2 bin/enet.o
 .bss.g_eth_rxpool_len
                0x0000000020008f88      0x100 bin/enet.o
 .bss.g_eth_rxpool_wpos
                0x0000000020009088        0x2 bin/enet.o
 *fill*         0x000000002000908a        0x2 
 .bss.g_eth_rxpool_start
                0x000000002000908c      0x200 bin/enet.o
 .bss.g_eth_dma_rx_desc
                0x000000002000928c      0x100 bin/enet.o
 .bss.g_eth_rxpool
                0x000000002000938c     0x4000 bin/enet.o
 .bss.g_eth_dma_tx_buf
                0x000000002000d38c     0x2000 bin/enet.o
 .bss           0x000000002000f38c        0x0 bin/systime.o
 .bss           0x000000002000f38c        0x0 bin/dmxl.o
 .bss.g_dmxl_ring_wpos
                0x000000002000f38c        0x8 bin/dmxl.o
 .bss.divider_is_sent
                0x000000002000f394        0x4 bin/dmxl.o
 .bss.dmxl_rx_start_time.6979
                0x000000002000f398       0x10 bin/dmxl.o
 .bss.dmxl_txbuf.6977
                0x000000002000f3a8      0x400 bin/dmxl.o
 .bss.pkts.6922
                0x000000002000f7a8       0x30 bin/dmxl.o
 .bss.dmxl_txbuf_readpos.6978
                0x000000002000f7d8        0x4 bin/dmxl.o
 .bss.g_dmxl_rx_pkt
                0x000000002000f7dc      0x400 bin/dmxl.o
 .bss.g_dmxl_ring_rpos
                0x000000002000fbdc        0x8 bin/dmxl.o
 .bss.g_dmxl_ring
                0x000000002000fbe4      0x400 bin/dmxl.o
 .bss.dmxl_control_mode
                0x000000002000ffe4        0x1 bin/dmxl.o
 .bss           0x000000002000ffe5        0x0 bin/fan.o
 .bss           0x000000002000ffe5        0x0 bin/tactile.o
 *fill*         0x000000002000ffe5        0x3 
 .bss.g_tactile_i2c_async_data
                0x000000002000ffe8      0x400 bin/tactile.o
 .bss.errCount.7096
                0x00000000200103e8       0x10 bin/tactile.o
 .bss.g_tactile_internal_i2c_status
                0x00000000200103f8        0x8 bin/tactile.o
 .bss.state_start_time_us.7102
                0x0000000020010400       0x10 bin/tactile.o
 .bss.g_tactile_bridged_i2c_status
                0x0000000020010410        0x8 bin/tactile.o
                0x0000000020010410                g_tactile_bridged_i2c_status
 .bss.g_tactile_i2c_async_address_fail
                0x0000000020010418        0x2 bin/tactile.o
 *fill*         0x000000002001041a        0x2 
 .bss.g_tactile_i2c_async_data_txrx_idx
                0x000000002001041c        0x4 bin/tactile.o
 .bss.tactile_poll_states
                0x0000000020010420       0x10 bin/tactile.o
                0x0000000020010420                tactile_poll_states
 .bss.active_sensor_idx.7099
                0x0000000020010430       0x10 bin/tactile.o
 .bss.g_tactile_i2c_async_address
                0x0000000020010440        0x4 bin/tactile.o
 .bss.g_tactile_i2c_async_start_us
                0x0000000020010444       0x10 bin/tactile.o
 .bss.g_tactile_i2c_async_data_len
                0x0000000020010454        0x4 bin/tactile.o
 .bss           0x0000000020010458        0x0 bin/pin.o
 .bss           0x0000000020010458        0x0 bin/enc.o
 .bss.i2cPort3Updated.6659
                0x0000000020010458        0x1 bin/enc.o
 .bss.i2cPort1Updated.6658
                0x0000000020010459        0x1 bin/enc.o
 .bss           0x000000002001045a        0x0 bin/state.o
 .bss           0x000000002001045a        0x0 bin/async_poll.o
 *fill*         0x000000002001045a        0x2 
 .bss.async_poll_complete
                0x000000002001045c        0x4 bin/async_poll.o
 .bss.async_poll_start_time_us
                0x0000000020010460        0x4 bin/async_poll.o
 .bss           0x0000000020010464        0x0 bin/delay.o
 .bss           0x0000000020010464        0x0 bin/error.o
 .bss.flashStartTime.5603
                0x0000000020010464        0x4 bin/error.o
 .bss.errorIndex.5601
                0x0000000020010468        0x1 bin/error.o
 *fill*         0x0000000020010469        0x3 
 .bss.errDetected
                0x000000002001046c        0xc bin/error.o
 .bss.displaying.5600
                0x0000000020010478        0x1 bin/error.o
 .bss.flashIndex.5602
                0x0000000020010479        0x1 bin/error.o
 .bss           0x000000002001047a        0x0 /usr/bin/../lib/gcc/arm-none-eabi/4.9.3/../../../../arm-none-eabi/lib/armv7e-m/fpu/libc.a(lib_a-exit.o)
 .bss           0x000000002001047a        0x0 /usr/bin/../lib/gcc/arm-none-eabi/4.9.3/../../../../arm-none-eabi/lib/armv7e-m/fpu/libc.a(lib_a-impure.o)
 .bss           0x000000002001047a        0x0 /usr/bin/../lib/gcc/arm-none-eabi/4.9.3/../../../../arm-none-eabi/lib/armv7e-m/fpu/libc.a(lib_a-init.o)
 .bss           0x000000002001047a        0x0 /usr/bin/../lib/gcc/arm-none-eabi/4.9.3/../../../../arm-none-eabi/lib/armv7e-m/fpu/libc.a(lib_a-memcpy.o)
 .bss           0x000000002001047a        0x0 /usr/bin/../lib/gcc/arm-none-eabi/4.9.3/../../../../arm-none-eabi/lib/armv7e-m/fpu/libc.a(lib_a-memset.o)
 .bss           0x000000002001047a        0x0 /usr/bin/../lib/gcc/arm-none-eabi/4.9.3/../../../../arm-none-eabi/lib/armv7e-m/fpu/libc.a(lib_a-printf.o)
 .bss           0x000000002001047a        0x0 /usr/bin/../lib/gcc/arm-none-eabi/4.9.3/../../../../arm-none-eabi/lib/armv7e-m/fpu/libc.a(lib_a-puts.o)
 .bss           0x000000002001047a        0x0 /usr/bin/../lib/gcc/arm-none-eabi/4.9.3/../../../../arm-none-eabi/lib/armv7e-m/fpu/libc.a(lib_a-strlen.o)
 .bss           0x000000002001047a        0x0 /usr/bin/../lib/gcc/arm-none-eabi/4.9.3/../../../../arm-none-eabi/lib/armv7e-m/fpu/libc.a(lib_a-vfprintf.o)
 .bss           0x000000002001047a        0x0 /usr/bin/../lib/gcc/arm-none-eabi/4.9.3/../../../../arm-none-eabi/lib/armv7e-m/fpu/libc.a(lib_a-wsetup.o)
 .bss           0x000000002001047a        0x0 /usr/bin/../lib/gcc/arm-none-eabi/4.9.3/../../../../arm-none-eabi/lib/armv7e-m/fpu/libc.a(lib_a-__call_atexit.o)
 .bss           0x000000002001047a        0x0 /usr/bin/../lib/gcc/arm-none-eabi/4.9.3/../../../../arm-none-eabi/lib/armv7e-m/fpu/libc.a(lib_a-atexit.o)
 .bss           0x000000002001047a        0x0 /usr/bin/../lib/gcc/arm-none-eabi/4.9.3/../../../../arm-none-eabi/lib/armv7e-m/fpu/libc.a(lib_a-dtoa.o)
 .bss           0x000000002001047a        0x0 /usr/bin/../lib/gcc/arm-none-eabi/4.9.3/../../../../arm-none-eabi/lib/armv7e-m/fpu/libc.a(lib_a-fflush.o)
 .bss           0x000000002001047a        0x0 /usr/bin/../lib/gcc/arm-none-eabi/4.9.3/../../../../arm-none-eabi/lib/armv7e-m/fpu/libc.a(lib_a-findfp.o)
 .bss           0x000000002001047a        0x0 /usr/bin/../lib/gcc/arm-none-eabi/4.9.3/../../../../arm-none-eabi/lib/armv7e-m/fpu/libc.a(lib_a-fini.o)
 .bss           0x000000002001047a        0x0 /usr/bin/../lib/gcc/arm-none-eabi/4.9.3/../../../../arm-none-eabi/lib/armv7e-m/fpu/libc.a(lib_a-freer.o)
 .bss           0x000000002001047a        0x0 /usr/bin/../lib/gcc/arm-none-eabi/4.9.3/../../../../arm-none-eabi/lib/armv7e-m/fpu/libc.a(lib_a-fvwrite.o)
 .bss           0x000000002001047a        0x0 /usr/bin/../lib/gcc/arm-none-eabi/4.9.3/../../../../arm-none-eabi/lib/armv7e-m/fpu/libc.a(lib_a-fwalk.o)
 .bss           0x000000002001047a        0x0 /usr/bin/../lib/gcc/arm-none-eabi/4.9.3/../../../../arm-none-eabi/lib/armv7e-m/fpu/libc.a(lib_a-locale.o)
 *fill*         0x000000002001047a        0x2 
 .bss._PathLocale
                0x000000002001047c        0x4 /usr/bin/../lib/gcc/arm-none-eabi/4.9.3/../../../../arm-none-eabi/lib/armv7e-m/fpu/libc.a(lib_a-locale.o)
                0x000000002001047c                _PathLocale
 .bss.__nlocale_changed
                0x0000000020010480        0x4 /usr/bin/../lib/gcc/arm-none-eabi/4.9.3/../../../../arm-none-eabi/lib/armv7e-m/fpu/libc.a(lib_a-locale.o)
                0x0000000020010480                __nlocale_changed
 .bss.__mlocale_changed
                0x0000000020010484        0x4 /usr/bin/../lib/gcc/arm-none-eabi/4.9.3/../../../../arm-none-eabi/lib/armv7e-m/fpu/libc.a(lib_a-locale.o)
                0x0000000020010484                __mlocale_changed
 .bss           0x0000000020010488        0x0 /usr/bin/../lib/gcc/arm-none-eabi/4.9.3/../../../../arm-none-eabi/lib/armv7e-m/fpu/libc.a(lib_a-makebuf.o)
 .bss           0x0000000020010488        0x0 /usr/bin/../lib/gcc/arm-none-eabi/4.9.3/../../../../arm-none-eabi/lib/armv7e-m/fpu/libc.a(lib_a-mallocr.o)
 .bss.__malloc_max_total_mem
                0x0000000020010488        0x4 /usr/bin/../lib/gcc/arm-none-eabi/4.9.3/../../../../arm-none-eabi/lib/armv7e-m/fpu/libc.a(lib_a-mallocr.o)
                0x0000000020010488                __malloc_max_total_mem
 .bss.__malloc_max_sbrked_mem
                0x000000002001048c        0x4 /usr/bin/../lib/gcc/arm-none-eabi/4.9.3/../../../../arm-none-eabi/lib/armv7e-m/fpu/libc.a(lib_a-mallocr.o)
                0x000000002001048c                __malloc_max_sbrked_mem
 .bss.__malloc_top_pad
                0x0000000020010490        0x4 /usr/bin/../lib/gcc/arm-none-eabi/4.9.3/../../../../arm-none-eabi/lib/armv7e-m/fpu/libc.a(lib_a-mallocr.o)
                0x0000000020010490                __malloc_top_pad
 .bss.__malloc_current_mallinfo
                0x0000000020010494       0x28 /usr/bin/../lib/gcc/arm-none-eabi/4.9.3/../../../../arm-none-eabi/lib/armv7e-m/fpu/libc.a(lib_a-mallocr.o)
                0x0000000020010494                __malloc_current_mallinfo
 .bss           0x00000000200104bc        0x0 /usr/bin/../lib/gcc/arm-none-eabi/4.9.3/../../../../arm-none-eabi/lib/armv7e-m/fpu/libc.a(lib_a-memchr.o)
 .bss           0x00000000200104bc        0x0 /usr/bin/../lib/gcc/arm-none-eabi/4.9.3/../../../../arm-none-eabi/lib/armv7e-m/fpu/libc.a(lib_a-memmove.o)
 .bss           0x00000000200104bc        0x0 /usr/bin/../lib/gcc/arm-none-eabi/4.9.3/../../../../arm-none-eabi/lib/armv7e-m/fpu/libc.a(lib_a-mlock.o)
 .bss           0x00000000200104bc        0x0 /usr/bin/../lib/gcc/arm-none-eabi/4.9.3/../../../../arm-none-eabi/lib/armv7e-m/fpu/libc.a(lib_a-mprec.o)
 .bss           0x00000000200104bc        0x0 /usr/bin/../lib/gcc/arm-none-eabi/4.9.3/../../../../arm-none-eabi/lib/armv7e-m/fpu/libc.a(lib_a-reallocr.o)
 .bss           0x00000000200104bc        0x0 /usr/bin/../lib/gcc/arm-none-eabi/4.9.3/../../../../arm-none-eabi/lib/armv7e-m/fpu/libc.a(lib_a-s_fpclassify.o)
 .bss           0x00000000200104bc        0x0 /usr/bin/../lib/gcc/arm-none-eabi/4.9.3/../../../../arm-none-eabi/lib/armv7e-m/fpu/libc.a(lib_a-sbrkr.o)
 .bss           0x00000000200104bc        0x0 /usr/bin/../lib/gcc/arm-none-eabi/4.9.3/../../../../arm-none-eabi/lib/armv7e-m/fpu/libc.a(lib_a-stdio.o)
 .bss           0x00000000200104bc        0x0 /usr/bin/../lib/gcc/arm-none-eabi/4.9.3/../../../../arm-none-eabi/lib/armv7e-m/fpu/libc.a(lib_a-strcmp.o)
 .bss           0x00000000200104bc        0x0 /usr/bin/../lib/gcc/arm-none-eabi/4.9.3/../../../../arm-none-eabi/lib/armv7e-m/fpu/libc.a(lib_a-vfiprintf.o)
 .bss           0x00000000200104bc        0x0 /usr/bin/../lib/gcc/arm-none-eabi/4.9.3/../../../../arm-none-eabi/lib/armv7e-m/fpu/libc.a(lib_a-writer.o)
 .bss           0x00000000200104bc        0x0 /usr/bin/../lib/gcc/arm-none-eabi/4.9.3/../../../../arm-none-eabi/lib/armv7e-m/fpu/libc.a(lib_a-__atexit.o)