Archive member included because of file (symbol)

/usr/bin/../lib/gcc/arm-none-eabi/4.9.3/../../../../arm-none-eabi/lib/armv7e-m/fpu/libc.a(lib_a-exit.o)
                              /usr/bin/../lib/gcc/arm-none-eabi/4.9.3/../../../../arm-none-eabi/lib/armv7e-m/fpu/crt0.o (exit)
/usr/bin/../lib/gcc/arm-none-eabi/4.9.3/../../../../arm-none-eabi/lib/armv7e-m/fpu/libc.a(lib_a-impure.o)
                              /usr/bin/../lib/gcc/arm-none-eabi/4.9.3/../../../../arm-none-eabi/lib/armv7e-m/fpu/libc.a(lib_a-exit.o) (_global_impure_ptr)
/usr/bin/../lib/gcc/arm-none-eabi/4.9.3/../../../../arm-none-eabi/lib/armv7e-m/fpu/libc.a(lib_a-init.o)
                              /usr/bin/../lib/gcc/arm-none-eabi/4.9.3/../../../../arm-none-eabi/lib/armv7e-m/fpu/crt0.o (__libc_init_array)
/usr/bin/../lib/gcc/arm-none-eabi/4.9.3/../../../../arm-none-eabi/lib/armv7e-m/fpu/libc.a(lib_a-memcpy.o)
                              bin/enet.o (memcpy)
/usr/bin/../lib/gcc/arm-none-eabi/4.9.3/../../../../arm-none-eabi/lib/armv7e-m/fpu/libc.a(lib_a-memset.o)
                              /usr/bin/../lib/gcc/arm-none-eabi/4.9.3/../../../../arm-none-eabi/lib/armv7e-m/fpu/crt0.o (memset)
/usr/bin/../lib/gcc/arm-none-eabi/4.9.3/../../../../arm-none-eabi/lib/armv7e-m/fpu/libc.a(lib_a-printf.o)
                              bin/leds.o (printf)
/usr/bin/../lib/gcc/arm-none-eabi/4.9.3/../../../../arm-none-eabi/lib/armv7e-m/fpu/libc.a(lib_a-putchar.o)
                              bin/takktile.o (putchar)
/usr/bin/../lib/gcc/arm-none-eabi/4.9.3/../../../../arm-none-eabi/lib/armv7e-m/fpu/libc.a(lib_a-puts.o)
                              bin/main.o (puts)
/usr/bin/../lib/gcc/arm-none-eabi/4.9.3/../../../../arm-none-eabi/lib/armv7e-m/fpu/libc.a(lib_a-strlen.o)
                              /usr/bin/../lib/gcc/arm-none-eabi/4.9.3/../../../../arm-none-eabi/lib/armv7e-m/fpu/libc.a(lib_a-puts.o) (strlen)
/usr/bin/../lib/gcc/arm-none-eabi/4.9.3/../../../../arm-none-eabi/lib/armv7e-m/fpu/libc.a(lib_a-vfprintf.o)
                              /usr/bin/../lib/gcc/arm-none-eabi/4.9.3/../../../../arm-none-eabi/lib/armv7e-m/fpu/libc.a(lib_a-printf.o) (_vfprintf_r)
/usr/bin/../lib/gcc/arm-none-eabi/4.9.3/../../../../arm-none-eabi/lib/armv7e-m/fpu/libc.a(lib_a-wsetup.o)
                              /usr/bin/../lib/gcc/arm-none-eabi/4.9.3/../../../../arm-none-eabi/lib/armv7e-m/fpu/libc.a(lib_a-vfprintf.o) (__swsetup_r)
/usr/bin/../lib/gcc/arm-none-eabi/4.9.3/../../../../arm-none-eabi/lib/armv7e-m/fpu/libc.a(lib_a-__call_atexit.o)
                              /usr/bin/../lib/gcc/arm-none-eabi/4.9.3/../../../../arm-none-eabi/lib/armv7e-m/fpu/libc.a(lib_a-exit.o) (__call_exitprocs)
/usr/bin/../lib/gcc/arm-none-eabi/4.9.3/../../../../arm-none-eabi/lib/armv7e-m/fpu/libc.a(lib_a-atexit.o)
                              /usr/bin/../lib/gcc/arm-none-eabi/4.9.3/../../../../arm-none-eabi/lib/armv7e-m/fpu/libc.a(lib_a-__call_atexit.o) (atexit)
/usr/bin/../lib/gcc/arm-none-eabi/4.9.3/../../../../arm-none-eabi/lib/armv7e-m/fpu/libc.a(lib_a-dtoa.o)
                              /usr/bin/../lib/gcc/arm-none-eabi/4.9.3/../../../../arm-none-eabi/lib/armv7e-m/fpu/libc.a(lib_a-vfprintf.o) (_dtoa_r)
/usr/bin/../lib/gcc/arm-none-eabi/4.9.3/../../../../arm-none-eabi/lib/armv7e-m/fpu/libc.a(lib_a-fflush.o)
                              /usr/bin/../lib/gcc/arm-none-eabi/4.9.3/../../../../arm-none-eabi/lib/armv7e-m/fpu/libc.a(lib_a-vfprintf.o) (_fflush_r)
/usr/bin/../lib/gcc/arm-none-eabi/4.9.3/../../../../arm-none-eabi/lib/armv7e-m/fpu/libc.a(lib_a-findfp.o)
                              /usr/bin/../lib/gcc/arm-none-eabi/4.9.3/../../../../arm-none-eabi/lib/armv7e-m/fpu/libc.a(lib_a-puts.o) (__sinit)
/usr/bin/../lib/gcc/arm-none-eabi/4.9.3/../../../../arm-none-eabi/lib/armv7e-m/fpu/libc.a(lib_a-fini.o)
                              /usr/bin/../lib/gcc/arm-none-eabi/4.9.3/../../../../arm-none-eabi/lib/armv7e-m/fpu/libc.a(lib_a-__call_atexit.o) (__libc_fini_array)
/usr/bin/../lib/gcc/arm-none-eabi/4.9.3/../../../../arm-none-eabi/lib/armv7e-m/fpu/libc.a(lib_a-freer.o)
                              /usr/bin/../lib/gcc/arm-none-eabi/4.9.3/../../../../arm-none-eabi/lib/armv7e-m/fpu/libc.a(lib_a-wsetup.o) (_free_r)
/usr/bin/../lib/gcc/arm-none-eabi/4.9.3/../../../../arm-none-eabi/lib/armv7e-m/fpu/libc.a(lib_a-fvwrite.o)
                              /usr/bin/../lib/gcc/arm-none-eabi/4.9.3/../../../../arm-none-eabi/lib/armv7e-m/fpu/libc.a(lib_a-puts.o) (__sfvwrite_r)
/usr/bin/../lib/gcc/arm-none-eabi/4.9.3/../../../../arm-none-eabi/lib/armv7e-m/fpu/libc.a(lib_a-fwalk.o)
                              /usr/bin/../lib/gcc/arm-none-eabi/4.9.3/../../../../arm-none-eabi/lib/armv7e-m/fpu/libc.a(lib_a-findfp.o) (_fwalk)
/usr/bin/../lib/gcc/arm-none-eabi/4.9.3/../../../../arm-none-eabi/lib/armv7e-m/fpu/libc.a(lib_a-locale.o)
                              /usr/bin/../lib/gcc/arm-none-eabi/4.9.3/../../../../arm-none-eabi/lib/armv7e-m/fpu/libc.a(lib_a-vfprintf.o) (_localeconv_r)
[...]
Memory Configuration

Name             Origin             Length             Attributes
flash            0x0000000008000000 0x0000000000100000 xr
sram             0x0000000020000000 0x0000000000020000 xrw
*default*        0x0000000000000000 0xffffffffffffffff

Linker script and memory map

LOAD /usr/bin/../lib/gcc/arm-none-eabi/4.9.3/armv7e-m/fpu/crti.o
LOAD /usr/bin/../lib/gcc/arm-none-eabi/4.9.3/armv7e-m/fpu/crtbegin.o
LOAD /usr/bin/../lib/gcc/arm-none-eabi/4.9.3/../../../../arm-none-eabi/lib/armv7e-m/fpu/crt0.o
LOAD bin/main.o
LOAD bin/config.o
LOAD bin/startup.o
LOAD bin/i2cFunc.o
LOAD bin/spiFunc.o
LOAD bin/leds.o
LOAD bin/console.o
LOAD bin/stubs.o
LOAD bin/enet.o
LOAD bin/systime.o
LOAD bin/dmxl.o
LOAD bin/fan.o
LOAD bin/takktile.o
LOAD bin/pin.o
LOAD bin/enc.o
LOAD bin/state.o
LOAD bin/async_poll.o
LOAD bin/delay.o
LOAD bin/error.o
LOAD /usr/bin/../lib/gcc/arm-none-eabi/4.9.3/../../../../arm-none-eabi/lib/armv7e-m/fpu/libc.a
LOAD /usr/bin/../lib/gcc/arm-none-eabi/4.9.3/armv7e-m/fpu/libgcc.a
LOAD /usr/bin/../lib/gcc/arm-none-eabi/4.9.3/../../../../arm-none-eabi/lib/armv7e-m/fpu/libm.a
START GROUP
LOAD /usr/bin/../lib/gcc/arm-none-eabi/4.9.3/armv7e-m/fpu/libgcc.a
LOAD /usr/bin/../lib/gcc/arm-none-eabi/4.9.3/../../../../arm-none-eabi/lib/armv7e-m/fpu/libg.a
LOAD /usr/bin/../lib/gcc/arm-none-eabi/4.9.3/../../../../arm-none-eabi/lib/armv7e-m/fpu/libc.a
END GROUP
LOAD /usr/bin/../lib/gcc/arm-none-eabi/4.9.3/armv7e-m/fpu/crtend.o
LOAD /usr/bin/../lib/gcc/arm-none-eabi/4.9.3/armv7e-m/fpu/crtn.o

.text           0x0000000008000000     0xaeb4
 *(.vectors .vectors.*)
 .vectors       0x0000000008000000      0x1ac bin/startup.o
                0x0000000008000000                g_vectors
                0x0000000000000400                . = 0x400
 *fill*         0x00000000080001ac      0x254 
 *(.text .text.* .gnu.linkonce.t*)
 .text          0x0000000008000400        0x0 /usr/bin/../lib/gcc/arm-none-eabi/4.9.3/armv7e-m/fpu/crti.o
 .text          0x0000000008000400       0x5c /usr/bin/../lib/gcc/arm-none-eabi/4.9.3/armv7e-m/fpu/crtbegin.o
 .text          0x000000000800045c       0x74 /usr/bin/../lib/gcc/arm-none-eabi/4.9.3/../../../../arm-none-eabi/lib/armv7e-m/fpu/crt0.o
                0x000000000800045c                _mainCRTStartup
                0x000000000800045c                _start
 .text          0x00000000080004d0        0x0 bin/main.o
 .text.startup.main
                0x00000000080004d0       0x40 bin/main.o
                0x00000000080004d0                main
 .text          0x0000000008000510        0x0 bin/config.o
 .text.configurePorts
                0x0000000008000510      0x180 bin/config.o
                0x0000000008000510                configurePorts
 .text.init     0x0000000008000690       0x40 bin/config.o
                0x0000000008000690                init
 .text          0x00000000080006d0        0x0 bin/startup.o
 .text.unmapped_vector
                0x00000000080006d0        0x4 bin/startup.o
                0x00000000080006d0                uart8_vector
                0x00000000080006d0                i2c3_er_vector
                0x00000000080006d0                otg_fs_wkup_vector
                0x00000000080006d0                tim7_vector
                0x00000000080006d0                dma2_stream0_vector
                0x00000000080006d0                tampstamp_vector
                0x00000000080006d0                i2c2_ev_vector
                0x00000000080006d0                exti0_vector
                0x00000000080006d0                can2_tx_vector
                0x00000000080006d0                eth_wkup_vector
                0x00000000080006d0                tim1trg_tim11_vector
                0x00000000080006d0                hardfault_vector
                0x00000000080006d0                adc_vector
                0x00000000080006d0                otg_hs_ep1_in_vector
                0x00000000080006d0                i2c1_er_vector
                0x00000000080006d0                wwdg_vector
                0x00000000080006d0                tim1cc_vector
                0x00000000080006d0                pvd_vector
                0x00000000080006d0                can1_rx0_vector
                0x00000000080006d0                ltdc_er_vector
                0x00000000080006d0                dma2_stream4_vector
                0x00000000080006d0                spi5_vector
                0x00000000080006d0                tim2_vector
                0x00000000080006d0                dma1_stream2_vector
                0x00000000080006d0                flash_vector
                0x00000000080006d0                spi6_vector
                0x00000000080006d0                otg_hs_wkup_vector
                0x00000000080006d0                dma1_stream3_vector
                0x00000000080006d0                exti3_vector
                0x00000000080006d0                uart7_vector
                0x00000000080006d0                dma1_stream7_vector
                0x00000000080006d0                exti9_5_vector
                0x00000000080006d0                dma2_stream1_vector
                0x00000000080006d0                can1_sce_vector
                0x00000000080006d0                can1_rx1_vector
                0x00000000080006d0                dma2_stream7_vector
                0x00000000080006d0                exti15_10_vector
                0x00000000080006d0                tim4_vector
                0x00000000080006d0                pendsv_vector
                0x00000000080006d0                nmi_vector
                0x00000000080006d0                i2c2_er_vector
                0x00000000080006d0                can2_sce_vector
                0x00000000080006d0                tim1up_tim10_vector
                0x00000000080006d0                dma2_stream5_vector
                0x00000000080006d0                exti4_vector
                0x00000000080006d0                usart2_vector
                0x00000000080006d0                dma1_stream0_vector
                0x00000000080006d0                dcmi_vector
                0x00000000080006d0                dma2_stream2_vector
                0x00000000080006d0                rtc_alarm_vector
                0x00000000080006d0                dma1_stream4_vector
                0x00000000080006d0                tim5_vector
                0x00000000080006d0                svcall_vector
                0x00000000080006d0                spi4_vector
                0x00000000080006d0                dma1_stream5_vector
                0x00000000080006d0                dma2_stream3_vector
                0x00000000080006d0                systick_vector
                0x00000000080006d0                exti2_vector
                0x00000000080006d0                tim8brk_tim12_vector
                0x00000000080006d0                usagefault_vector
                0x00000000080006d0                cryp_vector
                0x00000000080006d0                tim8cc_vector
                0x00000000080006d0                rtc_wkup_vector
                0x00000000080006d0                dma1_stream6_vector
                0x00000000080006d0                ltdc_vector
                0x00000000080006d0                memmanage_vector
                0x00000000080006d0                can1_tx_vector
                0x00000000080006d0                tim1brk_tim9_vector
                0x00000000080006d0                spi2_vector
                0x00000000080006d0                spi1_vector
                0x00000000080006d0                dbgmon_vector
                0x00000000080006d0                tim6_dac_vector
                0x00000000080006d0                hash_rng_vector
                0x00000000080006d0                can2_rx0_vector
                0x00000000080006d0                sdio_vector
                0x00000000080006d0                otg_hs_vector
                0x00000000080006d0                i2c1_ev_vector
                0x00000000080006d0                otg_fs_vector
                0x00000000080006d0                busfault_vector
                0x00000000080006d0                spi3_vector
                0x00000000080006d0                tim8up_tim13_vector
                0x00000000080006d0                exti1_vector
                0x00000000080006d0                otg_hs_ep1_out_vector
                0x00000000080006d0                sai1_vector
                0x00000000080006d0                tim3_vector
                0x00000000080006d0                dma2_stream6_vector
                0x00000000080006d0                dma1_stream1_vector
                0x00000000080006d0                tim8trg_tim14_vector
                0x00000000080006d0                fsmc_vector
                0x00000000080006d0                fpu_vector
                0x00000000080006d0                i2c3_ev_vector
                0x00000000080006d0                rcc_vector
                0x00000000080006d0                usart1_vector
                0x00000000080006d0                unmapped_vector
                0x00000000080006d0                dma2d_vector
                0x00000000080006d0                can2_rx1_vector
 .text.reset_vector
                0x00000000080006d4      0x14c bin/startup.o
                0x00000000080006d4                reset_vector
 .text.startup_clock_init_fail
                0x0000000008000820        0x4 bin/startup.o
                0x0000000008000820                startup_clock_init_fail
 .text          0x0000000008000824        0x0 bin/i2cFunc.o
 .text.writeRegisterI2C
                0x0000000008000824       0x58 bin/i2cFunc.o
                0x0000000008000824                writeRegisterI2C
 .text.readBytesI2C
                0x000000000800087c       0x90 bin/i2cFunc.o
                0x000000000800087c                readBytesI2C
 .text.isBusyI2CPort
                0x000000000800090c        0x8 bin/i2cFunc.o
                0x000000000800090c                isBusyI2CPort
 .text          0x0000000008000914        0x0 bin/spiFunc.o
 .text.udelay   0x0000000008000914       0x10 bin/spiFunc.o
                0x0000000008000914                udelay
 .text.writeBytesSPI
                0x0000000008000924       0xb0 bin/spiFunc.o
                0x0000000008000924                writeBytesSPI
 .text.writeRegisterSPI
                0x00000000080009d4       0x1c bin/spiFunc.o
                0x00000000080009d4                writeRegisterSPI
 .text.readSPIStatus
                0x00000000080009f0       0xb4 bin/spiFunc.o
                0x00000000080009f0                readSPIStatus
 .text.readBytesSPIAssert
                0x0000000008000aa4       0xc8 bin/spiFunc.o
                0x0000000008000aa4                readBytesSPIAssert
 .text.readCommmand
                0x0000000008000b6c       0x60 bin/spiFunc.o
                0x0000000008000b6c                readCommmand
 .text.readBytesSPI
                0x0000000008000bcc       0xac bin/spiFunc.o
                0x0000000008000bcc                readBytesSPI
 .text.ledsPattern
                0x0000000008000c78       0x38 bin/spiFunc.o
                0x0000000008000c78                ledsPattern
 .text.ledStatus
                0x0000000008000cb0       0xe0 bin/spiFunc.o
                0x0000000008000cb0                ledStatus
 .text          0x0000000008000d90        0x0 bin/leds.o
 .text.leds_init
                0x0000000008000d90       0x38 bin/leds.o
                0x0000000008000d90                leds_init
 .text.leds_on  0x0000000008000dc8       0x48 bin/leds.o
                0x0000000008000dc8                leds_on
 .text.leds_off
                0x0000000008000e10       0x48 bin/leds.o
                0x0000000008000e10                leds_off
 .text.leds_toggle
                0x0000000008000e58       0x54 bin/leds.o
                0x0000000008000e58                leds_toggle
 .text          0x0000000008000eac        0x0 bin/console.o
 .text.consoleInit
                0x0000000008000eac       0x5c bin/console.o
                0x0000000008000eac                consoleInit
 .text.consolePrint
                0x0000000008000f08       0x6c bin/console.o
                0x0000000008000f08                consolePrint
 .text          0x0000000008000f74        0x0 bin/stubs.o
 .text._sbrk    0x0000000008000f74       0x1c bin/stubs.o
                0x0000000008000f74                _sbrk
 .text._kill    0x0000000008000f90        0x8 bin/stubs.o
                0x0000000008000f90                _kill
 .text._exit    0x0000000008000f98        0x4 bin/stubs.o
                0x0000000008000f98                _exit
 .text._getpid  0x0000000008000f9c        0x4 bin/stubs.o
                0x0000000008000f9c                _getpid
 .text._write   0x0000000008000fa0       0x10 bin/stubs.o
                0x0000000008000fa0                _write
 .text._close   0x0000000008000fb0        0x8 bin/stubs.o
                0x0000000008000fb0                _close
 .text._fstat   0x0000000008000fb8        0xc bin/stubs.o
                0x0000000008000fb8                _fstat
 .text._isatty  0x0000000008000fc4        0x4 bin/stubs.o
                0x0000000008000fc4                _isatty
 .text._lseek   0x0000000008000fc8        0x4 bin/stubs.o
                0x0000000008000fc8                _lseek
 .text._read    0x0000000008000fcc        0x4 bin/stubs.o
                0x0000000008000fcc                _read
 .text.fputc    0x0000000008000fd0        0x4 bin/stubs.o
                0x0000000008000fd0                fputc
 .text._ttywrch
                0x0000000008000fd4        0x4 bin/stubs.o
                0x0000000008000fd4                _ttywrch
 .text          0x0000000008000fd8        0x0 bin/enet.o
 .text.enet_read_phy_reg
                0x0000000008000fd8       0x2c bin/enet.o
                0x0000000008000fd8                enet_read_phy_reg
 .text.enet_write_phy_reg
                0x0000000008001004       0x60 bin/enet.o
                0x0000000008001004                enet_write_phy_reg
 .text.enet_init
                0x0000000008001064      0x434 bin/enet.o
                0x0000000008001064                enet_init
 .text.eth_vector
                0x0000000008001498       0xdc bin/enet.o
                0x0000000008001498                eth_vector
 .text.enet_get_link_status
                0x0000000008001574       0x58 bin/enet.o
                0x0000000008001574                enet_get_link_status
 .text.eth_send_raw_packet
                0x00000000080015cc       0x7c bin/enet.o
                0x00000000080015cc                eth_send_raw_packet
 .text.eth_htons
                0x0000000008001648        0x8 bin/enet.o
                0x0000000008001648                eth_htons
 .text.eth_htonl
                0x0000000008001650        0x4 bin/enet.o
                0x0000000008001650                eth_htonl
 .text.enet_send_udp_ucast
                0x0000000008001654       0xe4 bin/enet.o
                0x0000000008001654                enet_send_udp_ucast
 .text.enet_send_udp_mcast
                0x0000000008001738       0x44 bin/enet.o
                0x0000000008001738                enet_send_udp_mcast
 .text.eth_dispatch_udp
                0x000000000800177c       0x88 bin/enet.o
                0x000000000800177c                eth_dispatch_udp
 .text.eth_dispatch_ip
                0x0000000008001804       0x30 bin/enet.o
                0x0000000008001804                eth_dispatch_ip
 .text.eth_dispatch_eth
                0x0000000008001834       0x14 bin/enet.o
                0x0000000008001834                eth_dispatch_eth
 .text.enetRX   0x0000000008001848       0xa8 bin/enet.o
                0x0000000008001848                enetRX
 .text.enetTX   0x00000000080018f0       0x2c bin/enet.o
                0x00000000080018f0                enetTX
 .text.ethernetService
                0x000000000800191c       0x2c bin/enet.o
                0x000000000800191c                ethernetService
 .text          0x0000000008001948        0x0 bin/systime.o
 .text.systime_init
                0x0000000008001948       0x44 bin/systime.o
                0x0000000008001948                systime_init
 .text          0x000000000800198c        0x0 bin/dmxl.o
 .text.dmxl_tx.part.1
                0x000000000800198c       0x8c bin/dmxl.o
 .text.dmxl_write_data
                0x0000000008001a18       0x44 bin/dmxl.o
 .text.dmxl_read_data.constprop.3
                0x0000000008001a5c       0x30 bin/dmxl.o
 .text.usart3_vector
                0x0000000008001a8c       0x3c bin/dmxl.o
                0x0000000008001a8c                usart3_vector
 .text.uart4_vector
                0x0000000008001ac8       0x44 bin/dmxl.o
                0x0000000008001ac8                uart4_vector
 .text.uart5_vector
                0x0000000008001b0c       0x44 bin/dmxl.o
                0x0000000008001b0c                uart5_vector
 .text.usart6_vector
                0x0000000008001b50       0x44 bin/dmxl.o
                0x0000000008001b50                usart6_vector
 .text.dmxl_set_usart_baud
                0x0000000008001b94       0x68 bin/dmxl.o
                0x0000000008001b94                dmxl_set_usart_baud
 .text.dmxl_init
                0x0000000008001bfc      0x1a4 bin/dmxl.o
                0x0000000008001bfc                dmxl_init
 .text.dmxl_process_ring
                0x0000000008001da0      0x1f4 bin/dmxl.o
                0x0000000008001da0                dmxl_process_ring
 .text.dmxl_set_status_return_levels
                0x0000000008001f94       0xb0 bin/dmxl.o
                0x0000000008001f94                dmxl_set_status_return_levels
 .text.dmxl_set_baud_rates
                0x0000000008002044       0xdc bin/dmxl.o
                0x0000000008002044                dmxl_set_baud_rates
 .text.dmxl_process_rings
                0x0000000008002120       0x20 bin/dmxl.o
                0x0000000008002120                dmxl_process_rings
 .text.dmxl_set_led
                0x0000000008002140       0x20 bin/dmxl.o
                0x0000000008002140                dmxl_set_led
 .text.dmxl_set_torque_enable
                0x0000000008002160       0x20 bin/dmxl.o
                0x0000000008002160                dmxl_set_torque_enable
 .text.dmxl_set_angle_limits
                0x0000000008002180       0x2c bin/dmxl.o
                0x0000000008002180                dmxl_set_angle_limits
 .text.dmxl_set_res_divider
                0x00000000080021ac       0x18 bin/dmxl.o
                0x00000000080021ac                dmxl_set_res_divider
 .text.dmxl_set_multiturn_offset
                0x00000000080021c4       0x20 bin/dmxl.o
                0x00000000080021c4                dmxl_set_multiturn_offset
 .text.dmxl_set_speed_dir
                0x00000000080021e4       0x2c bin/dmxl.o
                0x00000000080021e4                dmxl_set_speed_dir
 .text.dmxl_set_control_mode
                0x0000000008002210       0xe8 bin/dmxl.o
                0x0000000008002210                dmxl_set_control_mode
 .text.dmxl_set_control_target
                0x00000000080022f8       0x38 bin/dmxl.o
                0x00000000080022f8                dmxl_set_control_target
 .text.dmxl_set_all_control_targets
                0x0000000008002330       0xf4 bin/dmxl.o
                0x0000000008002330                dmxl_set_all_control_targets
 .text.dmxl_poll
                0x0000000008002424       0x8c bin/dmxl.o
                0x0000000008002424                dmxl_poll
 .text.dmxl_poll_nonblocking_tick
                0x00000000080024b0      0x18c bin/dmxl.o
                0x00000000080024b0                dmxl_poll_nonblocking_tick
 .text.dmxl_all_available
                0x000000000800263c       0x20 bin/dmxl.o
                0x000000000800263c                dmxl_all_available
 .text          0x000000000800265c        0x0 bin/fan.o
 .text.fan_init
                0x000000000800265c       0x20 bin/fan.o
                0x000000000800265c                fan_init
 .text.fan_on   0x000000000800267c       0x18 bin/fan.o
                0x000000000800267c                fan_on
 .text.fan_off  0x0000000008002694       0x18 bin/fan.o
                0x0000000008002694                fan_off
 .text          0x00000000080026ac        0x0 bin/takktile.o
 .text.takktile_bridge_spi_txrx.part.0
                0x00000000080026ac       0xcc bin/takktile.o
 .text.takktile_bridge_read_reg
                0x0000000008002778       0x3c bin/takktile.o
 .text.takktile_i2c_async_start.part.1
                0x00000000080027b4       0xb8 bin/takktile.o
 .text.takktile_internal_i2c_async_tick.part.2
                0x000000000800286c      0x1ac bin/takktile.o
 .text.takktile_i2c_async_start
                0x0000000008002a18        0xc bin/takktile.o
                0x0000000008002a18                takktile_i2c_async_start
 .text.takktile_internal_i2c_async_tick
                0x0000000008002a24        0xc bin/takktile.o
                0x0000000008002a24                takktile_internal_i2c_async_tick
 .text.takktile_bridged_i2c_async_tick
                0x0000000008002a30      0x280 bin/takktile.o
                0x0000000008002a30                takktile_bridged_i2c_async_tick
 .text.takktile_i2c_async_tick
                0x0000000008002cb0       0x14 bin/takktile.o
                0x0000000008002cb0                takktile_i2c_async_tick
 .text.takktile_bridge_reset
                0x0000000008002cc4       0x5c bin/takktile.o
                0x0000000008002cc4                takktile_bridge_reset
 .text.takktileInit
                0x0000000008002d20       0x78 bin/takktile.o
                0x0000000008002d20                takktileInit
 .text.takktile_bridge_wait_for_completion
                0x0000000008002d98       0x64 bin/takktile.o
                0x0000000008002d98                takktile_bridge_wait_for_completion
 .text.takktile_bridge_i2c_write
                0x0000000008002dfc       0x5c bin/takktile.o
 .text.takktile_i2c
                0x0000000008002e58      0x1f4 bin/takktile.o
                0x0000000008002e58                takktile_i2c
 .text.takktile_poll_nonblocking_tick
                0x000000000800304c      0x468 bin/takktile.o
                0x000000000800304c                takktile_poll_nonblocking_tick
 .text          0x00000000080034b4        0x0 bin/pin.o
 .text.pin_set_output_type
                0x00000000080034b4       0x1c bin/pin.o
                0x00000000080034b4                pin_set_output_type
 .text.pin_set_alternate_function
                0x00000000080034d0       0x5c bin/pin.o
                0x00000000080034d0                pin_set_alternate_function
 .text.pin_set_output
                0x000000000800352c       0x20 bin/pin.o
                0x000000000800352c                pin_set_output
 .text.pin_set_output_level
                0x000000000800354c       0x14 bin/pin.o
                0x000000000800354c                pin_set_output_level
 .text          0x0000000008003560        0x0 bin/enc.o
 .text.encInit  0x0000000008003560       0x24 bin/enc.o
                0x0000000008003560                encInit
 .text.checkTimeout
                0x0000000008003584       0x14 bin/enc.o
                0x0000000008003584                checkTimeout
 .text.readEncoderI2C
                0x0000000008003598       0x60 bin/enc.o
                0x0000000008003598                readEncoderI2C
 .text.readEncoderSPI
                0x00000000080035f8       0x60 bin/enc.o
                0x00000000080035f8                readEncoderSPI
 .text.enc_poll_nonblocking_tick
                0x0000000008003658      0x160 bin/enc.o
                0x0000000008003658                enc_poll_nonblocking_tick
 .text          0x00000000080037b8        0x0 bin/state.o
 .text.state_init
                0x00000000080037b8       0x5c bin/state.o
                0x00000000080037b8                state_init
 .text          0x0000000008003814        0x0 bin/async_poll.o
 .text.asyncInit
                0x0000000008003814       0x30 bin/async_poll.o
                0x0000000008003814                asyncInit
 .text.asyncUpdate
                0x0000000008003844       0x30 bin/async_poll.o
                0x0000000008003844                asyncUpdate
 .text          0x0000000008003874        0x0 bin/delay.o
 .text.delay_ns
                0x0000000008003874       0x28 bin/delay.o
                0x0000000008003874                delay_ns
 .text.delay_us
                0x000000000800389c       0x24 bin/delay.o
                0x000000000800389c                delay_us
 .text.delay_ms
                0x00000000080038c0       0x34 bin/delay.o
                0x00000000080038c0                delay_ms
 .text          0x00000000080038f4        0x0 bin/error.o
 .text.setLEDs  0x00000000080038f4       0x30 bin/error.o
                0x00000000080038f4                setLEDs
 .text.errorService
                0x0000000008003924       0xbc bin/error.o
                0x0000000008003924                errorService
 .text.err_set  0x00000000080039e0        0xc bin/error.o
                0x00000000080039e0                err_set
 .text.err_unset
                0x00000000080039ec        0xc bin/error.o
                0x00000000080039ec                err_unset
 .text          0x00000000080039f8        0x0 /usr/bin/../lib/gcc/arm-none-eabi/4.9.3/../../../../arm-none-eabi/lib/armv7e-m/fpu/libc.a(lib_a-exit.o)
 .text.exit     0x00000000080039f8       0x20 /usr/bin/../lib/gcc/arm-none-eabi/4.9.3/../../../../arm-none-eabi/lib/armv7e-m/fpu/libc.a(lib_a-exit.o)
                0x00000000080039f8                exit
 .text          0x0000000008003a18        0x0 /usr/bin/../lib/gcc/arm-none-eabi/4.9.3/../../../../arm-none-eabi/lib/armv7e-m/fpu/libc.a(lib_a-impure.o)
 .text          0x0000000008003a18        0x0 /usr/bin/../lib/gcc/arm-none-eabi/4.9.3/../../../../arm-none-eabi/lib/armv7e-m/fpu/libc.a(lib_a-init.o)
 .text.__libc_init_array
                0x0000000008003a18       0x50 /usr/bin/../lib/gcc/arm-none-eabi/4.9.3/../../../../arm-none-eabi/lib/armv7e-m/fpu/libc.a(lib_a-init.o)
                0x0000000008003a18                __libc_init_array
 .text          0x0000000008003a68      0x134 /usr/bin/../lib/gcc/arm-none-eabi/4.9.3/../../../../arm-none-eabi/lib/armv7e-m/fpu/libc.a(lib_a-memcpy.o)
                0x0000000008003a68                memcpy
 .text          0x0000000008003b9c        0x0 /usr/bin/../lib/gcc/arm-none-eabi/4.9.3/../../../../arm-none-eabi/lib/armv7e-m/fpu/libc.a(lib_a-memset.o)
 .text.memset   0x0000000008003b9c       0x9c /usr/bin/../lib/gcc/arm-none-eabi/4.9.3/../../../../arm-none-eabi/lib/armv7e-m/fpu/libc.a(lib_a-memset.o)
                0x0000000008003b9c                memset
 .text          0x0000000008003c38        0x0 /usr/bin/../lib/gcc/arm-none-eabi/4.9.3/../../../../arm-none-eabi/lib/armv7e-m/fpu/libc.a(lib_a-printf.o)
 .text._printf_r
                0x0000000008003c38       0x20 /usr/bin/../lib/gcc/arm-none-eabi/4.9.3/../../../../arm-none-eabi/lib/armv7e-m/fpu/libc.a(lib_a-printf.o)
                0x0000000008003c38                _printf_r
 .text.printf   0x0000000008003c58       0x28 /usr/bin/../lib/gcc/arm-none-eabi/4.9.3/../../../../arm-none-eabi/lib/armv7e-m/fpu/libc.a(lib_a-printf.o)
                0x0000000008003c58                printf
 .text          0x0000000008003c80        0x0 /usr/bin/../lib/gcc/arm-none-eabi/4.9.3/../../../../arm-none-eabi/lib/armv7e-m/fpu/libc.a(lib_a-putchar.o)
 .text._putchar_r
                0x0000000008003c80        0x8 /usr/bin/../lib/gcc/arm-none-eabi/4.9.3/../../../../arm-none-eabi/lib/armv7e-m/fpu/libc.a(lib_a-putchar.o)
                0x0000000008003c80                _putchar_r
 .text.putchar  0x0000000008003c88       0x14 /usr/bin/../lib/gcc/arm-none-eabi/4.9.3/../../../../arm-none-eabi/lib/armv7e-m/fpu/libc.a(lib_a-putchar.o)
                0x0000000008003c88                putchar
 .text          0x0000000008003c9c        0x0 /usr/bin/../lib/gcc/arm-none-eabi/4.9.3/../../../../arm-none-eabi/lib/armv7e-m/fpu/libc.a(lib_a-puts.o)
 .text._puts_r  0x0000000008003c9c       0x64 /usr/bin/../lib/gcc/arm-none-eabi/4.9.3/../../../../arm-none-eabi/lib/armv7e-m/fpu/libc.a(lib_a-puts.o)
                0x0000000008003c9c                _puts_r
 .text.puts     0x0000000008003d00       0x10 /usr/bin/../lib/gcc/arm-none-eabi/4.9.3/../../../../arm-none-eabi/lib/armv7e-m/fpu/libc.a(lib_a-puts.o)
                0x0000000008003d00                puts
 .text          0x0000000008003d10        0x0 /usr/bin/../lib/gcc/arm-none-eabi/4.9.3/../../../../arm-none-eabi/lib/armv7e-m/fpu/libc.a(lib_a-strlen.o)
 .text.strlen   0x0000000008003d10       0x5c /usr/bin/../lib/gcc/arm-none-eabi/4.9.3/../../../../arm-none-eabi/lib/armv7e-m/fpu/libc.a(lib_a-strlen.o)
                0x0000000008003d10                strlen
 .text          0x0000000008003d6c        0x0 /usr/bin/../lib/gcc/arm-none-eabi/4.9.3/../../../../arm-none-eabi/lib/armv7e-m/fpu/libc.a(lib_a-vfprintf.o)
 *fill*         0x0000000008003d6c        0x4 
 .text._vfprintf_r
                0x0000000008003d70     0x1424 /usr/bin/../lib/gcc/arm-none-eabi/4.9.3/../../../../arm-none-eabi/lib/armv7e-m/fpu/libc.a(lib_a-vfprintf.o)
                0x0000000008003d70                _vfprintf_r
 .text.vfprintf
                0x0000000008005194       0x18 /usr/bin/../lib/gcc/arm-none-eabi/4.9.3/../../../../arm-none-eabi/lib/armv7e-m/fpu/libc.a(lib_a-vfprintf.o)
                0x0000000008005194                vfprintf
 .text.__sbprintf
                0x00000000080051ac       0x78 /usr/bin/../lib/gcc/arm-none-eabi/4.9.3/../../../../arm-none-eabi/lib/armv7e-m/fpu/libc.a(lib_a-vfprintf.o)
 .text          0x0000000008005224        0x0 /usr/bin/../lib/gcc/arm-none-eabi/4.9.3/../../../../arm-none-eabi/lib/armv7e-m/fpu/libc.a(lib_a-wsetup.o)
 .text.__swsetup_r
                0x0000000008005224       0xc4 /usr/bin/../lib/gcc/arm-none-eabi/4.9.3/../../../../arm-none-eabi/lib/armv7e-m/fpu/libc.a(lib_a-wsetup.o)
                0x0000000008005224                __swsetup_r
 .text          0x00000000080052e8        0x0 /usr/bin/../lib/gcc/arm-none-eabi/4.9.3/../../../../arm-none-eabi/lib/armv7e-m/fpu/libc.a(lib_a-__call_atexit.o)
 .text.startup.register_fini
                0x00000000080052e8       0x14 /usr/bin/../lib/gcc/arm-none-eabi/4.9.3/../../../../arm-none-eabi/lib/armv7e-m/fpu/libc.a(lib_a-__call_atexit.o)
 .text.__call_exitprocs
                0x00000000080052fc       0xd4 /usr/bin/../lib/gcc/arm-none-eabi/4.9.3/../../../../arm-none-eabi/lib/armv7e-m/fpu/libc.a(lib_a-__call_atexit.o)
                0x00000000080052fc                __call_exitprocs
 .text          0x00000000080053d0        0x0 /usr/bin/../lib/gcc/arm-none-eabi/4.9.3/../../../../arm-none-eabi/lib/armv7e-m/fpu/libc.a(lib_a-atexit.o)
 .text.atexit   0x00000000080053d0        0xc /usr/bin/../lib/gcc/arm-none-eabi/4.9.3/../../../../arm-none-eabi/lib/armv7e-m/fpu/libc.a(lib_a-atexit.o)
                0x00000000080053d0                atexit
 .text          0x00000000080053dc        0x0 /usr/bin/../lib/gcc/arm-none-eabi/4.9.3/../../../../arm-none-eabi/lib/armv7e-m/fpu/libc.a(lib_a-dtoa.o)
 .text.quorem   0x00000000080053dc      0x12c /usr/bin/../lib/gcc/arm-none-eabi/4.9.3/../../../../arm-none-eabi/lib/armv7e-m/fpu/libc.a(lib_a-dtoa.o)
 .text._dtoa_r  0x0000000008005508      0xea4 /usr/bin/../lib/gcc/arm-none-eabi/4.9.3/../../../../arm-none-eabi/lib/armv7e-m/fpu/libc.a(lib_a-dtoa.o)
                0x0000000008005508                _dtoa_r
 .text          0x00000000080063ac        0x0 /usr/bin/../lib/gcc/arm-none-eabi/4.9.3/../../../../arm-none-eabi/lib/armv7e-m/fpu/libc.a(lib_a-fflush.o)
 .text.__sflush_r
                0x00000000080063ac      0x154 /usr/bin/../lib/gcc/arm-none-eabi/4.9.3/../../../../arm-none-eabi/lib/armv7e-m/fpu/libc.a(lib_a-fflush.o)
                0x00000000080063ac                __sflush_r
 .text._fflush_r
                0x0000000008006500       0x2c /usr/bin/../lib/gcc/arm-none-eabi/4.9.3/../../../../arm-none-eabi/lib/armv7e-m/fpu/libc.a(lib_a-fflush.o)
                0x0000000008006500                _fflush_r
 .text.fflush   0x000000000800652c       0x24 /usr/bin/../lib/gcc/arm-none-eabi/4.9.3/../../../../arm-none-eabi/lib/armv7e-m/fpu/libc.a(lib_a-fflush.o)
                0x000000000800652c                fflush
 .text          0x0000000008006550        0x0 /usr/bin/../lib/gcc/arm-none-eabi/4.9.3/../../../../arm-none-eabi/lib/armv7e-m/fpu/libc.a(lib_a-findfp.o)
 .text.__fp_lock
                0x0000000008006550        0x4 /usr/bin/../lib/gcc/arm-none-eabi/4.9.3/../../../../arm-none-eabi/lib/armv7e-m/fpu/libc.a(lib_a-findfp.o)
 .text.__fp_unlock
                0x0000000008006554        0x4 /usr/bin/../lib/gcc/arm-none-eabi/4.9.3/../../../../arm-none-eabi/lib/armv7e-m/fpu/libc.a(lib_a-findfp.o)
 .text._cleanup_r
                0x0000000008006558        0xc /usr/bin/../lib/gcc/arm-none-eabi/4.9.3/../../../../arm-none-eabi/lib/armv7e-m/fpu/libc.a(lib_a-findfp.o)
                0x0000000008006558                _cleanup_r
 .text.__sinit.part.1
                0x0000000008006564       0xf0 /usr/bin/../lib/gcc/arm-none-eabi/4.9.3/../../../../arm-none-eabi/lib/armv7e-m/fpu/libc.a(lib_a-findfp.o)
 .text.__sfmoreglue
                0x0000000008006654       0x30 /usr/bin/../lib/gcc/arm-none-eabi/4.9.3/../../../../arm-none-eabi/lib/armv7e-m/fpu/libc.a(lib_a-findfp.o)
                0x0000000008006654                __sfmoreglue
 .text.__sfp    0x0000000008006684       0x88 /usr/bin/../lib/gcc/arm-none-eabi/4.9.3/../../../../arm-none-eabi/lib/armv7e-m/fpu/libc.a(lib_a-findfp.o)
                0x0000000008006684                __sfp
 .text._cleanup
                0x000000000800670c       0x14 /usr/bin/../lib/gcc/arm-none-eabi/4.9.3/../../../../arm-none-eabi/lib/armv7e-m/fpu/libc.a(lib_a-findfp.o)
                0x000000000800670c                _cleanup
 .text.__sinit  0x0000000008006720        0xc /usr/bin/../lib/gcc/arm-none-eabi/4.9.3/../../../../arm-none-eabi/lib/armv7e-m/fpu/libc.a(lib_a-findfp.o)
                0x0000000008006720                __sinit
 .text.__sfp_lock_acquire
                0x000000000800672c        0x4 /usr/bin/../lib/gcc/arm-none-eabi/4.9.3/../../../../arm-none-eabi/lib/armv7e-m/fpu/libc.a(lib_a-findfp.o)
                0x000000000800672c                __sfp_lock_acquire
 .text.__sfp_lock_release
                0x0000000008006730        0x4 /usr/bin/../lib/gcc/arm-none-eabi/4.9.3/../../../../arm-none-eabi/lib/armv7e-m/fpu/libc.a(lib_a-findfp.o)
                0x0000000008006730                __sfp_lock_release
 .text.__sinit_lock_acquire
                0x0000000008006734        0x4 /usr/bin/../lib/gcc/arm-none-eabi/4.9.3/../../../../arm-none-eabi/lib/armv7e-m/fpu/libc.a(lib_a-findfp.o)
                0x0000000008006734                __sinit_lock_acquire
 .text.__sinit_lock_release
                0x0000000008006738        0x4 /usr/bin/../lib/gcc/arm-none-eabi/4.9.3/../../../../arm-none-eabi/lib/armv7e-m/fpu/libc.a(lib_a-findfp.o)
                0x0000000008006738                __sinit_lock_release
 .text.__fp_lock_all
                0x000000000800673c       0x14 /usr/bin/../lib/gcc/arm-none-eabi/4.9.3/../../../../arm-none-eabi/lib/armv7e-m/fpu/libc.a(lib_a-findfp.o)
                0x000000000800673c                __fp_lock_all
 .text.__fp_unlock_all
                0x0000000008006750       0x14 /usr/bin/../lib/gcc/arm-none-eabi/4.9.3/../../../../arm-none-eabi/lib/armv7e-m/fpu/libc.a(lib_a-findfp.o)
                0x0000000008006750                __fp_unlock_all
 .text          0x0000000008006764        0x0 /usr/bin/../lib/gcc/arm-none-eabi/4.9.3/../../../../arm-none-eabi/lib/armv7e-m/fpu/libc.a(lib_a-fini.o)
 .text.__libc_fini_array
                0x0000000008006764       0x2c /usr/bin/../lib/gcc/arm-none-eabi/4.9.3/../../../../arm-none-eabi/lib/armv7e-m/fpu/libc.a(lib_a-fini.o)
                0x0000000008006764                __libc_fini_array
 .text          0x0000000008006790        0x0 /usr/bin/../lib/gcc/arm-none-eabi/4.9.3/../../../../arm-none-eabi/lib/armv7e-m/fpu/libc.a(lib_a-freer.o)
 .text._malloc_trim_r
                0x0000000008006790       0x9c /usr/bin/../lib/gcc/arm-none-eabi/4.9.3/../../../../arm-none-eabi/lib/armv7e-m/fpu/libc.a(lib_a-freer.o)
                0x0000000008006790                _malloc_trim_r
 .text._free_r  0x000000000800682c      0x1b0 /usr/bin/../lib/gcc/arm-none-eabi/4.9.3/../../../../arm-none-eabi/lib/armv7e-m/fpu/libc.a(lib_a-freer.o)
                0x000000000800682c                _free_r
 .text          0x00000000080069dc        0x0 /usr/bin/../lib/gcc/arm-none-eabi/4.9.3/../../../../arm-none-eabi/lib/armv7e-m/fpu/libc.a(lib_a-fvwrite.o)
 .text.__sfvwrite_r
                0x00000000080069dc      0x318 /usr/bin/../lib/gcc/arm-none-eabi/4.9.3/../../../../arm-none-eabi/lib/armv7e-m/fpu/libc.a(lib_a-fvwrite.o)
                0x00000000080069dc                __sfvwrite_r
 .text          0x0000000008006cf4        0x0 /usr/bin/../lib/gcc/arm-none-eabi/4.9.3/../../../../arm-none-eabi/lib/armv7e-m/fpu/libc.a(lib_a-fwalk.o)
 .text._fwalk   0x0000000008006cf4       0x4c /usr/bin/../lib/gcc/arm-none-eabi/4.9.3/../../../../arm-none-eabi/lib/armv7e-m/fpu/libc.a(lib_a-fwalk.o)
                0x0000000008006cf4                _fwalk
 .text._fwalk_reent
                0x0000000008006d40       0x54 /usr/bin/../lib/gcc/arm-none-eabi/4.9.3/../../../../arm-none-eabi/lib/armv7e-m/fpu/libc.a(lib_a-fwalk.o)
                0x0000000008006d40                _fwalk_reent
 .text          0x0000000008006d94        0x0 /usr/bin/../lib/gcc/arm-none-eabi/4.9.3/../../../../arm-none-eabi/lib/armv7e-m/fpu/libc.a(lib_a-locale.o)
 .text._setlocale_r
                0x0000000008006d94       0x44 /usr/bin/../lib/gcc/arm-none-eabi/4.9.3/../../../../arm-none-eabi/lib/armv7e-m/fpu/libc.a(lib_a-locale.o)
                0x0000000008006d94                _setlocale_r
 .text.__locale_charset
                0x0000000008006dd8        0x8 /usr/bin/../lib/gcc/arm-none-eabi/4.9.3/../../../../arm-none-eabi/lib/armv7e-m/fpu/libc.a(lib_a-locale.o)
                0x0000000008006dd8                __locale_charset
 .text.__locale_mb_cur_max
                0x0000000008006de0        0xc /usr/bin/../lib/gcc/arm-none-eabi/4.9.3/../../../../arm-none-eabi/lib/armv7e-m/fpu/libc.a(lib_a-locale.o)
                0x0000000008006de0                __locale_mb_cur_max
 .text.__locale_msgcharset
                0x0000000008006dec        0x8 /usr/bin/../lib/gcc/arm-none-eabi/4.9.3/../../../../arm-none-eabi/lib/armv7e-m/fpu/libc.a(lib_a-locale.o)
                0x0000000008006dec                __locale_msgcharset
 .text.__locale_cjk_lang
                0x0000000008006df4        0x4 /usr/bin/../lib/gcc/arm-none-eabi/4.9.3/../../../../arm-none-eabi/lib/armv7e-m/fpu/libc.a(lib_a-locale.o)
                0x0000000008006df4                __locale_cjk_lang
 .text._localeconv_r
                0x0000000008006df8        0x8 /usr/bin/../lib/gcc/arm-none-eabi/4.9.3/../../../../arm-none-eabi/lib/armv7e-m/fpu/libc.a(lib_a-locale.o)
                0x0000000008006df8                _localeconv_r
 .text.setlocale
                0x0000000008006e00       0x10 /usr/bin/../lib/gcc/arm-none-eabi/4.9.3/../../../../arm-none-eabi/lib/armv7e-m/fpu/libc.a(lib_a-locale.o)
                0x0000000008006e00                setlocale
 .text.localeconv
                0x0000000008006e10        0x8 /usr/bin/../lib/gcc/arm-none-eabi/4.9.3/../../../../arm-none-eabi/lib/armv7e-m/fpu/libc.a(lib_a-locale.o)
                0x0000000008006e10                localeconv
 .text          0x0000000008006e18        0x0 /usr/bin/../lib/gcc/arm-none-eabi/4.9.3/../../../../arm-none-eabi/lib/armv7e-m/fpu/libc.a(lib_a-makebuf.o)
 .text.__smakebuf_r
                0x0000000008006e18       0xe0 /usr/bin/../lib/gcc/arm-none-eabi/4.9.3/../../../../arm-none-eabi/lib/armv7e-m/fpu/libc.a(lib_a-makebuf.o)
                0x0000000008006e18                __smakebuf_r
 .text          0x0000000008006ef8        0x0 /usr/bin/../lib/gcc/arm-none-eabi/4.9.3/../../../../arm-none-eabi/lib/armv7e-m/fpu/libc.a(lib_a-mallocr.o)
 .text._malloc_r
                0x0000000008006ef8      0x524 /usr/bin/../lib/gcc/arm-none-eabi/4.9.3/../../../../arm-none-eabi/lib/armv7e-m/fpu/libc.a(lib_a-mallocr.o)
                0x0000000008006ef8                _malloc_r
 .text          0x000000000800741c        0x0 /usr/bin/../lib/gcc/arm-none-eabi/4.9.3/../../../../arm-none-eabi/lib/armv7e-m/fpu/libc.a(lib_a-memchr.o)
 .text.memchr   0x000000000800741c       0x94 /usr/bin/../lib/gcc/arm-none-eabi/4.9.3/../../../../arm-none-eabi/lib/armv7e-m/fpu/libc.a(lib_a-memchr.o)
                0x000000000800741c                memchr
 .text          0x00000000080074b0        0x0 /usr/bin/../lib/gcc/arm-none-eabi/4.9.3/../../../../arm-none-eabi/lib/armv7e-m/fpu/libc.a(lib_a-memmove.o)
 .text.memmove  0x00000000080074b0       0xc8 /usr/bin/../lib/gcc/arm-none-eabi/4.9.3/../../../../arm-none-eabi/lib/armv7e-m/fpu/libc.a(lib_a-memmove.o)
                0x00000000080074b0                memmove
 .text          0x0000000008007578        0x0 /usr/bin/../lib/gcc/arm-none-eabi/4.9.3/../../../../arm-none-eabi/lib/armv7e-m/fpu/libc.a(lib_a-mlock.o)
 .text.__malloc_lock
                0x0000000008007578        0x4 /usr/bin/../lib/gcc/arm-none-eabi/4.9.3/../../../../arm-none-eabi/lib/armv7e-m/fpu/libc.a(lib_a-mlock.o)
                0x0000000008007578                __malloc_lock
 .text.__malloc_unlock
                0x000000000800757c        0x4 /usr/bin/../lib/gcc/arm-none-eabi/4.9.3/../../../../arm-none-eabi/lib/armv7e-m/fpu/libc.a(lib_a-mlock.o)
                0x000000000800757c                __malloc_unlock
 .text          0x0000000008007580        0x0 /usr/bin/../lib/gcc/arm-none-eabi/4.9.3/../../../../arm-none-eabi/lib/armv7e-m/fpu/libc.a(lib_a-mprec.o)
 .text._Balloc  0x0000000008007580       0x4c /usr/bin/../lib/gcc/arm-none-eabi/4.9.3/../../../../arm-none-eabi/lib/armv7e-m/fpu/libc.a(lib_a-mprec.o)
                0x0000000008007580                _Balloc
 .text._Bfree   0x00000000080075cc       0x14 /usr/bin/../lib/gcc/arm-none-eabi/4.9.3/../../../../arm-none-eabi/lib/armv7e-m/fpu/libc.a(lib_a-mprec.o)
                0x00000000080075cc                _Bfree
 .text.__multadd
                0x00000000080075e0       0x84 /usr/bin/../lib/gcc/arm-none-eabi/4.9.3/../../../../arm-none-eabi/lib/armv7e-m/fpu/libc.a(lib_a-mprec.o)
                0x00000000080075e0                __multadd
 .text.__s2b    0x0000000008007664       0x98 /usr/bin/../lib/gcc/arm-none-eabi/4.9.3/../../../../arm-none-eabi/lib/armv7e-m/fpu/libc.a(lib_a-mprec.o)
                0x0000000008007664                __s2b
 .text.__hi0bits
                0x00000000080076fc       0x40 /usr/bin/../lib/gcc/arm-none-eabi/4.9.3/../../../../arm-none-eabi/lib/armv7e-m/fpu/libc.a(lib_a-mprec.o)
                0x00000000080076fc                __hi0bits
 .text.__lo0bits
                0x000000000800773c       0x5c /usr/bin/../lib/gcc/arm-none-eabi/4.9.3/../../../../arm-none-eabi/lib/armv7e-m/fpu/libc.a(lib_a-mprec.o)
                0x000000000800773c                __lo0bits
 .text.__i2b    0x0000000008007798       0x14 /usr/bin/../lib/gcc/arm-none-eabi/4.9.3/../../../../arm-none-eabi/lib/armv7e-m/fpu/libc.a(lib_a-mprec.o)
                0x0000000008007798                __i2b
 .text.__multiply
                0x00000000080077ac      0x134 /usr/bin/../lib/gcc/arm-none-eabi/4.9.3/../../../../arm-none-eabi/lib/armv7e-m/fpu/libc.a(lib_a-mprec.o)
                0x00000000080077ac                __multiply
 .text.__pow5mult
                0x00000000080078e0       0xa0 /usr/bin/../lib/gcc/arm-none-eabi/4.9.3/../../../../arm-none-eabi/lib/armv7e-m/fpu/libc.a(lib_a-mprec.o)
                0x00000000080078e0                __pow5mult
 .text.__lshift
                0x0000000008007980       0xac /usr/bin/../lib/gcc/arm-none-eabi/4.9.3/../../../../arm-none-eabi/lib/armv7e-m/fpu/libc.a(lib_a-mprec.o)
                0x0000000008007980                __lshift
 .text.__mcmp   0x0000000008007a2c       0x48 /usr/bin/../lib/gcc/arm-none-eabi/4.9.3/../../../../arm-none-eabi/lib/armv7e-m/fpu/libc.a(lib_a-mprec.o)
                0x0000000008007a2c                __mcmp
 .text.__mdiff  0x0000000008007a74       0xd4 /usr/bin/../lib/gcc/arm-none-eabi/4.9.3/../../../../arm-none-eabi/lib/armv7e-m/fpu/libc.a(lib_a-mprec.o)
                0x0000000008007a74                __mdiff
 .text.__ulp    0x0000000008007b48       0x50 /usr/bin/../lib/gcc/arm-none-eabi/4.9.3/../../../../arm-none-eabi/lib/armv7e-m/fpu/libc.a(lib_a-mprec.o)
                0x0000000008007b48                __ulp
 .text.__b2d    0x0000000008007b98       0xc4 /usr/bin/../lib/gcc/arm-none-eabi/4.9.3/../../../../arm-none-eabi/lib/armv7e-m/fpu/libc.a(lib_a-mprec.o)
                0x0000000008007b98                __b2d
 .text.__d2b    0x0000000008007c5c       0xbc /usr/bin/../lib/gcc/arm-none-eabi/4.9.3/../../../../arm-none-eabi/lib/armv7e-m/fpu/libc.a(lib_a-mprec.o)
                0x0000000008007c5c                __d2b
 .text.__ratio  0x0000000008007d18       0x60 /usr/bin/../lib/gcc/arm-none-eabi/4.9.3/../../../../arm-none-eabi/lib/armv7e-m/fpu/libc.a(lib_a-mprec.o)
                0x0000000008007d18                __ratio
 .text._mprec_log10
                0x0000000008007d78       0x38 /usr/bin/../lib/gcc/arm-none-eabi/4.9.3/../../../../arm-none-eabi/lib/armv7e-m/fpu/libc.a(lib_a-mprec.o)
                0x0000000008007d78                _mprec_log10
 .text.__copybits
                0x0000000008007db0       0x48 /usr/bin/../lib/gcc/arm-none-eabi/4.9.3/../../../../arm-none-eabi/lib/armv7e-m/fpu/libc.a(lib_a-mprec.o)
                0x0000000008007db0                __copybits
 .text.__any_on
                0x0000000008007df8       0x60 /usr/bin/../lib/gcc/arm-none-eabi/4.9.3/../../../../arm-none-eabi/lib/armv7e-m/fpu/libc.a(lib_a-mprec.o)
                0x0000000008007df8                __any_on
 .text          0x0000000008007e58        0x0 /usr/bin/../lib/gcc/arm-none-eabi/4.9.3/../../../../arm-none-eabi/lib/armv7e-m/fpu/libc.a(lib_a-putc.o)
 .text._putc_r  0x0000000008007e58       0x58 /usr/bin/../lib/gcc/arm-none-eabi/4.9.3/../../../../arm-none-eabi/lib/armv7e-m/fpu/libc.a(lib_a-putc.o)
                0x0000000008007e58                _putc_r
 .text.putc     0x0000000008007eb0       0x60 /usr/bin/../lib/gcc/arm-none-eabi/4.9.3/../../../../arm-none-eabi/lib/armv7e-m/fpu/libc.a(lib_a-putc.o)
                0x0000000008007eb0                putc
 .text          0x0000000008007f10        0x0 /usr/bin/../lib/gcc/arm-none-eabi/4.9.3/../../../../arm-none-eabi/lib/armv7e-m/fpu/libc.a(lib_a-reallocr.o)
 .text._realloc_r
                0x0000000008007f10      0x3ec /usr/bin/../lib/gcc/arm-none-eabi/4.9.3/../../../../arm-none-eabi/lib/armv7e-m/fpu/libc.a(lib_a-reallocr.o)
                0x0000000008007f10                _realloc_r
 .text          0x00000000080082fc        0x0 /usr/bin/../lib/gcc/arm-none-eabi/4.9.3/../../../../arm-none-eabi/lib/armv7e-m/fpu/libc.a(lib_a-s_fpclassify.o)
 .text.__fpclassifyd
                0x00000000080082fc       0x5c /usr/bin/../lib/gcc/arm-none-eabi/4.9.3/../../../../arm-none-eabi/lib/armv7e-m/fpu/libc.a(lib_a-s_fpclassify.o)
                0x00000000080082fc                __fpclassifyd
 .text          0x0000000008008358        0x0 /usr/bin/../lib/gcc/arm-none-eabi/4.9.3/../../../../arm-none-eabi/lib/armv7e-m/fpu/libc.a(lib_a-sbrkr.o)
 .text._sbrk_r  0x0000000008008358       0x24 /usr/bin/../lib/gcc/arm-none-eabi/4.9.3/../../../../arm-none-eabi/lib/armv7e-m/fpu/libc.a(lib_a-sbrkr.o)
                0x0000000008008358                _sbrk_r
 .text          0x000000000800837c        0x0 /usr/bin/../lib/gcc/arm-none-eabi/4.9.3/../../../../arm-none-eabi/lib/armv7e-m/fpu/libc.a(lib_a-stdio.o)
 .text.__sread  0x000000000800837c       0x24 /usr/bin/../lib/gcc/arm-none-eabi/4.9.3/../../../../arm-none-eabi/lib/armv7e-m/fpu/libc.a(lib_a-stdio.o)
                0x000000000800837c                __sread
 .text.__seofread
                0x00000000080083a0        0x4 /usr/bin/../lib/gcc/arm-none-eabi/4.9.3/../../../../arm-none-eabi/lib/armv7e-m/fpu/libc.a(lib_a-stdio.o)
                0x00000000080083a0                __seofread
 .text.__swrite
                0x00000000080083a4       0x38 /usr/bin/../lib/gcc/arm-none-eabi/4.9.3/../../../../arm-none-eabi/lib/armv7e-m/fpu/libc.a(lib_a-stdio.o)
                0x00000000080083a4                __swrite
 .text.__sseek  0x00000000080083dc       0x20 /usr/bin/../lib/gcc/arm-none-eabi/4.9.3/../../../../arm-none-eabi/lib/armv7e-m/fpu/libc.a(lib_a-stdio.o)
                0x00000000080083dc                __sseek
 .text.__sclose
                0x00000000080083fc        0x8 /usr/bin/../lib/gcc/arm-none-eabi/4.9.3/../../../../arm-none-eabi/lib/armv7e-m/fpu/libc.a(lib_a-stdio.o)
                0x00000000080083fc                __sclose
 *fill*         0x0000000008008404       0x1c 
 .text          0x0000000008008420      0x2dc /usr/bin/../lib/gcc/arm-none-eabi/4.9.3/../../../../arm-none-eabi/lib/armv7e-m/fpu/libc.a(lib_a-strcmp.o)
                0x0000000008008428                strcmp
 .text          0x00000000080086fc        0x0 /usr/bin/../lib/gcc/arm-none-eabi/4.9.3/../../../../arm-none-eabi/lib/armv7e-m/fpu/libc.a(lib_a-vfiprintf.o)
 .text.__sprint_r.part.0
                0x00000000080086fc       0x78 /usr/bin/../lib/gcc/arm-none-eabi/4.9.3/../../../../arm-none-eabi/lib/armv7e-m/fpu/libc.a(lib_a-vfiprintf.o)
 .text.__sprint_r
                0x0000000008008774       0x18 /usr/bin/../lib/gcc/arm-none-eabi/4.9.3/../../../../arm-none-eabi/lib/armv7e-m/fpu/libc.a(lib_a-vfiprintf.o)
                0x0000000008008774                __sprint_r
 .text._vfiprintf_r
                0x000000000800878c      0xc10 /usr/bin/../lib/gcc/arm-none-eabi/4.9.3/../../../../arm-none-eabi/lib/armv7e-m/fpu/libc.a(lib_a-vfiprintf.o)
                0x000000000800878c                _vfiprintf_r
 .text.vfiprintf
                0x000000000800939c       0x18 /usr/bin/../lib/gcc/arm-none-eabi/4.9.3/../../../../arm-none-eabi/lib/armv7e-m/fpu/libc.a(lib_a-vfiprintf.o)
                0x000000000800939c                vfiprintf
 .text.__sbprintf
                0x00000000080093b4       0x78 /usr/bin/../lib/gcc/arm-none-eabi/4.9.3/../../../../arm-none-eabi/lib/armv7e-m/fpu/libc.a(lib_a-vfiprintf.o)
 .text          0x000000000800942c        0x0 /usr/bin/../lib/gcc/arm-none-eabi/4.9.3/../../../../arm-none-eabi/lib/armv7e-m/fpu/libc.a(lib_a-wbuf.o)
 .text.__swbuf_r
                0x000000000800942c       0xa8 /usr/bin/../lib/gcc/arm-none-eabi/4.9.3/../../../../arm-none-eabi/lib/armv7e-m/fpu/libc.a(lib_a-wbuf.o)
                0x000000000800942c                __swbuf_r
 .text.__swbuf  0x00000000080094d4       0x10 /usr/bin/../lib/gcc/arm-none-eabi/4.9.3/../../../../arm-none-eabi/lib/armv7e-m/fpu/libc.a(lib_a-wbuf.o)
                0x00000000080094d4                __swbuf
 .text          0x00000000080094e4        0x0 /usr/bin/../lib/gcc/arm-none-eabi/4.9.3/../../../../arm-none-eabi/lib/armv7e-m/fpu/libc.a(lib_a-writer.o)
 .text._write_r
                0x00000000080094e4       0x28 /usr/bin/../lib/gcc/arm-none-eabi/4.9.3/../../../../arm-none-eabi/lib/armv7e-m/fpu/libc.a(lib_a-writer.o)
                0x00000000080094e4                _write_r
 .text          0x000000000800950c        0x0 /usr/bin/../lib/gcc/arm-none-eabi/4.9.3/../../../../arm-none-eabi/lib/armv7e-m/fpu/libc.a(lib_a-__atexit.o)
 .text.__register_exitproc
                0x000000000800950c       0xa4 /usr/bin/../lib/gcc/arm-none-eabi/4.9.3/../../../../arm-none-eabi/lib/armv7e-m/fpu/libc.a(lib_a-__atexit.o)
                0x000000000800950c                __register_exitproc
 .text          0x00000000080095b0        0x0 /usr/bin/../lib/gcc/arm-none-eabi/4.9.3/../../../../arm-none-eabi/lib/armv7e-m/fpu/libc.a(lib_a-callocr.o)
 .text._calloc_r
                0x00000000080095b0       0x60 /usr/bin/../lib/gcc/arm-none-eabi/4.9.3/../../../../arm-none-eabi/lib/armv7e-m/fpu/libc.a(lib_a-callocr.o)
                0x00000000080095b0                _calloc_r
 .text          0x0000000008009610        0x0 /usr/bin/../lib/gcc/arm-none-eabi/4.9.3/../../../../arm-none-eabi/lib/armv7e-m/fpu/libc.a(lib_a-closer.o)
 .text._close_r
                0x0000000008009610       0x24 /usr/bin/../lib/gcc/arm-none-eabi/4.9.3/../../../../arm-none-eabi/lib/armv7e-m/fpu/libc.a(lib_a-closer.o)
                0x0000000008009610                _close_r
 .text          0x0000000008009634        0x0 /usr/bin/../lib/gcc/arm-none-eabi/4.9.3/../../../../arm-none-eabi/lib/armv7e-m/fpu/libc.a(lib_a-fclose.o)
 .text._fclose_r
                0x0000000008009634       0x84 /usr/bin/../lib/gcc/arm-none-eabi/4.9.3/../../../../arm-none-eabi/lib/armv7e-m/fpu/libc.a(lib_a-fclose.o)
                0x0000000008009634                _fclose_r
 .text.fclose   0x00000000080096b8       0x10 /usr/bin/../lib/gcc/arm-none-eabi/4.9.3/../../../../arm-none-eabi/lib/armv7e-m/fpu/libc.a(lib_a-fclose.o)
                0x00000000080096b8                fclose
 .text          0x00000000080096c8        0x0 /usr/bin/../lib/gcc/arm-none-eabi/4.9.3/../../../../arm-none-eabi/lib/armv7e-m/fpu/libc.a(lib_a-fputwc.o)
 .text.__fputwc
                0x00000000080096c8       0xb0 /usr/bin/../lib/gcc/arm-none-eabi/4.9.3/../../../../arm-none-eabi/lib/armv7e-m/fpu/libc.a(lib_a-fputwc.o)
                0x00000000080096c8                __fputwc
 .text._fputwc_r
                0x0000000008009778       0x24 /usr/bin/../lib/gcc/arm-none-eabi/4.9.3/../../../../arm-none-eabi/lib/armv7e-m/fpu/libc.a(lib_a-fputwc.o)
                0x0000000008009778                _fputwc_r
 .text.fputwc   0x000000000800979c       0x28 /usr/bin/../lib/gcc/arm-none-eabi/4.9.3/../../../../arm-none-eabi/lib/armv7e-m/fpu/libc.a(lib_a-fputwc.o)
                0x000000000800979c                fputwc
 .text          0x00000000080097c4        0x0 /usr/bin/../lib/gcc/arm-none-eabi/4.9.3/../../../../arm-none-eabi/lib/armv7e-m/fpu/libc.a(lib_a-fstatr.o)
 .text._fstat_r
                0x00000000080097c4       0x28 /usr/bin/../lib/gcc/arm-none-eabi/4.9.3/../../../../arm-none-eabi/lib/armv7e-m/fpu/libc.a(lib_a-fstatr.o)
                0x00000000080097c4                _fstat_r
 .text          0x00000000080097ec        0x0 /usr/bin/../lib/gcc/arm-none-eabi/4.9.3/../../../../arm-none-eabi/lib/armv7e-m/fpu/libc.a(lib_a-isattyr.o)
 .text._isatty_r
                0x00000000080097ec       0x24 /usr/bin/../lib/gcc/arm-none-eabi/4.9.3/../../../../arm-none-eabi/lib/armv7e-m/fpu/libc.a(lib_a-isattyr.o)
                0x00000000080097ec                _isatty_r
 .text          0x0000000008009810        0x0 /usr/bin/../lib/gcc/arm-none-eabi/4.9.3/../../../../arm-none-eabi/lib/armv7e-m/fpu/libc.a(lib_a-lseekr.o)
 .text._lseek_r
                0x0000000008009810       0x28 /usr/bin/../lib/gcc/arm-none-eabi/4.9.3/../../../../arm-none-eabi/lib/armv7e-m/fpu/libc.a(lib_a-lseekr.o)
                0x0000000008009810                _lseek_r
 .text          0x0000000008009838        0x0 /usr/bin/../lib/gcc/arm-none-eabi/4.9.3/../../../../arm-none-eabi/lib/armv7e-m/fpu/libc.a(lib_a-readr.o)
 .text._read_r  0x0000000008009838       0x28 /usr/bin/../lib/gcc/arm-none-eabi/4.9.3/../../../../arm-none-eabi/lib/armv7e-m/fpu/libc.a(lib_a-readr.o)
                0x0000000008009838                _read_r
 .text          0x0000000008009860        0x0 /usr/bin/../lib/gcc/arm-none-eabi/4.9.3/../../../../arm-none-eabi/lib/armv7e-m/fpu/libc.a(lib_a-reent.o)
 .text.cleanup_glue
                0x0000000008009860       0x1c /usr/bin/../lib/gcc/arm-none-eabi/4.9.3/../../../../arm-none-eabi/lib/armv7e-m/fpu/libc.a(lib_a-reent.o)
                0x0000000008009860                cleanup_glue
 .text._reclaim_reent
                0x000000000800987c       0x88 /usr/bin/../lib/gcc/arm-none-eabi/4.9.3/../../../../arm-none-eabi/lib/armv7e-m/fpu/libc.a(lib_a-reent.o)
                0x000000000800987c                _reclaim_reent
 .text          0x0000000008009904        0x0 /usr/bin/../lib/gcc/arm-none-eabi/4.9.3/../../../../arm-none-eabi/lib/armv7e-m/fpu/libc.a(lib_a-wcrtomb.o)
 .text._wcrtomb_r
                0x0000000008009904       0x54 /usr/bin/../lib/gcc/arm-none-eabi/4.9.3/../../../../arm-none-eabi/lib/armv7e-m/fpu/libc.a(lib_a-wcrtomb.o)
                0x0000000008009904                _wcrtomb_r
 .text.wcrtomb  0x0000000008009958       0x58 /usr/bin/../lib/gcc/arm-none-eabi/4.9.3/../../../../arm-none-eabi/lib/armv7e-m/fpu/libc.a(lib_a-wcrtomb.o)
                0x0000000008009958                wcrtomb
 .text          0x00000000080099b0        0x0 /usr/bin/../lib/gcc/arm-none-eabi/4.9.3/../../../../arm-none-eabi/lib/armv7e-m/fpu/libc.a(lib_a-wctomb_r.o)
 .text.__ascii_wctomb
                0x00000000080099b0       0x1c /usr/bin/../lib/gcc/arm-none-eabi/4.9.3/../../../../arm-none-eabi/lib/armv7e-m/fpu/libc.a(lib_a-wctomb_r.o)
                0x00000000080099b0                __ascii_wctomb
 .text._wctomb_r
                0x00000000080099cc       0x30 /usr/bin/../lib/gcc/arm-none-eabi/4.9.3/../../../../arm-none-eabi/lib/armv7e-m/fpu/libc.a(lib_a-wctomb_r.o)
                0x00000000080099cc                _wctomb_r
 .text          0x00000000080099fc      0x370 /usr/bin/../lib/gcc/arm-none-eabi/4.9.3/armv7e-m/fpu/libgcc.a(_arm_addsubdf3.o)
                0x00000000080099fc                __aeabi_drsub
                0x0000000008009a04                __aeabi_dsub
                0x0000000008009a04                __subdf3
                0x0000000008009a08                __adddf3
                0x0000000008009a08                __aeabi_dadd
                0x0000000008009c80                __aeabi_ui2d
                0x0000000008009c80                __floatunsidf
                0x0000000008009ca0                __floatsidf
                0x0000000008009ca0                __aeabi_i2d
                0x0000000008009cc4                __extendsfdf2
                0x0000000008009cc4                __aeabi_f2d
                0x0000000008009d00                __aeabi_ul2d
                0x0000000008009d00                __floatundidf
                0x0000000008009d10                __floatdidf
                0x0000000008009d10                __aeabi_l2d
 .text          0x0000000008009d6c      0x424 /usr/bin/../lib/gcc/arm-none-eabi/4.9.3/armv7e-m/fpu/libgcc.a(_arm_muldivdf3.o)
                0x0000000008009d6c                __aeabi_dmul
                0x0000000008009d6c                __muldf3
                0x0000000008009fc0                __aeabi_ddiv
                0x0000000008009fc0                __divdf3
 .text          0x000000000800a190      0x110 /usr/bin/../lib/gcc/arm-none-eabi/4.9.3/armv7e-m/fpu/libgcc.a(_arm_cmpdf2.o)
                0x000000000800a190                __gtdf2
                0x000000000800a190                __gedf2
                0x000000000800a198                __ltdf2
                0x000000000800a198                __ledf2
                0x000000000800a1a0                __cmpdf2
                0x000000000800a1a0                __eqdf2
                0x000000000800a1a0                __nedf2
                0x000000000800a21c                __aeabi_cdrcmple
                0x000000000800a22c                __aeabi_cdcmple
                0x000000000800a22c                __aeabi_cdcmpeq
                0x000000000800a23c                __aeabi_dcmpeq
                0x000000000800a250                __aeabi_dcmplt
                0x000000000800a264                __aeabi_dcmple
                0x000000000800a278                __aeabi_dcmpge
                0x000000000800a28c                __aeabi_dcmpgt
 .text          0x000000000800a2a0       0x50 /usr/bin/../lib/gcc/arm-none-eabi/4.9.3/armv7e-m/fpu/libgcc.a(_arm_fixdfsi.o)
                0x000000000800a2a0                __fixdfsi
                0x000000000800a2a0                __aeabi_d2iz
 .text          0x000000000800a2f0       0x30 /usr/bin/../lib/gcc/arm-none-eabi/4.9.3/armv7e-m/fpu/libgcc.a(_aeabi_uldivmod.o)
                0x000000000800a2f0                __aeabi_uldivmod
 .text          0x000000000800a320       0x60 /usr/bin/../lib/gcc/arm-none-eabi/4.9.3/armv7e-m/fpu/libgcc.a(bpabi.o)
                0x000000000800a320                __gnu_ldivmod_helper
                0x000000000800a350                __gnu_uldivmod_helper
 .text          0x000000000800a380        0x4 /usr/bin/../lib/gcc/arm-none-eabi/4.9.3/armv7e-m/fpu/libgcc.a(_dvmd_tls.o)
                0x000000000800a380                __aeabi_ldiv0
                0x000000000800a380                __aeabi_idiv0
 .text          0x000000000800a384      0x29c /usr/bin/../lib/gcc/arm-none-eabi/4.9.3/armv7e-m/fpu/libgcc.a(_divdi3.o)
                0x000000000800a384                __divdi3
 .text          0x000000000800a620      0x26c /usr/bin/../lib/gcc/arm-none-eabi/4.9.3/armv7e-m/fpu/libgcc.a(_udivdi3.o)
                0x000000000800a620                __udivdi3
 .text          0x000000000800a88c        0x0 /usr/bin/../lib/gcc/arm-none-eabi/4.9.3/armv7e-m/fpu/crtend.o
 .text          0x000000000800a88c        0x0 /usr/bin/../lib/gcc/arm-none-eabi/4.9.3/armv7e-m/fpu/crtn.o
 *(.glue_7)
 .glue_7        0x0000000000000000        0x0 linker stubs
 *(.glue_7t)
 .glue_7t       0x0000000000000000        0x0 linker stubs
 *(.rodata .rodata* .gnu.linkonce.r*)
 .rodata.str1.4
                0x000000000800a88c       0x2b bin/main.o
 *fill*         0x000000000800a8b7        0x1 
 .rodata.str1.4
                0x000000000800a8b8       0x17 bin/leds.o
 *fill*         0x000000000800a8cf        0x1 
 .rodata.str1.4
                0x000000000800a8d0       0xd0 bin/enet.o
 .rodata.g_eth_src_mac
                0x000000000800a9a0        0x6 bin/enet.o
 *fill*         0x000000000800a9a6        0x2 
 .rodata.str1.4
                0x000000000800a9a8      0x146 bin/dmxl.o
 *fill*         0x000000000800aaee        0x2 
 .rodata        0x000000000800aaf0        0xd bin/takktile.o
 *fill*         0x000000000800aafd        0x3 
 .rodata.g_takktile_palm_addrs
                0x000000000800ab00        0xb bin/takktile.o
 *fill*         0x000000000800ab0b        0x1 
 .rodata.g_takktile_finger_addrs
                0x000000000800ab0c        0x9 bin/takktile.o
 *fill*         0x000000000800ab15        0x3 
 .rodata.str1.4
                0x000000000800ab18       0x83 bin/takktile.o
 *fill*         0x000000000800ab9b        0x1 
 .rodata.str1.4
                0x000000000800ab9c       0x59 bin/enc.o
 *fill*         0x000000000800abf5        0x3 
 .rodata.stateMachines
                0x000000000800abf8       0x6c bin/async_poll.o
 .rodata.errSequence
                0x000000000800ac64       0x60 bin/error.o
 .rodata.str1.4
                0x000000000800acc4        0x2 /usr/bin/../lib/gcc/arm-none-eabi/4.9.3/../../../../arm-none-eabi/lib/armv7e-m/fpu/libc.a(lib_a-impure.o)
 *fill*         0x000000000800acc6        0x2 
 .rodata._global_impure_ptr
                0x000000000800acc8        0x4 /usr/bin/../lib/gcc/arm-none-eabi/4.9.3/../../../../arm-none-eabi/lib/armv7e-m/fpu/libc.a(lib_a-impure.o)
                0x000000000800acc8                _global_impure_ptr
 .rodata.str1.4
                0x0000000000000000        0x2 /usr/bin/../lib/gcc/arm-none-eabi/4.9.3/../../../../arm-none-eabi/lib/armv7e-m/fpu/libc.a(lib_a-puts.o)
 .rodata.zeroes.6926
                0x000000000800accc       0x10 /usr/bin/../lib/gcc/arm-none-eabi/4.9.3/../../../../arm-none-eabi/lib/armv7e-m/fpu/libc.a(lib_a-vfprintf.o)
 .rodata.str1.4
                0x000000000800acdc       0x3f /usr/bin/../lib/gcc/arm-none-eabi/4.9.3/../../../../arm-none-eabi/lib/armv7e-m/fpu/libc.a(lib_a-vfprintf.o)
                                         0x42 (size before relaxing)
 *fill*         0x000000000800ad1b        0x1 
 .rodata.blanks.6925
                0x000000000800ad1c       0x10 /usr/bin/../lib/gcc/arm-none-eabi/4.9.3/../../../../arm-none-eabi/lib/armv7e-m/fpu/libc.a(lib_a-vfprintf.o)
 .rodata.str1.4
                0x000000000800ad2c       0x10 /usr/bin/../lib/gcc/arm-none-eabi/4.9.3/../../../../arm-none-eabi/lib/armv7e-m/fpu/libc.a(lib_a-dtoa.o)
                                         0x12 (size before relaxing)
 .rodata.str1.4
                0x000000000800ad3c        0xc /usr/bin/../lib/gcc/arm-none-eabi/4.9.3/../../../../arm-none-eabi/lib/armv7e-m/fpu/libc.a(lib_a-locale.o)
                                         0x12 (size before relaxing)
 .rodata.__mprec_tens
                0x000000000800ad48       0xc8 /usr/bin/../lib/gcc/arm-none-eabi/4.9.3/../../../../arm-none-eabi/lib/armv7e-m/fpu/libc.a(lib_a-mprec.o)
                0x000000000800ad48                __mprec_tens
 .rodata.p05.5302
                0x000000000800ae10        0xc /usr/bin/../lib/gcc/arm-none-eabi/4.9.3/../../../../arm-none-eabi/lib/armv7e-m/fpu/libc.a(lib_a-mprec.o)
 *fill*         0x000000000800ae1c        0x4 
 .rodata.__mprec_bigtens
                0x000000000800ae20       0x28 /usr/bin/../lib/gcc/arm-none-eabi/4.9.3/../../../../arm-none-eabi/lib/armv7e-m/fpu/libc.a(lib_a-mprec.o)
                0x000000000800ae20                __mprec_bigtens
 .rodata.__mprec_tinytens
                0x000000000800ae48       0x28 /usr/bin/../lib/gcc/arm-none-eabi/4.9.3/../../../../arm-none-eabi/lib/armv7e-m/fpu/libc.a(lib_a-mprec.o)
                0x000000000800ae48                __mprec_tinytens
 .rodata.zeroes.6869
                0x000000000800ae70       0x10 /usr/bin/../lib/gcc/arm-none-eabi/4.9.3/../../../../arm-none-eabi/lib/armv7e-m/fpu/libc.a(lib_a-vfiprintf.o)
 .rodata.str1.4
                0x0000000000000000       0x2f /usr/bin/../lib/gcc/arm-none-eabi/4.9.3/../../../../arm-none-eabi/lib/armv7e-m/fpu/libc.a(lib_a-vfiprintf.o)
 .rodata.blanks.6868
                0x000000000800ae80       0x10 /usr/bin/../lib/gcc/arm-none-eabi/4.9.3/../../../../arm-none-eabi/lib/armv7e-m/fpu/libc.a(lib_a-vfiprintf.o)
                0x000000000800ae90                . = ALIGN (0x4)
 *(.init)
 .init          0x000000000800ae90        0x4 /usr/bin/../lib/gcc/arm-none-eabi/4.9.3/armv7e-m/fpu/crti.o
                0x000000000800ae90                _init
 .init          0x000000000800ae94        0x8 /usr/bin/../lib/gcc/arm-none-eabi/4.9.3/armv7e-m/fpu/crtn.o
                0x000000000800ae9c                . = ALIGN (0x4)
                0x000000000800ae9c                __preinit_array_start = .
 *(.preinit_array)
                0x000000000800ae9c                __preinit_array_end = .
                0x000000000800ae9c                . = ALIGN (0x4)
                0x000000000800ae9c                __init_array_start = .
 *(SORT(.init_array.*))
 .init_array.00000
                0x000000000800ae9c        0x4 /usr/bin/../lib/gcc/arm-none-eabi/4.9.3/../../../../arm-none-eabi/lib/armv7e-m/fpu/libc.a(lib_a-__call_atexit.o)
 *(.init_array)
 .init_array    0x000000000800aea0        0x4 /usr/bin/../lib/gcc/arm-none-eabi/4.9.3/armv7e-m/fpu/crtbegin.o
                0x000000000800aea4                __init_array_end = .
                0x000000000800aea4                . = ALIGN (0x4)
 *(.fini)
 .fini          0x000000000800aea4        0x4 /usr/bin/../lib/gcc/arm-none-eabi/4.9.3/armv7e-m/fpu/crti.o
                0x000000000800aea4                _fini
 .fini          0x000000000800aea8        0x8 /usr/bin/../lib/gcc/arm-none-eabi/4.9.3/armv7e-m/fpu/crtn.o
                0x000000000800aeb0                . = ALIGN (0x4)
                0x000000000800aeb0                __fini_array_start = .
 *(SORT(.fini_array.*))
 *(.fini_array)
 .fini_array    0x000000000800aeb0        0x4 /usr/bin/../lib/gcc/arm-none-eabi/4.9.3/armv7e-m/fpu/crtbegin.o
                0x000000000800aeb4                __fini_array_end = .
                0x000000000800aeb4                . = ALIGN (0x4)
 *crtbegin.o(.ctors)
 *(EXCLUDE_FILE(*crtend.o) .ctors)
 *(SORT(.ctors.*))
 *crtend.o(.ctors)
                0x000000000800aeb4                . = ALIGN (0x4)
 *crtbegin.o(.dtors)
 *(EXCLUDE_FILE(*crtend.o) .dtors)
 *(SORT(.dtors.*))
 *crtend.o(.dtors)

.vfp11_veneer   0x000000000800aeb4        0x0
 .vfp11_veneer  0x0000000000000000        0x0 linker stubs

.v4_bx          0x000000000800aeb4        0x0
 .v4_bx         0x0000000000000000        0x0 linker stubs

.iplt           0x000000000800aeb4        0x0
 .iplt          0x0000000000000000        0x0 /usr/bin/../lib/gcc/arm-none-eabi/4.9.3/armv7e-m/fpu/crtbegin.o
                0x000000000800aeb4                . = ALIGN (0x4)

.ARM.extab      0x000000000800aeb4        0x0
 *(.ARM.extab* .gnu.linkonce.armextab.*)
 .ARM.extab     0x000000000800aeb4        0x0 /usr/bin/../lib/gcc/arm-none-eabi/4.9.3/../../../../arm-none-eabi/lib/armv7e-m/fpu/crt0.o
 .ARM.extab     0x000000000800aeb4        0x0 /usr/bin/../lib/gcc/arm-none-eabi/4.9.3/armv7e-m/fpu/libgcc.a(_divdi3.o)
 .ARM.extab     0x000000000800aeb4        0x0 /usr/bin/../lib/gcc/arm-none-eabi/4.9.3/armv7e-m/fpu/libgcc.a(_udivdi3.o)

.eh_frame       0x000000000800aeb4       0x74
 .eh_frame      0x000000000800aeb4        0x0 /usr/bin/../lib/gcc/arm-none-eabi/4.9.3/armv7e-m/fpu/crtbegin.o
 .eh_frame      0x000000000800aeb4       0x70 /usr/bin/../lib/gcc/arm-none-eabi/4.9.3/../../../../arm-none-eabi/lib/armv7e-m/fpu/libc.a(lib_a-strcmp.o)
 .eh_frame      0x000000000800af24        0x4 /usr/bin/../lib/gcc/arm-none-eabi/4.9.3/armv7e-m/fpu/crtend.o

.jcr            0x000000000800af28        0x4
 .jcr           0x000000000800af28        0x0 /usr/bin/../lib/gcc/arm-none-eabi/4.9.3/armv7e-m/fpu/crtbegin.o
 .jcr           0x000000000800af28        0x4 /usr/bin/../lib/gcc/arm-none-eabi/4.9.3/armv7e-m/fpu/crtend.o

.igot.plt       0x000000000800af2c        0x0
 .igot.plt      0x0000000000000000        0x0 /usr/bin/../lib/gcc/arm-none-eabi/4.9.3/armv7e-m/fpu/crtbegin.o

.ARM.exidx      0x000000000800af2c        0x8
                0x000000000800af2c                __exidx_start = .
 *(.ARM.exidx* .gnu.linkonce.armexidx.*)
 .ARM.exidx     0x000000000800af2c        0x8 /usr/bin/../lib/gcc/arm-none-eabi/4.9.3/../../../../arm-none-eabi/lib/armv7e-m/fpu/crt0.o
 .ARM.exidx     0x000000000800af34        0x0 /usr/bin/../lib/gcc/arm-none-eabi/4.9.3/armv7e-m/fpu/libgcc.a(_divdi3.o)
                                          0x8 (size before relaxing)
 .ARM.exidx     0x000000000800af34        0x0 /usr/bin/../lib/gcc/arm-none-eabi/4.9.3/armv7e-m/fpu/libgcc.a(_udivdi3.o)
                                          0x8 (size before relaxing)
                0x000000000800af34                __exidx_end = .
                0x000000000800af34                _srelocate_flash = .

.rel.dyn        0x000000000800af34        0x0
 .rel.iplt      0x0000000000000000        0x0 /usr/bin/../lib/gcc/arm-none-eabi/4.9.3/armv7e-m/fpu/crtbegin.o

.relocate       0x0000000020000000      0x93c load address 0x000000000800af34
                0x0000000020000000                . = ALIGN (0x4)
                0x0000000020000000                _srelocate = .
 *(.ramfunc .ramfunc.*)
 *(.data .data.*)
 .data          0x0000000020000000        0x0 /usr/bin/../lib/gcc/arm-none-eabi/4.9.3/armv7e-m/fpu/crti.o
 .data          0x0000000020000000        0x4 /usr/bin/../lib/gcc/arm-none-eabi/4.9.3/armv7e-m/fpu/crtbegin.o
                0x0000000020000000                __dso_handle
 .data          0x0000000020000004        0x0 /usr/bin/../lib/gcc/arm-none-eabi/4.9.3/../../../../arm-none-eabi/lib/armv7e-m/fpu/crt0.o
 .data          0x0000000020000004        0x0 bin/main.o
 .data          0x0000000020000004        0x0 bin/config.o
 .data          0x0000000020000004        0x0 bin/startup.o
 .data          0x0000000020000004        0x0 bin/i2cFunc.o
 .data          0x0000000020000004        0x0 bin/spiFunc.o
 .data          0x0000000020000004        0x0 bin/leds.o
 .data          0x0000000020000004        0x0 bin/console.o
 .data          0x0000000020000004        0x0 bin/stubs.o
 .data          0x0000000020000004        0x0 bin/enet.o
 .data.g_eth_dma_tx_next_desc
                0x0000000020000004        0x4 bin/enet.o
 .data.g_eth_dma_rx_next_desc
                0x0000000020000008        0x4 bin/enet.o
 .data          0x000000002000000c        0x0 bin/systime.o
 .data          0x000000002000000c        0x0 bin/dmxl.o
 .data.g_dmxl_ports
                0x000000002000000c       0x60 bin/dmxl.o
 .data.dmxl_poll_states
                0x000000002000006c       0x10 bin/dmxl.o
                0x000000002000006c                dmxl_poll_states
 .data          0x000000002000007c        0x0 bin/fan.o
 .data          0x000000002000007c        0x0 bin/takktile.o
 .data          0x000000002000007c        0x0 bin/pin.o
 .data          0x000000002000007c        0x0 bin/enc.o
 .data.enc_poll_state
                0x000000002000007c        0x4 bin/enc.o
                0x000000002000007c                enc_poll_state
 .data          0x0000000020000080        0x0 bin/state.o
 .data          0x0000000020000080        0x0 bin/async_poll.o
 .data          0x0000000020000080        0x0 bin/delay.o
 .data          0x0000000020000080        0x0 bin/error.o
 .data          0x0000000020000080        0x0 /usr/bin/../lib/gcc/arm-none-eabi/4.9.3/../../../../arm-none-eabi/lib/armv7e-m/fpu/libc.a(lib_a-exit.o)
 .data          0x0000000020000080        0x0 /usr/bin/../lib/gcc/arm-none-eabi/4.9.3/../../../../arm-none-eabi/lib/armv7e-m/fpu/libc.a(lib_a-impure.o)
 .data.impure_data
                0x0000000020000080      0x428 /usr/bin/../lib/gcc/arm-none-eabi/4.9.3/../../../../arm-none-eabi/lib/armv7e-m/fpu/libc.a(lib_a-impure.o)
 .data._impure_ptr
                0x00000000200004a8        0x4 /usr/bin/../lib/gcc/arm-none-eabi/4.9.3/../../../../arm-none-eabi/lib/armv7e-m/fpu/libc.a(lib_a-impure.o)
                0x00000000200004a8                _impure_ptr
 .data          0x00000000200004ac        0x0 /usr/bin/../lib/gcc/arm-none-eabi/4.9.3/../../../../arm-none-eabi/lib/armv7e-m/fpu/libc.a(lib_a-init.o)
 .data          0x00000000200004ac        0x0 /usr/bin/../lib/gcc/arm-none-eabi/4.9.3/../../../../arm-none-eabi/lib/armv7e-m/fpu/libc.a(lib_a-memcpy.o)
 .data          0x00000000200004ac        0x0 /usr/bin/../lib/gcc/arm-none-eabi/4.9.3/../../../../arm-none-eabi/lib/armv7e-m/fpu/libc.a(lib_a-memset.o)
 .data          0x00000000200004ac        0x0 /usr/bin/../lib/gcc/arm-none-eabi/4.9.3/../../../../arm-none-eabi/lib/armv7e-m/fpu/libc.a(lib_a-printf.o)
 .data          0x00000000200004ac        0x0 /usr/bin/../lib/gcc/arm-none-eabi/4.9.3/../../../../arm-none-eabi/lib/armv7e-m/fpu/libc.a(lib_a-putchar.o)
 .data          0x00000000200004ac        0x0 /usr/bin/../lib/gcc/arm-none-eabi/4.9.3/../../../../arm-none-eabi/lib/armv7e-m/fpu/libc.a(lib_a-puts.o)
 .data          0x00000000200004ac        0x0 /usr/bin/../lib/gcc/arm-none-eabi/4.9.3/../../../../arm-none-eabi/lib/armv7e-m/fpu/libc.a(lib_a-strlen.o)
 .data          0x00000000200004ac        0x0 /usr/bin/../lib/gcc/arm-none-eabi/4.9.3/../../../../arm-none-eabi/lib/armv7e-m/fpu/libc.a(lib_a-vfprintf.o)
 .data          0x00000000200004ac        0x0 /usr/bin/../lib/gcc/arm-none-eabi/4.9.3/../../../../arm-none-eabi/lib/armv7e-m/fpu/libc.a(lib_a-wsetup.o)
 .data          0x00000000200004ac        0x0 /usr/bin/../lib/gcc/arm-none-eabi/4.9.3/../../../../arm-none-eabi/lib/armv7e-m/fpu/libc.a(lib_a-__call_atexit.o)
 .data          0x00000000200004ac        0x0 /usr/bin/../lib/gcc/arm-none-eabi/4.9.3/../../../../arm-none-eabi/lib/armv7e-m/fpu/libc.a(lib_a-atexit.o)
 .data          0x00000000200004ac        0x0 /usr/bin/../lib/gcc/arm-none-eabi/4.9.3/../../../../arm-none-eabi/lib/armv7e-m/fpu/libc.a(lib_a-dtoa.o)
 .data          0x00000000200004ac        0x0 /usr/bin/../lib/gcc/arm-none-eabi/4.9.3/../../../../arm-none-eabi/lib/armv7e-m/fpu/libc.a(lib_a-fflush.o)
 .data          0x00000000200004ac        0x0 /usr/bin/../lib/gcc/arm-none-eabi/4.9.3/../../../../arm-none-eabi/lib/armv7e-m/fpu/libc.a(lib_a-findfp.o)
 .data          0x00000000200004ac        0x0 /usr/bin/../lib/gcc/arm-none-eabi/4.9.3/../../../../arm-none-eabi/lib/armv7e-m/fpu/libc.a(lib_a-fini.o)
 .data          0x00000000200004ac        0x0 /usr/bin/../lib/gcc/arm-none-eabi/4.9.3/../../../../arm-none-eabi/lib/armv7e-m/fpu/libc.a(lib_a-freer.o)
 .data          0x00000000200004ac        0x0 /usr/bin/../lib/gcc/arm-none-eabi/4.9.3/../../../../arm-none-eabi/lib/armv7e-m/fpu/libc.a(lib_a-fvwrite.o)
 .data          0x00000000200004ac        0x0 /usr/bin/../lib/gcc/arm-none-eabi/4.9.3/../../../../arm-none-eabi/lib/armv7e-m/fpu/libc.a(lib_a-fwalk.o)
 .data          0x00000000200004ac        0x0 /usr/bin/../lib/gcc/arm-none-eabi/4.9.3/../../../../arm-none-eabi/lib/armv7e-m/fpu/libc.a(lib_a-locale.o)
 .data.lc_message_charset
                0x00000000200004ac       0x20 /usr/bin/../lib/gcc/arm-none-eabi/4.9.3/../../../../arm-none-eabi/lib/armv7e-m/fpu/libc.a(lib_a-locale.o)
 .data.lconv    0x00000000200004cc       0x38 /usr/bin/../lib/gcc/arm-none-eabi/4.9.3/../../../../arm-none-eabi/lib/armv7e-m/fpu/libc.a(lib_a-locale.o)
 .data.lc_ctype_charset
                0x0000000020000504       0x20 /usr/bin/../lib/gcc/arm-none-eabi/4.9.3/../../../../arm-none-eabi/lib/armv7e-m/fpu/libc.a(lib_a-locale.o)
 .data.__mb_cur_max
                0x0000000020000524        0x4 /usr/bin/../lib/gcc/arm-none-eabi/4.9.3/../../../../arm-none-eabi/lib/armv7e-m/fpu/libc.a(lib_a-locale.o)
                0x0000000020000524                __mb_cur_max
 .data          0x0000000020000528        0x0 /usr/bin/../lib/gcc/arm-none-eabi/4.9.3/../../../../arm-none-eabi/lib/armv7e-m/fpu/libc.a(lib_a-makebuf.o)
 .data          0x0000000020000528        0x0 /usr/bin/../lib/gcc/arm-none-eabi/4.9.3/../../../../arm-none-eabi/lib/armv7e-m/fpu/libc.a(lib_a-mallocr.o)
 .data.__malloc_av_
                0x0000000020000528      0x408 /usr/bin/../lib/gcc/arm-none-eabi/4.9.3/../../../../arm-none-eabi/lib/armv7e-m/fpu/libc.a(lib_a-mallocr.o)
                0x0000000020000528                __malloc_av_
 .data.__malloc_trim_threshold
                0x0000000020000930        0x4 /usr/bin/../lib/gcc/arm-none-eabi/4.9.3/../../../../arm-none-eabi/lib/armv7e-m/fpu/libc.a(lib_a-mallocr.o)
                0x0000000020000930                __malloc_trim_threshold
 .data.__malloc_sbrk_base
                0x0000000020000934        0x4 /usr/bin/../lib/gcc/arm-none-eabi/4.9.3/../../../../arm-none-eabi/lib/armv7e-m/fpu/libc.a(lib_a-mallocr.o)
                0x0000000020000934                __malloc_sbrk_base
 .data          0x0000000020000938        0x0 /usr/bin/../lib/gcc/arm-none-eabi/4.9.3/../../../../arm-none-eabi/lib/armv7e-m/fpu/libc.a(lib_a-memchr.o)
 .data          0x0000000020000938        0x0 /usr/bin/../lib/gcc/arm-none-eabi/4.9.3/../../../../arm-none-eabi/lib/armv7e-m/fpu/libc.a(lib_a-memmove.o)
 .data          0x0000000020000938        0x0 /usr/bin/../lib/gcc/arm-none-eabi/4.9.3/../../../../arm-none-eabi/lib/armv7e-m/fpu/libc.a(lib_a-mlock.o)
 .data          0x0000000020000938        0x0 /usr/bin/../lib/gcc/arm-none-eabi/4.9.3/../../../../arm-none-eabi/lib/armv7e-m/fpu/libc.a(lib_a-mprec.o)
 .data          0x0000000020000938        0x0 /usr/bin/../lib/gcc/arm-none-eabi/4.9.3/../../../../arm-none-eabi/lib/armv7e-m/fpu/libc.a(lib_a-putc.o)
 .data          0x0000000020000938        0x0 /usr/bin/../lib/gcc/arm-none-eabi/4.9.3/../../../../arm-none-eabi/lib/armv7e-m/fpu/libc.a(lib_a-reallocr.o)
 .data          0x0000000020000938        0x0 /usr/bin/../lib/gcc/arm-none-eabi/4.9.3/../../../../arm-none-eabi/lib/armv7e-m/fpu/libc.a(lib_a-s_fpclassify.o)
 .data          0x0000000020000938        0x0 /usr/bin/../lib/gcc/arm-none-eabi/4.9.3/../../../../arm-none-eabi/lib/armv7e-m/fpu/libc.a(lib_a-sbrkr.o)
 .data          0x0000000020000938        0x0 /usr/bin/../lib/gcc/arm-none-eabi/4.9.3/../../../../arm-none-eabi/lib/armv7e-m/fpu/libc.a(lib_a-stdio.o)
 .data          0x0000000020000938        0x0 /usr/bin/../lib/gcc/arm-none-eabi/4.9.3/../../../../arm-none-eabi/lib/armv7e-m/fpu/libc.a(lib_a-strcmp.o)
 .data          0x0000000020000938        0x0 /usr/bin/../lib/gcc/arm-none-eabi/4.9.3/../../../../arm-none-eabi/lib/armv7e-m/fpu/libc.a(lib_a-vfiprintf.o)
 .data          0x0000000020000938        0x0 /usr/bin/../lib/gcc/arm-none-eabi/4.9.3/../../../../arm-none-eabi/lib/armv7e-m/fpu/libc.a(lib_a-wbuf.o)
 .data          0x0000000020000938        0x0 /usr/bin/../lib/gcc/arm-none-eabi/4.9.3/../../../../arm-none-eabi/lib/armv7e-m/fpu/libc.a(lib_a-writer.o)
 .data          0x0000000020000938        0x0 /usr/bin/../lib/gcc/arm-none-eabi/4.9.3/../../../../arm-none-eabi/lib/armv7e-m/fpu/libc.a(lib_a-__atexit.o)
 .data          0x0000000020000938        0x0 /usr/bin/../lib/gcc/arm-none-eabi/4.9.3/../../../../arm-none-eabi/lib/armv7e-m/fpu/libc.a(lib_a-callocr.o)
 .data          0x0000000020000938        0x0 /usr/bin/../lib/gcc/arm-none-eabi/4.9.3/../../../../arm-none-eabi/lib/armv7e-m/fpu/libc.a(lib_a-closer.o)
 .data          0x0000000020000938        0x0 /usr/bin/../lib/gcc/arm-none-eabi/4.9.3/../../../../arm-none-eabi/lib/armv7e-m/fpu/libc.a(lib_a-fclose.o)
 .data          0x0000000020000938        0x0 /usr/bin/../lib/gcc/arm-none-eabi/4.9.3/../../../../arm-none-eabi/lib/armv7e-m/fpu/libc.a(lib_a-fputwc.o)
 .data          0x0000000020000938        0x0 /usr/bin/../lib/gcc/arm-none-eabi/4.9.3/../../../../arm-none-eabi/lib/armv7e-m/fpu/libc.a(lib_a-fstatr.o)
 .data          0x0000000020000938        0x0 /usr/bin/../lib/gcc/arm-none-eabi/4.9.3/../../../../arm-none-eabi/lib/armv7e-m/fpu/libc.a(lib_a-isattyr.o)
 .data          0x0000000020000938        0x0 /usr/bin/../lib/gcc/arm-none-eabi/4.9.3/../../../../arm-none-eabi/lib/armv7e-m/fpu/libc.a(lib_a-lseekr.o)
 .data          0x0000000020000938        0x0 /usr/bin/../lib/gcc/arm-none-eabi/4.9.3/../../../../arm-none-eabi/lib/armv7e-m/fpu/libc.a(lib_a-readr.o)
 .data          0x0000000020000938        0x0 /usr/bin/../lib/gcc/arm-none-eabi/4.9.3/../../../../arm-none-eabi/lib/armv7e-m/fpu/libc.a(lib_a-reent.o)
 .data          0x0000000020000938        0x0 /usr/bin/../lib/gcc/arm-none-eabi/4.9.3/../../../../arm-none-eabi/lib/armv7e-m/fpu/libc.a(lib_a-wcrtomb.o)
 .data          0x0000000020000938        0x0 /usr/bin/../lib/gcc/arm-none-eabi/4.9.3/../../../../arm-none-eabi/lib/armv7e-m/fpu/libc.a(lib_a-wctomb_r.o)
 .data.__wctomb
                0x0000000020000938        0x4 /usr/bin/../lib/gcc/arm-none-eabi/4.9.3/../../../../arm-none-eabi/lib/armv7e-m/fpu/libc.a(lib_a-wctomb_r.o)
                0x0000000020000938                __wctomb
 .data          0x000000002000093c        0x0 /usr/bin/../lib/gcc/arm-none-eabi/4.9.3/armv7e-m/fpu/libgcc.a(_arm_addsubdf3.o)
 .data          0x000000002000093c        0x0 /usr/bin/../lib/gcc/arm-none-eabi/4.9.3/armv7e-m/fpu/libgcc.a(_arm_muldivdf3.o)
 .data          0x000000002000093c        0x0 /usr/bin/../lib/gcc/arm-none-eabi/4.9.3/armv7e-m/fpu/libgcc.a(_arm_cmpdf2.o)
 .data          0x000000002000093c        0x0 /usr/bin/../lib/gcc/arm-none-eabi/4.9.3/armv7e-m/fpu/libgcc.a(_arm_fixdfsi.o)
 .data          0x000000002000093c        0x0 /usr/bin/../lib/gcc/arm-none-eabi/4.9.3/armv7e-m/fpu/libgcc.a(_aeabi_uldivmod.o)
 .data          0x000000002000093c        0x0 /usr/bin/../lib/gcc/arm-none-eabi/4.9.3/armv7e-m/fpu/libgcc.a(bpabi.o)
 .data          0x000000002000093c        0x0 /usr/bin/../lib/gcc/arm-none-eabi/4.9.3/armv7e-m/fpu/libgcc.a(_dvmd_tls.o)
 .data          0x000000002000093c        0x0 /usr/bin/../lib/gcc/arm-none-eabi/4.9.3/armv7e-m/fpu/libgcc.a(_divdi3.o)
 .data          0x000000002000093c        0x0 /usr/bin/../lib/gcc/arm-none-eabi/4.9.3/armv7e-m/fpu/libgcc.a(_udivdi3.o)
 .data          0x000000002000093c        0x0 /usr/bin/../lib/gcc/arm-none-eabi/4.9.3/armv7e-m/fpu/crtend.o
 .data          0x000000002000093c        0x0 /usr/bin/../lib/gcc/arm-none-eabi/4.9.3/armv7e-m/fpu/crtn.o
                0x000000002000093c                . = ALIGN (0x4)
                0x000000002000093c                _erelocate = .

.bss            0x0000000020000940     0xfd10 load address 0x000000000800b878
                0x0000000020000940                . = ALIGN (0x4)
                0x0000000020000940                _sbss = .
                0x0000000020000940                __bss_start__ = .
 *(.bss .bss.*)
 .bss           0x0000000020000940        0x0 /usr/bin/../lib/gcc/arm-none-eabi/4.9.3/armv7e-m/fpu/crti.o
 .bss           0x0000000020000940       0x1c /usr/bin/../lib/gcc/arm-none-eabi/4.9.3/armv7e-m/fpu/crtbegin.o
 .bss           0x000000002000095c        0x0 /usr/bin/../lib/gcc/arm-none-eabi/4.9.3/../../../../arm-none-eabi/lib/armv7e-m/fpu/crt0.o
 .bss           0x000000002000095c        0x0 bin/main.o
 .bss           0x000000002000095c        0x0 bin/config.o
 .bss           0x000000002000095c        0x0 bin/startup.o
 .bss           0x000000002000095c        0x0 bin/i2cFunc.o
 .bss           0x000000002000095c        0x0 bin/spiFunc.o
 .bss           0x000000002000095c        0x0 bin/leds.o
 .bss           0x000000002000095c        0x0 bin/console.o
 .bss           0x000000002000095c        0x0 bin/stubs.o
 .bss.heap.7493
                0x000000002000095c        0x4 bin/stubs.o
 .bss           0x0000000020000960        0x0 bin/enet.o
 .bss.g_eth_udpbuf
                0x0000000020000960      0x5dc bin/enet.o
 .bss.g_eth_dma_rx_buf
                0x0000000020000f3c     0x8000 bin/enet.o
 .bss.g_eth_dma_tx_desc
                0x0000000020008f3c       0x40 bin/enet.o
 .bss.g_eth_rxpool_ptrs_wpos
                0x0000000020008f7c        0x2 bin/enet.o
 .bss.g_eth_rxpool_ptrs_rpos
                0x0000000020008f7e        0x2 bin/enet.o
 .bss.g_eth_rxpool_len
                0x0000000020008f80      0x100 bin/enet.o
 .bss.g_eth_rxpool_wpos
                0x0000000020009080        0x2 bin/enet.o
 *fill*         0x0000000020009082        0x2 
 .bss.g_eth_rxpool_start
                0x0000000020009084      0x200 bin/enet.o
 .bss.g_eth_dma_rx_desc
                0x0000000020009284      0x100 bin/enet.o
 .bss.g_eth_rxpool
                0x0000000020009384     0x4000 bin/enet.o
 .bss.g_eth_dma_tx_buf
                0x000000002000d384     0x2000 bin/enet.o
 .bss           0x000000002000f384        0x0 bin/systime.o
 .bss           0x000000002000f384        0x0 bin/dmxl.o
 .bss.g_dmxl_ring_wpos
                0x000000002000f384        0x8 bin/dmxl.o
 .bss.divider_is_sent
                0x000000002000f38c        0x4 bin/dmxl.o
 .bss.dmxl_txbuf_readpos.7148
                0x000000002000f390        0x4 bin/dmxl.o
 .bss.pkts.7092
                0x000000002000f394       0x30 bin/dmxl.o
 .bss.dmxl_txbuf.7147
                0x000000002000f3c4      0x400 bin/dmxl.o
 .bss.g_dmxl_rx_pkt
                0x000000002000f7c4      0x400 bin/dmxl.o
 .bss.g_dmxl_ring_rpos
                0x000000002000fbc4        0x8 bin/dmxl.o
 .bss.dmxl_rx_start_time.7149
                0x000000002000fbcc       0x10 bin/dmxl.o
 .bss.g_dmxl_ring
                0x000000002000fbdc      0x400 bin/dmxl.o
 .bss.dmxl_control_mode
                0x000000002000ffdc        0x1 bin/dmxl.o
 .bss           0x000000002000ffdd        0x0 bin/fan.o
 .bss           0x000000002000ffdd        0x0 bin/takktile.o
 *fill*         0x000000002000ffdd        0x3 
 .bss.active_sensor_idx.7157
                0x000000002000ffe0       0x10 bin/takktile.o
 .bss.g_takktile_i2c_async_start_us
                0x000000002000fff0       0x10 bin/takktile.o
 .bss.g_takktile_internal_i2c_status
                0x0000000020010000        0x8 bin/takktile.o
 .bss.state_start_time_us.7160
                0x0000000020010008       0x10 bin/takktile.o
 .bss.g_takktile_i2c_async_data_txrx_idx
                0x0000000020010018        0x4 bin/takktile.o
 .bss.errCount.7154
                0x000000002001001c       0x10 bin/takktile.o
 .bss.g_takktile_i2c_async_data
                0x000000002001002c      0x400 bin/takktile.o
 .bss.takktile_poll_states
                0x000000002001042c       0x10 bin/takktile.o
                0x000000002001042c                takktile_poll_states
 .bss.g_takktile_bridged_i2c_status
                0x000000002001043c        0x8 bin/takktile.o
                0x000000002001043c                g_takktile_bridged_i2c_status
 .bss.g_takktile_i2c_async_data_len
                0x0000000020010444        0x4 bin/takktile.o
 .bss.g_takktile_i2c_async_address_fail
                0x0000000020010448        0x2 bin/takktile.o
 *fill*         0x000000002001044a        0x2 
 .bss.g_takktile_i2c_async_address
                0x000000002001044c        0x4 bin/takktile.o
 .bss           0x0000000020010450        0x0 bin/pin.o
 .bss           0x0000000020010450        0x0 bin/enc.o
 .bss.i2cPort3Updated.6878
                0x0000000020010450        0x1 bin/enc.o
 .bss.i2cPort1Updated.6877
                0x0000000020010451        0x1 bin/enc.o
 .bss           0x0000000020010452        0x0 bin/state.o
 .bss           0x0000000020010452        0x0 bin/async_poll.o
 *fill*         0x0000000020010452        0x2 
 .bss.asyncStartTime
                0x0000000020010454        0x4 bin/async_poll.o
 .bss           0x0000000020010458        0x0 bin/delay.o
 .bss           0x0000000020010458        0x0 bin/error.o
 .bss.flashStartTime.5603
                0x0000000020010458        0x4 bin/error.o
 .bss.errorIndex.5601
                0x000000002001045c        0x1 bin/error.o
 *fill*         0x000000002001045d        0x3 
 .bss.errDetected
                0x0000000020010460        0xc bin/error.o
 .bss.displaying.5600
                0x000000002001046c        0x1 bin/error.o
 .bss.flashIndex.5602
                0x000000002001046d        0x1 bin/error.o
 .bss           0x000000002001046e        0x0 /usr/bin/../lib/gcc/arm-none-eabi/4.9.3/../../../../arm-none-eabi/lib/armv7e-m/fpu/libc.a(lib_a-exit.o)
 .bss           0x000000002001046e        0x0 /usr/bin/../lib/gcc/arm-none-eabi/4.9.3/../../../../arm-none-eabi/lib/armv7e-m/fpu/libc.a(lib_a-impure.o)
 .bss           0x000000002001046e        0x0 /usr/bin/../lib/gcc/arm-none-eabi/4.9.3/../../../../arm-none-eabi/lib/armv7e-m/fpu/libc.a(lib_a-init.o)
 .bss           0x000000002001046e        0x0 /usr/bin/../lib/gcc/arm-none-eabi/4.9.3/../../../../arm-none-eabi/lib/armv7e-m/fpu/libc.a(lib_a-memcpy.o)
 .bss           0x000000002001046e        0x0 /usr/bin/../lib/gcc/arm-none-eabi/4.9.3/../../../../arm-none-eabi/lib/armv7e-m/fpu/libc.a(lib_a-memset.o)
 .bss           0x000000002001046e        0x0 /usr/bin/../lib/gcc/arm-none-eabi/4.9.3/../../../../arm-none-eabi/lib/armv7e-m/fpu/libc.a(lib_a-printf.o)
 .bss           0x000000002001046e        0x0 /usr/bin/../lib/gcc/arm-none-eabi/4.9.3/../../../../arm-none-eabi/lib/armv7e-m/fpu/libc.a(lib_a-putchar.o)
 .bss           0x000000002001046e        0x0 /usr/bin/../lib/gcc/arm-none-eabi/4.9.3/../../../../arm-none-eabi/lib/armv7e-m/fpu/libc.a(lib_a-puts.o)
 .bss           0x000000002001046e        0x0 /usr/bin/../lib/gcc/arm-none-eabi/4.9.3/../../../../arm-none-eabi/lib/armv7e-m/fpu/libc.a(lib_a-strlen.o)
 .bss           0x000000002001046e        0x0 /usr/bin/../lib/gcc/arm-none-eabi/4.9.3/../../../../arm-none-eabi/lib/armv7e-m/fpu/libc.a(lib_a-vfprintf.o)
 .bss           0x000000002001046e        0x0 /usr/bin/../lib/gcc/arm-none-eabi/4.9.3/../../../../arm-none-eabi/lib/armv7e-m/fpu/libc.a(lib_a-wsetup.o)
 .bss           0x000000002001046e        0x0 /usr/bin/../lib/gcc/arm-none-eabi/4.9.3/../../../../arm-none-eabi/lib/armv7e-m/fpu/libc.a(lib_a-__call_atexit.o)
 .bss           0x000000002001046e        0x0 /usr/bin/../lib/gcc/arm-none-eabi/4.9.3/../../../../arm-none-eabi/lib/armv7e-m/fpu/libc.a(lib_a-atexit.o)
 .bss           0x000000002001046e        0x0 /usr/bin/../lib/gcc/arm-none-eabi/4.9.3/../../../../arm-none-eabi/lib/armv7e-m/fpu/libc.a(lib_a-dtoa.o)
 .bss           0x000000002001046e        0x0 /usr/bin/../lib/gcc/arm-none-eabi/4.9.3/../../../../arm-none-eabi/lib/armv7e-m/fpu/libc.a(lib_a-fflush.o)
 .bss           0x000000002001046e        0x0 /usr/bin/../lib/gcc/arm-none-eabi/4.9.3/../../../../arm-none-eabi/lib/armv7e-m/fpu/libc.a(lib_a-findfp.o)
 .bss           0x000000002001046e        0x0 /usr/bin/../lib/gcc/arm-none-eabi/4.9.3/../../../../arm-none-eabi/lib/armv7e-m/fpu/libc.a(lib_a-fini.o)
 .bss           0x000000002001046e        0x0 /usr/bin/../lib/gcc/arm-none-eabi/4.9.3/../../../../arm-none-eabi/lib/armv7e-m/fpu/libc.a(lib_a-freer.o)
 .bss           0x000000002001046e        0x0 /usr/bin/../lib/gcc/arm-none-eabi/4.9.3/../../../../arm-none-eabi/lib/armv7e-m/fpu/libc.a(lib_a-fvwrite.o)
 .bss           0x000000002001046e        0x0 /usr/bin/../lib/gcc/arm-none-eabi/4.9.3/../../../../arm-none-eabi/lib/armv7e-m/fpu/libc.a(lib_a-fwalk.o)
 .bss           0x000000002001046e        0x0 /usr/bin/../lib/gcc/arm-none-eabi/4.9.3/../../../../arm-none-eabi/lib/armv7e-m/fpu/libc.a(lib_a-locale.o)
 *fill*         0x000000002001046e        0x2 
 .bss._PathLocale
                0x0000000020010470        0x4 /usr/bin/../lib/gcc/arm-none-eabi/4.9.3/../../../../arm-none-eabi/lib/armv7e-m/fpu/libc.a(lib_a-locale.o)
                0x0000000020010470                _PathLocale
 .bss.__nlocale_changed
                0x0000000020010474        0x4 /usr/bin/../lib/gcc/arm-none-eabi/4.9.3/../../../../arm-none-eabi/lib/armv7e-m/fpu/libc.a(lib_a-locale.o)
                0x0000000020010474                __nlocale_changed
 .bss.__mlocale_changed
                0x0000000020010478        0x4 /usr/bin/../lib/gcc/arm-none-eabi/4.9.3/../../../../arm-none-eabi/lib/armv7e-m/fpu/libc.a(lib_a-locale.o)
                0x0000000020010478                __mlocale_changed
 .bss           0x000000002001047c        0x0 /usr/bin/../lib/gcc/arm-none-eabi/4.9.3/../../../../arm-none-eabi/lib/armv7e-m/fpu/libc.a(lib_a-makebuf.o)
 .bss           0x000000002001047c        0x0 /usr/bin/../lib/gcc/arm-none-eabi/4.9.3/../../../../arm-none-eabi/lib/armv7e-m/fpu/libc.a(lib_a-mallocr.o)
 .bss.__malloc_max_total_mem
                0x000000002001047c        0x4 /usr/bin/../lib/gcc/arm-none-eabi/4.9.3/../../../../arm-none-eabi/lib/armv7e-m/fpu/libc.a(lib_a-mallocr.o)
                0x000000002001047c                __malloc_max_total_mem
 .bss.__malloc_max_sbrked_mem
                0x0000000020010480        0x4 /usr/bin/../lib/gcc/arm-none-eabi/4.9.3/../../../../arm-none-eabi/lib/armv7e-m/fpu/libc.a(lib_a-mallocr.o)
                0x0000000020010480                __malloc_max_sbrked_mem
 .bss.__malloc_top_pad