Archive member included because of file (symbol)

/usr/bin/../lib/gcc/arm-none-eabi/4.9.3/../../../../arm-none-eabi/lib/armv7e-m/fpu/libc.a(lib_a-exit.o)
                              /usr/bin/../lib/gcc/arm-none-eabi/4.9.3/../../../../arm-none-eabi/lib/armv7e-m/fpu/crt0.o (exit)
/usr/bin/../lib/gcc/arm-none-eabi/4.9.3/../../../../arm-none-eabi/lib/armv7e-m/fpu/libc.a(lib_a-impure.o)
                              /usr/bin/../lib/gcc/arm-none-eabi/4.9.3/../../../../arm-none-eabi/lib/armv7e-m/fpu/libc.a(lib_a-exit.o) (_global_impure_ptr)
/usr/bin/../lib/gcc/arm-none-eabi/4.9.3/../../../../arm-none-eabi/lib/armv7e-m/fpu/libc.a(lib_a-init.o)
                              /usr/bin/../lib/gcc/arm-none-eabi/4.9.3/../../../../arm-none-eabi/lib/armv7e-m/fpu/crt0.o (__libc_init_array)
/usr/bin/../lib/gcc/arm-none-eabi/4.9.3/../../../../arm-none-eabi/lib/armv7e-m/fpu/libc.a(lib_a-memcpy.o)
                              bin/enet.o (memcpy)
/usr/bin/../lib/gcc/arm-none-eabi/4.9.3/../../../../arm-none-eabi/lib/armv7e-m/fpu/libc.a(lib_a-memset.o)
                              /usr/bin/../lib/gcc/arm-none-eabi/4.9.3/../../../../arm-none-eabi/lib/armv7e-m/fpu/crt0.o (memset)
/usr/bin/../lib/gcc/arm-none-eabi/4.9.3/../../../../arm-none-eabi/lib/armv7e-m/fpu/libc.a(lib_a-printf.o)
                              bin/imu.o (printf)
/usr/bin/../lib/gcc/arm-none-eabi/4.9.3/../../../../arm-none-eabi/lib/armv7e-m/fpu/libc.a(lib_a-putchar.o)
                              bin/config.o (putchar)
/usr/bin/../lib/gcc/arm-none-eabi/4.9.3/../../../../arm-none-eabi/lib/armv7e-m/fpu/libc.a(lib_a-puts.o)
                              bin/main.o (puts)
/usr/bin/../lib/gcc/arm-none-eabi/4.9.3/../../../../arm-none-eabi/lib/armv7e-m/fpu/libc.a(lib_a-strlen.o)
                              /usr/bin/../lib/gcc/arm-none-eabi/4.9.3/../../../../arm-none-eabi/lib/armv7e-m/fpu/libc.a(lib_a-puts.o) (strlen)
/usr/bin/../lib/gcc/arm-none-eabi/4.9.3/../../../../arm-none-eabi/lib/armv7e-m/fpu/libc.a(lib_a-vfprintf.o)
                              /usr/bin/../lib/gcc/arm-none-eabi/4.9.3/../../../../arm-none-eabi/lib/armv7e-m/fpu/libc.a(lib_a-printf.o) (_vfprintf_r)
/usr/bin/../lib/gcc/arm-none-eabi/4.9.3/../../../../arm-none-eabi/lib/armv7e-m/fpu/libc.a(lib_a-wsetup.o)
                              /usr/bin/../lib/gcc/arm-none-eabi/4.9.3/../../../../arm-none-eabi/lib/armv7e-m/fpu/libc.a(lib_a-vfprintf.o) (__swsetup_r)
/usr/bin/../lib/gcc/arm-none-eabi/4.9.3/../../../../arm-none-eabi/lib/armv7e-m/fpu/libc.a(lib_a-__call_atexit.o)
                              /usr/bin/../lib/gcc/arm-none-eabi/4.9.3/../../../../arm-none-eabi/lib/armv7e-m/fpu/libc.a(lib_a-exit.o) (__call_exitprocs)
/usr/bin/../lib/gcc/arm-none-eabi/4.9.3/../../../../arm-none-eabi/lib/armv7e-m/fpu/libc.a(lib_a-atexit.o)
                              /usr/bin/../lib/gcc/arm-none-eabi/4.9.3/../../../../arm-none-eabi/lib/armv7e-m/fpu/libc.a(lib_a-__call_atexit.o) (atexit)
/usr/bin/../lib/gcc/arm-none-eabi/4.9.3/../../../../arm-none-eabi/lib/armv7e-m/fpu/libc.a(lib_a-dtoa.o)
                              /usr/bin/../lib/gcc/arm-none-eabi/4.9.3/../../../../arm-none-eabi/lib/armv7e-m/fpu/libc.a(lib_a-vfprintf.o) (_dtoa_r)
/usr/bin/../lib/gcc/arm-none-eabi/4.9.3/../../../../arm-none-eabi/lib/armv7e-m/fpu/libc.a(lib_a-fflush.o)
                              /usr/bin/../lib/gcc/arm-none-eabi/4.9.3/../../../../arm-none-eabi/lib/armv7e-m/fpu/libc.a(lib_a-vfprintf.o) (_fflush_r)
/usr/bin/../lib/gcc/arm-none-eabi/4.9.3/../../../../arm-none-eabi/lib/armv7e-m/fpu/libc.a(lib_a-findfp.o)
                              /usr/bin/../lib/gcc/arm-none-eabi/4.9.3/../../../../arm-none-eabi/lib/armv7e-m/fpu/libc.a(lib_a-puts.o) (__sinit)
/usr/bin/../lib/gcc/arm-none-eabi/4.9.3/../../../../arm-none-eabi/lib/armv7e-m/fpu/libc.a(lib_a-fini.o)
                              /usr/bin/../lib/gcc/arm-none-eabi/4.9.3/../../../../arm-none-eabi/lib/armv7e-m/fpu/libc.a(lib_a-__call_atexit.o) (__libc_fini_array)
/usr/bin/../lib/gcc/arm-none-eabi/4.9.3/../../../../arm-none-eabi/lib/armv7e-m/fpu/libc.a(lib_a-freer.o)
                              /usr/bin/../lib/gcc/arm-none-eabi/4.9.3/../../../../arm-none-eabi/lib/armv7e-m/fpu/libc.a(lib_a-wsetup.o) (_free_r)
/usr/bin/../lib/gcc/arm-none-eabi/4.9.3/../../../../arm-none-eabi/lib/armv7e-m/fpu/libc.a(lib_a-fvwrite.o)
                              /usr/bin/../lib/gcc/arm-none-eabi/4.9.3/../../../../arm-none-eabi/lib/armv7e-m/fpu/libc.a(lib_a-puts.o) (__sfvwrite_r)
/usr/bin/../lib/gcc/arm-none-eabi/4.9.3/../../../../arm-none-eabi/lib/armv7e-m/fpu/libc.a(lib_a-fwalk.o)
                              /usr/bin/../lib/gcc/arm-none-eabi/4.9.3/../../../../arm-none-eabi/lib/armv7e-m/fpu/libc.a(lib_a-findfp.o) (_fwalk)
/usr/bin/../lib/gcc/arm-none-eabi/4.9.3/../../../../arm-none-eabi/lib/armv7e-m/fpu/libc.a(lib_a-locale.o)
                              /usr/bin/../lib/gcc/arm-none-eabi/4.9.3/../../../../arm-none-eabi/lib/armv7e-m/fpu/libc.a(lib_a-vfprintf.o) (_localeconv_r)
[...]
Memory Configuration

Name             Origin             Length             Attributes
flash            0x0000000008000000 0x0000000000100000 xr
sram             0x0000000020000000 0x0000000000020000 xrw
*default*        0x0000000000000000 0xffffffffffffffff

Linker script and memory map

LOAD /usr/bin/../lib/gcc/arm-none-eabi/4.9.3/armv7e-m/fpu/crti.o
LOAD /usr/bin/../lib/gcc/arm-none-eabi/4.9.3/armv7e-m/fpu/crtbegin.o
LOAD /usr/bin/../lib/gcc/arm-none-eabi/4.9.3/../../../../arm-none-eabi/lib/armv7e-m/fpu/crt0.o
LOAD bin/main.o
LOAD bin/imu.o
LOAD bin/ports.o
LOAD bin/config.o
LOAD bin/startup.o
LOAD bin/i2cFunc.o
LOAD bin/spiFunc.o
LOAD bin/leds.o
LOAD bin/console.o
LOAD bin/stubs.o
LOAD bin/enet.o
LOAD bin/systime.o
LOAD bin/dmxl.o
LOAD bin/fan.o
LOAD bin/takktile.o
LOAD bin/pin.o
LOAD bin/enc.o
LOAD bin/state.o
LOAD bin/async_poll.o
LOAD bin/delay.o
LOAD bin/error.o
LOAD /usr/bin/../lib/gcc/arm-none-eabi/4.9.3/../../../../arm-none-eabi/lib/armv7e-m/fpu/libc.a
LOAD /usr/bin/../lib/gcc/arm-none-eabi/4.9.3/armv7e-m/fpu/libgcc.a
LOAD /usr/bin/../lib/gcc/arm-none-eabi/4.9.3/../../../../arm-none-eabi/lib/armv7e-m/fpu/libm.a
START GROUP
LOAD /usr/bin/../lib/gcc/arm-none-eabi/4.9.3/armv7e-m/fpu/libgcc.a
LOAD /usr/bin/../lib/gcc/arm-none-eabi/4.9.3/../../../../arm-none-eabi/lib/armv7e-m/fpu/libg.a
LOAD /usr/bin/../lib/gcc/arm-none-eabi/4.9.3/../../../../arm-none-eabi/lib/armv7e-m/fpu/libc.a
END GROUP
LOAD /usr/bin/../lib/gcc/arm-none-eabi/4.9.3/armv7e-m/fpu/crtend.o
LOAD /usr/bin/../lib/gcc/arm-none-eabi/4.9.3/armv7e-m/fpu/crtn.o

.text           0x0000000008000000     0xaf4c
 *(.vectors .vectors.*)
 .vectors       0x0000000008000000      0x1ac bin/startup.o
                0x0000000008000000                g_vectors
                0x0000000000000400                . = 0x400
 *fill*         0x00000000080001ac      0x254 
 *(.text .text.* .gnu.linkonce.t*)
 .text          0x0000000008000400        0x0 /usr/bin/../lib/gcc/arm-none-eabi/4.9.3/armv7e-m/fpu/crti.o
 .text          0x0000000008000400       0x5c /usr/bin/../lib/gcc/arm-none-eabi/4.9.3/armv7e-m/fpu/crtbegin.o
 .text          0x000000000800045c       0x74 /usr/bin/../lib/gcc/arm-none-eabi/4.9.3/../../../../arm-none-eabi/lib/armv7e-m/fpu/crt0.o
                0x000000000800045c                _mainCRTStartup
                0x000000000800045c                _start
 .text          0x00000000080004d0        0x0 bin/main.o
 .text.startup.main
                0x00000000080004d0       0x28 bin/main.o
                0x00000000080004d0                main
 .text          0x00000000080004f8        0x0 bin/imu.o
 .text.setRegisterIMUs
                0x00000000080004f8       0x40 bin/imu.o
                0x00000000080004f8                setRegisterIMUs
 .text.imuInit  0x0000000008000538      0x16c bin/imu.o
                0x0000000008000538                imuInit
 .text.imu_poll_nonblocking_tick
                0x00000000080006a4       0xf0 bin/imu.o
                0x00000000080006a4                imu_poll_nonblocking_tick
 .text          0x0000000008000794        0x0 bin/ports.o
 .text.portsInit
                0x0000000008000794      0x1c4 bin/ports.o
                0x0000000008000794                portsInit
 .text          0x0000000008000958        0x0 bin/config.o
 .text.init     0x0000000008000958       0x58 bin/config.o
                0x0000000008000958                init
 .text.printInfo
                0x00000000080009b0      0x1a8 bin/config.o
                0x00000000080009b0                printInfo
 .text          0x0000000008000b58        0x0 bin/startup.o
 .text.unmapped_vector
                0x0000000008000b58        0x4 bin/startup.o
                0x0000000008000b58                uart8_vector
                0x0000000008000b58                i2c3_er_vector
                0x0000000008000b58                otg_fs_wkup_vector
                0x0000000008000b58                tim7_vector
                0x0000000008000b58                dma2_stream0_vector
                0x0000000008000b58                tampstamp_vector
                0x0000000008000b58                i2c2_ev_vector
                0x0000000008000b58                exti0_vector
                0x0000000008000b58                can2_tx_vector
                0x0000000008000b58                eth_wkup_vector
                0x0000000008000b58                tim1trg_tim11_vector
                0x0000000008000b58                hardfault_vector
                0x0000000008000b58                adc_vector
                0x0000000008000b58                otg_hs_ep1_in_vector
                0x0000000008000b58                i2c1_er_vector
                0x0000000008000b58                wwdg_vector
                0x0000000008000b58                tim1cc_vector
                0x0000000008000b58                pvd_vector
                0x0000000008000b58                can1_rx0_vector
                0x0000000008000b58                ltdc_er_vector
                0x0000000008000b58                dma2_stream4_vector
                0x0000000008000b58                spi5_vector
                0x0000000008000b58                tim2_vector
                0x0000000008000b58                dma1_stream2_vector
                0x0000000008000b58                flash_vector
                0x0000000008000b58                spi6_vector
                0x0000000008000b58                otg_hs_wkup_vector
                0x0000000008000b58                dma1_stream3_vector
                0x0000000008000b58                exti3_vector
                0x0000000008000b58                uart7_vector
                0x0000000008000b58                dma1_stream7_vector
                0x0000000008000b58                exti9_5_vector
                0x0000000008000b58                dma2_stream1_vector
                0x0000000008000b58                can1_sce_vector
                0x0000000008000b58                can1_rx1_vector
                0x0000000008000b58                dma2_stream7_vector
                0x0000000008000b58                exti15_10_vector
                0x0000000008000b58                tim4_vector
                0x0000000008000b58                pendsv_vector
                0x0000000008000b58                nmi_vector
                0x0000000008000b58                i2c2_er_vector
                0x0000000008000b58                can2_sce_vector
                0x0000000008000b58                tim1up_tim10_vector
                0x0000000008000b58                dma2_stream5_vector
                0x0000000008000b58                exti4_vector
                0x0000000008000b58                usart2_vector
                0x0000000008000b58                dma1_stream0_vector
                0x0000000008000b58                dcmi_vector
                0x0000000008000b58                dma2_stream2_vector
                0x0000000008000b58                rtc_alarm_vector
                0x0000000008000b58                dma1_stream4_vector
                0x0000000008000b58                tim5_vector
                0x0000000008000b58                svcall_vector
                0x0000000008000b58                spi4_vector
                0x0000000008000b58                dma1_stream5_vector
                0x0000000008000b58                dma2_stream3_vector
                0x0000000008000b58                systick_vector
                0x0000000008000b58                exti2_vector
                0x0000000008000b58                tim8brk_tim12_vector
                0x0000000008000b58                usagefault_vector
                0x0000000008000b58                cryp_vector
                0x0000000008000b58                tim8cc_vector
                0x0000000008000b58                rtc_wkup_vector
                0x0000000008000b58                dma1_stream6_vector
                0x0000000008000b58                ltdc_vector
                0x0000000008000b58                memmanage_vector
                0x0000000008000b58                can1_tx_vector
                0x0000000008000b58                tim1brk_tim9_vector
                0x0000000008000b58                spi2_vector
                0x0000000008000b58                spi1_vector
                0x0000000008000b58                dbgmon_vector
                0x0000000008000b58                tim6_dac_vector
                0x0000000008000b58                hash_rng_vector
                0x0000000008000b58                can2_rx0_vector
                0x0000000008000b58                sdio_vector
                0x0000000008000b58                otg_hs_vector
                0x0000000008000b58                i2c1_ev_vector
                0x0000000008000b58                otg_fs_vector
                0x0000000008000b58                busfault_vector
                0x0000000008000b58                spi3_vector
                0x0000000008000b58                tim8up_tim13_vector
                0x0000000008000b58                exti1_vector
                0x0000000008000b58                otg_hs_ep1_out_vector
                0x0000000008000b58                sai1_vector
                0x0000000008000b58                tim3_vector
                0x0000000008000b58                dma2_stream6_vector
                0x0000000008000b58                dma1_stream1_vector
                0x0000000008000b58                tim8trg_tim14_vector
                0x0000000008000b58                fsmc_vector
                0x0000000008000b58                fpu_vector
                0x0000000008000b58                i2c3_ev_vector
                0x0000000008000b58                rcc_vector
                0x0000000008000b58                usart1_vector
                0x0000000008000b58                unmapped_vector
                0x0000000008000b58                dma2d_vector
                0x0000000008000b58                can2_rx1_vector
 .text.reset_vector
                0x0000000008000b5c      0x14c bin/startup.o
                0x0000000008000b5c                reset_vector
 .text.startup_clock_init_fail
                0x0000000008000ca8        0x4 bin/startup.o
                0x0000000008000ca8                startup_clock_init_fail
 .text          0x0000000008000cac        0x0 bin/i2cFunc.o
 .text.writeBytesI2C
                0x0000000008000cac      0x11c bin/i2cFunc.o
                0x0000000008000cac                writeBytesI2C
 .text.writeRegisterI2C
                0x0000000008000dc8       0xec bin/i2cFunc.o
                0x0000000008000dc8                writeRegisterI2C
 .text.setRegisterI2C
                0x0000000008000eb4       0x1c bin/i2cFunc.o
                0x0000000008000eb4                setRegisterI2C
 .text.readBytesI2C
                0x0000000008000ed0      0x118 bin/i2cFunc.o
                0x0000000008000ed0                readBytesI2C
 .text.isBusyI2CPort
                0x0000000008000fe8        0x8 bin/i2cFunc.o
                0x0000000008000fe8                isBusyI2CPort
 .text          0x0000000008000ff0        0x0 bin/spiFunc.o
 .text.resetConverter
                0x0000000008000ff0       0x24 bin/spiFunc.o
                0x0000000008000ff0                resetConverter
 .text.writeConverterRegister
                0x0000000008001014       0xbc bin/spiFunc.o
                0x0000000008001014                writeConverterRegister
 .text.readConverterRegister
                0x00000000080010d0       0xd0 bin/spiFunc.o
                0x00000000080010d0                readConverterRegister
 .text.checkConverterIsBusy
                0x00000000080011a0       0x58 bin/spiFunc.o
                0x00000000080011a0                checkConverterIsBusy
 .text.writeBytesSPI
                0x00000000080011f8       0x88 bin/spiFunc.o
                0x00000000080011f8                writeBytesSPI
 .text.writeRegisterSPI
                0x0000000008001280       0x1c bin/spiFunc.o
                0x0000000008001280                writeRegisterSPI
 .text.readCommmand
                0x000000000800129c       0x4c bin/spiFunc.o
                0x000000000800129c                readCommmand
 .text.readBytesSPI
                0x00000000080012e8       0x6c bin/spiFunc.o
                0x00000000080012e8                readBytesSPI
 .text.ledsPattern
                0x0000000008001354       0x38 bin/spiFunc.o
                0x0000000008001354                ledsPattern
 .text.ledStatus
                0x000000000800138c       0xe0 bin/spiFunc.o
                0x000000000800138c                ledStatus
 .text          0x000000000800146c        0x0 bin/leds.o
 .text.leds_init
                0x000000000800146c       0x38 bin/leds.o
                0x000000000800146c                leds_init
 .text.leds_on  0x00000000080014a4       0x48 bin/leds.o
                0x00000000080014a4                leds_on
 .text.leds_off
                0x00000000080014ec       0x48 bin/leds.o
                0x00000000080014ec                leds_off
 .text.leds_toggle
                0x0000000008001534       0x54 bin/leds.o
                0x0000000008001534                leds_toggle
 .text          0x0000000008001588        0x0 bin/console.o
 .text.consoleInit
                0x0000000008001588       0x5c bin/console.o
                0x0000000008001588                consoleInit
 .text.consolePrint
                0x00000000080015e4       0x6c bin/console.o
                0x00000000080015e4                consolePrint
 .text          0x0000000008001650        0x0 bin/stubs.o
 .text._sbrk    0x0000000008001650       0x1c bin/stubs.o
                0x0000000008001650                _sbrk
 .text._kill    0x000000000800166c        0x8 bin/stubs.o
                0x000000000800166c                _kill
 .text._exit    0x0000000008001674        0x4 bin/stubs.o
                0x0000000008001674                _exit
 .text._getpid  0x0000000008001678        0x4 bin/stubs.o
                0x0000000008001678                _getpid
 .text._write   0x000000000800167c       0x10 bin/stubs.o
                0x000000000800167c                _write
 .text._close   0x000000000800168c        0x8 bin/stubs.o
                0x000000000800168c                _close
 .text._fstat   0x0000000008001694        0xc bin/stubs.o
                0x0000000008001694                _fstat
 .text._isatty  0x00000000080016a0        0x4 bin/stubs.o
                0x00000000080016a0                _isatty
 .text._lseek   0x00000000080016a4        0x4 bin/stubs.o
                0x00000000080016a4                _lseek
 .text._read    0x00000000080016a8        0x4 bin/stubs.o
                0x00000000080016a8                _read
 .text.fputc    0x00000000080016ac        0x4 bin/stubs.o
                0x00000000080016ac                fputc
 .text._ttywrch
                0x00000000080016b0        0x4 bin/stubs.o
                0x00000000080016b0                _ttywrch
 .text          0x00000000080016b4        0x0 bin/enet.o
 .text.enet_read_phy_reg
                0x00000000080016b4       0x2c bin/enet.o
                0x00000000080016b4                enet_read_phy_reg
 .text.enet_write_phy_reg
                0x00000000080016e0       0x60 bin/enet.o
                0x00000000080016e0                enet_write_phy_reg
 .text.enet_init
                0x0000000008001740      0x434 bin/enet.o
                0x0000000008001740                enet_init
 .text.eth_vector
                0x0000000008001b74       0xdc bin/enet.o
                0x0000000008001b74                eth_vector
 .text.enet_get_link_status
                0x0000000008001c50       0x58 bin/enet.o
                0x0000000008001c50                enet_get_link_status
 .text.eth_send_raw_packet
                0x0000000008001ca8       0x7c bin/enet.o
                0x0000000008001ca8                eth_send_raw_packet
 .text.eth_htons
                0x0000000008001d24        0x8 bin/enet.o
                0x0000000008001d24                eth_htons
 .text.eth_htonl
                0x0000000008001d2c        0x4 bin/enet.o
                0x0000000008001d2c                eth_htonl
 .text.enet_send_udp_ucast
                0x0000000008001d30       0xe4 bin/enet.o
                0x0000000008001d30                enet_send_udp_ucast
 .text.enet_send_udp_mcast
                0x0000000008001e14       0x44 bin/enet.o
                0x0000000008001e14                enet_send_udp_mcast
 .text.eth_dispatch_udp
                0x0000000008001e58       0x9c bin/enet.o
                0x0000000008001e58                eth_dispatch_udp
 .text.eth_dispatch_ip
                0x0000000008001ef4       0x30 bin/enet.o
                0x0000000008001ef4                eth_dispatch_ip
 .text.eth_dispatch_eth
                0x0000000008001f24       0x14 bin/enet.o
                0x0000000008001f24                eth_dispatch_eth
 .text.enetRX   0x0000000008001f38       0xa8 bin/enet.o
                0x0000000008001f38                enetRX
 .text.enetTX   0x0000000008001fe0       0x2c bin/enet.o
                0x0000000008001fe0                enetTX
 .text.ethernetService
                0x000000000800200c       0x2c bin/enet.o
                0x000000000800200c                ethernetService
 .text          0x0000000008002038        0x0 bin/systime.o
 .text.systime_init
                0x0000000008002038       0x44 bin/systime.o
                0x0000000008002038                systime_init
 .text.udelay   0x000000000800207c       0x10 bin/systime.o
                0x000000000800207c                udelay
 .text          0x000000000800208c        0x0 bin/dmxl.o
 .text.dmxl_tx.part.1
                0x000000000800208c       0x8c bin/dmxl.o
 .text.dmxl_write_data
                0x0000000008002118       0x44 bin/dmxl.o
 .text.dmxl_read_data.constprop.3
                0x000000000800215c       0x30 bin/dmxl.o
 .text.usart3_vector
                0x000000000800218c       0x3c bin/dmxl.o
                0x000000000800218c                usart3_vector
 .text.uart4_vector
                0x00000000080021c8       0x44 bin/dmxl.o
                0x00000000080021c8                uart4_vector
 .text.uart5_vector
                0x000000000800220c       0x44 bin/dmxl.o
                0x000000000800220c                uart5_vector
 .text.usart6_vector
                0x0000000008002250       0x44 bin/dmxl.o
                0x0000000008002250                usart6_vector
 .text.dmxl_set_usart_baud
                0x0000000008002294       0x68 bin/dmxl.o
                0x0000000008002294                dmxl_set_usart_baud
 .text.dmxl_init
                0x00000000080022fc      0x1a4 bin/dmxl.o
                0x00000000080022fc                dmxl_init
 .text.dmxl_process_ring
                0x00000000080024a0      0x1f4 bin/dmxl.o
                0x00000000080024a0                dmxl_process_ring
 .text.dmxl_set_status_return_levels
                0x0000000008002694       0xb0 bin/dmxl.o
                0x0000000008002694                dmxl_set_status_return_levels
 .text.dmxl_set_baud_rates
                0x0000000008002744       0xdc bin/dmxl.o
                0x0000000008002744                dmxl_set_baud_rates
 .text.dmxl_process_rings
                0x0000000008002820       0x20 bin/dmxl.o
                0x0000000008002820                dmxl_process_rings
 .text.dmxl_set_led
                0x0000000008002840       0x20 bin/dmxl.o
                0x0000000008002840                dmxl_set_led
 .text.dmxl_set_torque_enable
                0x0000000008002860       0x20 bin/dmxl.o
                0x0000000008002860                dmxl_set_torque_enable
 .text.dmxl_set_angle_limits
                0x0000000008002880       0x2c bin/dmxl.o
                0x0000000008002880                dmxl_set_angle_limits
 .text.dmxl_set_res_divider
                0x00000000080028ac       0x18 bin/dmxl.o
                0x00000000080028ac                dmxl_set_res_divider
 .text.dmxl_set_multiturn_offset
                0x00000000080028c4       0x20 bin/dmxl.o
                0x00000000080028c4                dmxl_set_multiturn_offset
 .text.dmxl_set_speed_dir
                0x00000000080028e4       0x2c bin/dmxl.o
                0x00000000080028e4                dmxl_set_speed_dir
 .text.dmxl_set_control_mode
                0x0000000008002910       0xe8 bin/dmxl.o
                0x0000000008002910                dmxl_set_control_mode
 .text.dmxl_set_control_target
                0x00000000080029f8       0x38 bin/dmxl.o
                0x00000000080029f8                dmxl_set_control_target
 .text.dmxl_set_all_control_targets
                0x0000000008002a30       0xf4 bin/dmxl.o
                0x0000000008002a30                dmxl_set_all_control_targets
 .text.dmxl_poll
                0x0000000008002b24       0x8c bin/dmxl.o
                0x0000000008002b24                dmxl_poll
 .text.dmxl_poll_nonblocking_tick
                0x0000000008002bb0      0x18c bin/dmxl.o
                0x0000000008002bb0                dmxl_poll_nonblocking_tick
 .text.dmxl_all_available
                0x0000000008002d3c       0x20 bin/dmxl.o
                0x0000000008002d3c                dmxl_all_available
 .text          0x0000000008002d5c        0x0 bin/fan.o
 .text.fan_init
                0x0000000008002d5c       0x20 bin/fan.o
                0x0000000008002d5c                fan_init
 .text.fan_on   0x0000000008002d7c       0x18 bin/fan.o
                0x0000000008002d7c                fan_on
 .text.fan_off  0x0000000008002d94       0x18 bin/fan.o
                0x0000000008002d94                fan_off
 .text          0x0000000008002dac        0x0 bin/takktile.o
 .text.takktileInit
                0x0000000008002dac       0xd8 bin/takktile.o
                0x0000000008002dac                takktileInit
 .text.enableAllSensors
                0x0000000008002e84       0x60 bin/takktile.o
                0x0000000008002e84                enableAllSensors
 .text.startConversionSequence
                0x0000000008002ee4       0x68 bin/takktile.o
                0x0000000008002ee4                startConversionSequence
 .text.disableAllSensors
                0x0000000008002f4c       0x58 bin/takktile.o
                0x0000000008002f4c                disableAllSensors
 .text.enableSensor
                0x0000000008002fa4       0x84 bin/takktile.o
                0x0000000008002fa4                enableSensor
 .text.setRegister
                0x0000000008003028       0x5c bin/takktile.o
                0x0000000008003028                setRegister
 .text.readValues
                0x0000000008003084       0xe0 bin/takktile.o
                0x0000000008003084                readValues
 .text.disableSensor
                0x0000000008003164       0x84 bin/takktile.o
                0x0000000008003164                disableSensor
 .text.takktile_poll_nonblocking_tick
                0x00000000080031e8      0x160 bin/takktile.o
                0x00000000080031e8                takktile_poll_nonblocking_tick
 .text          0x0000000008003348        0x0 bin/pin.o
 .text.pin_set_output_type
                0x0000000008003348       0x1c bin/pin.o
                0x0000000008003348                pin_set_output_type
 .text.pin_set_alternate_function
                0x0000000008003364       0x5c bin/pin.o
                0x0000000008003364                pin_set_alternate_function
 .text.pin_set_output
                0x00000000080033c0       0x20 bin/pin.o
                0x00000000080033c0                pin_set_output
 .text.pin_set_output_level
                0x00000000080033e0       0x14 bin/pin.o
                0x00000000080033e0                pin_set_output_level
 .text          0x00000000080033f4        0x0 bin/enc.o
 .text.encInit  0x00000000080033f4       0x24 bin/enc.o
                0x00000000080033f4                encInit
 .text.setEncoderRegister
                0x0000000008003418       0x54 bin/enc.o
                0x0000000008003418                setEncoderRegister
 .text.readEncoderValues
                0x000000000800346c       0x7c bin/enc.o
                0x000000000800346c                readEncoderValues
 .text.enc_poll_nonblocking_tick
                0x00000000080034e8       0x48 bin/enc.o
                0x00000000080034e8                enc_poll_nonblocking_tick
 .text          0x0000000008003530        0x0 bin/state.o
 .text.state_init
                0x0000000008003530       0xb0 bin/state.o
                0x0000000008003530                state_init
 .text          0x00000000080035e0        0x0 bin/async_poll.o
 .text.asyncInit
                0x00000000080035e0       0x48 bin/async_poll.o
                0x00000000080035e0                asyncInit
 .text.asyncUpdate
                0x0000000008003628       0x30 bin/async_poll.o
                0x0000000008003628                asyncUpdate
 .text          0x0000000008003658        0x0 bin/delay.o
 .text.delay_ns
                0x0000000008003658       0x28 bin/delay.o
                0x0000000008003658                delay_ns
 .text.delay_us
                0x0000000008003680       0x24 bin/delay.o
                0x0000000008003680                delay_us
 .text.delay_ms
                0x00000000080036a4       0x34 bin/delay.o
                0x00000000080036a4                delay_ms
 .text          0x00000000080036d8        0x0 bin/error.o
 .text.setLEDs  0x00000000080036d8       0x30 bin/error.o
                0x00000000080036d8                setLEDs
 .text.errorService
                0x0000000008003708       0xbc bin/error.o
                0x0000000008003708                errorService
 .text.err_set  0x00000000080037c4        0xc bin/error.o
                0x00000000080037c4                err_set
 .text.err_unset
                0x00000000080037d0        0xc bin/error.o
                0x00000000080037d0                err_unset
 .text          0x00000000080037dc        0x0 /usr/bin/../lib/gcc/arm-none-eabi/4.9.3/../../../../arm-none-eabi/lib/armv7e-m/fpu/libc.a(lib_a-exit.o)
 .text.exit     0x00000000080037dc       0x20 /usr/bin/../lib/gcc/arm-none-eabi/4.9.3/../../../../arm-none-eabi/lib/armv7e-m/fpu/libc.a(lib_a-exit.o)
                0x00000000080037dc                exit
 .text          0x00000000080037fc        0x0 /usr/bin/../lib/gcc/arm-none-eabi/4.9.3/../../../../arm-none-eabi/lib/armv7e-m/fpu/libc.a(lib_a-impure.o)
 .text          0x00000000080037fc        0x0 /usr/bin/../lib/gcc/arm-none-eabi/4.9.3/../../../../arm-none-eabi/lib/armv7e-m/fpu/libc.a(lib_a-init.o)
 .text.__libc_init_array
                0x00000000080037fc       0x50 /usr/bin/../lib/gcc/arm-none-eabi/4.9.3/../../../../arm-none-eabi/lib/armv7e-m/fpu/libc.a(lib_a-init.o)
                0x00000000080037fc                __libc_init_array
 .text          0x000000000800384c      0x134 /usr/bin/../lib/gcc/arm-none-eabi/4.9.3/../../../../arm-none-eabi/lib/armv7e-m/fpu/libc.a(lib_a-memcpy.o)
                0x000000000800384c                memcpy
 .text          0x0000000008003980        0x0 /usr/bin/../lib/gcc/arm-none-eabi/4.9.3/../../../../arm-none-eabi/lib/armv7e-m/fpu/libc.a(lib_a-memset.o)
 .text.memset   0x0000000008003980       0x9c /usr/bin/../lib/gcc/arm-none-eabi/4.9.3/../../../../arm-none-eabi/lib/armv7e-m/fpu/libc.a(lib_a-memset.o)
                0x0000000008003980                memset
 .text          0x0000000008003a1c        0x0 /usr/bin/../lib/gcc/arm-none-eabi/4.9.3/../../../../arm-none-eabi/lib/armv7e-m/fpu/libc.a(lib_a-printf.o)
 .text._printf_r
                0x0000000008003a1c       0x20 /usr/bin/../lib/gcc/arm-none-eabi/4.9.3/../../../../arm-none-eabi/lib/armv7e-m/fpu/libc.a(lib_a-printf.o)
                0x0000000008003a1c                _printf_r
 .text.printf   0x0000000008003a3c       0x28 /usr/bin/../lib/gcc/arm-none-eabi/4.9.3/../../../../arm-none-eabi/lib/armv7e-m/fpu/libc.a(lib_a-printf.o)
                0x0000000008003a3c                printf
 .text          0x0000000008003a64        0x0 /usr/bin/../lib/gcc/arm-none-eabi/4.9.3/../../../../arm-none-eabi/lib/armv7e-m/fpu/libc.a(lib_a-putchar.o)
 .text._putchar_r
                0x0000000008003a64        0x8 /usr/bin/../lib/gcc/arm-none-eabi/4.9.3/../../../../arm-none-eabi/lib/armv7e-m/fpu/libc.a(lib_a-putchar.o)
                0x0000000008003a64                _putchar_r
 .text.putchar  0x0000000008003a6c       0x14 /usr/bin/../lib/gcc/arm-none-eabi/4.9.3/../../../../arm-none-eabi/lib/armv7e-m/fpu/libc.a(lib_a-putchar.o)
                0x0000000008003a6c                putchar
 .text          0x0000000008003a80        0x0 /usr/bin/../lib/gcc/arm-none-eabi/4.9.3/../../../../arm-none-eabi/lib/armv7e-m/fpu/libc.a(lib_a-puts.o)
 .text._puts_r  0x0000000008003a80       0x64 /usr/bin/../lib/gcc/arm-none-eabi/4.9.3/../../../../arm-none-eabi/lib/armv7e-m/fpu/libc.a(lib_a-puts.o)
                0x0000000008003a80                _puts_r
 .text.puts     0x0000000008003ae4       0x10 /usr/bin/../lib/gcc/arm-none-eabi/4.9.3/../../../../arm-none-eabi/lib/armv7e-m/fpu/libc.a(lib_a-puts.o)
                0x0000000008003ae4                puts
 .text          0x0000000008003af4        0x0 /usr/bin/../lib/gcc/arm-none-eabi/4.9.3/../../../../arm-none-eabi/lib/armv7e-m/fpu/libc.a(lib_a-strlen.o)
 .text.strlen   0x0000000008003af4       0x5c /usr/bin/../lib/gcc/arm-none-eabi/4.9.3/../../../../arm-none-eabi/lib/armv7e-m/fpu/libc.a(lib_a-strlen.o)
                0x0000000008003af4                strlen
 .text          0x0000000008003b50        0x0 /usr/bin/../lib/gcc/arm-none-eabi/4.9.3/../../../../arm-none-eabi/lib/armv7e-m/fpu/libc.a(lib_a-vfprintf.o)
 .text._vfprintf_r
                0x0000000008003b50     0x1424 /usr/bin/../lib/gcc/arm-none-eabi/4.9.3/../../../../arm-none-eabi/lib/armv7e-m/fpu/libc.a(lib_a-vfprintf.o)
                0x0000000008003b50                _vfprintf_r
 .text.vfprintf
                0x0000000008004f74       0x18 /usr/bin/../lib/gcc/arm-none-eabi/4.9.3/../../../../arm-none-eabi/lib/armv7e-m/fpu/libc.a(lib_a-vfprintf.o)
                0x0000000008004f74                vfprintf
 .text.__sbprintf
                0x0000000008004f8c       0x78 /usr/bin/../lib/gcc/arm-none-eabi/4.9.3/../../../../arm-none-eabi/lib/armv7e-m/fpu/libc.a(lib_a-vfprintf.o)
 .text          0x0000000008005004        0x0 /usr/bin/../lib/gcc/arm-none-eabi/4.9.3/../../../../arm-none-eabi/lib/armv7e-m/fpu/libc.a(lib_a-wsetup.o)
 .text.__swsetup_r
                0x0000000008005004       0xc4 /usr/bin/../lib/gcc/arm-none-eabi/4.9.3/../../../../arm-none-eabi/lib/armv7e-m/fpu/libc.a(lib_a-wsetup.o)
                0x0000000008005004                __swsetup_r
 .text          0x00000000080050c8        0x0 /usr/bin/../lib/gcc/arm-none-eabi/4.9.3/../../../../arm-none-eabi/lib/armv7e-m/fpu/libc.a(lib_a-__call_atexit.o)
 .text.startup.register_fini
                0x00000000080050c8       0x14 /usr/bin/../lib/gcc/arm-none-eabi/4.9.3/../../../../arm-none-eabi/lib/armv7e-m/fpu/libc.a(lib_a-__call_atexit.o)
 .text.__call_exitprocs
                0x00000000080050dc       0xd4 /usr/bin/../lib/gcc/arm-none-eabi/4.9.3/../../../../arm-none-eabi/lib/armv7e-m/fpu/libc.a(lib_a-__call_atexit.o)
                0x00000000080050dc                __call_exitprocs
 .text          0x00000000080051b0        0x0 /usr/bin/../lib/gcc/arm-none-eabi/4.9.3/../../../../arm-none-eabi/lib/armv7e-m/fpu/libc.a(lib_a-atexit.o)
 .text.atexit   0x00000000080051b0        0xc /usr/bin/../lib/gcc/arm-none-eabi/4.9.3/../../../../arm-none-eabi/lib/armv7e-m/fpu/libc.a(lib_a-atexit.o)
                0x00000000080051b0                atexit
 .text          0x00000000080051bc        0x0 /usr/bin/../lib/gcc/arm-none-eabi/4.9.3/../../../../arm-none-eabi/lib/armv7e-m/fpu/libc.a(lib_a-dtoa.o)
 .text.quorem   0x00000000080051bc      0x12c /usr/bin/../lib/gcc/arm-none-eabi/4.9.3/../../../../arm-none-eabi/lib/armv7e-m/fpu/libc.a(lib_a-dtoa.o)
 .text._dtoa_r  0x00000000080052e8      0xea4 /usr/bin/../lib/gcc/arm-none-eabi/4.9.3/../../../../arm-none-eabi/lib/armv7e-m/fpu/libc.a(lib_a-dtoa.o)
                0x00000000080052e8                _dtoa_r
 .text          0x000000000800618c        0x0 /usr/bin/../lib/gcc/arm-none-eabi/4.9.3/../../../../arm-none-eabi/lib/armv7e-m/fpu/libc.a(lib_a-fflush.o)
 .text.__sflush_r
                0x000000000800618c      0x154 /usr/bin/../lib/gcc/arm-none-eabi/4.9.3/../../../../arm-none-eabi/lib/armv7e-m/fpu/libc.a(lib_a-fflush.o)
                0x000000000800618c                __sflush_r
 .text._fflush_r
                0x00000000080062e0       0x2c /usr/bin/../lib/gcc/arm-none-eabi/4.9.3/../../../../arm-none-eabi/lib/armv7e-m/fpu/libc.a(lib_a-fflush.o)
                0x00000000080062e0                _fflush_r
 .text.fflush   0x000000000800630c       0x24 /usr/bin/../lib/gcc/arm-none-eabi/4.9.3/../../../../arm-none-eabi/lib/armv7e-m/fpu/libc.a(lib_a-fflush.o)
                0x000000000800630c                fflush
 .text          0x0000000008006330        0x0 /usr/bin/../lib/gcc/arm-none-eabi/4.9.3/../../../../arm-none-eabi/lib/armv7e-m/fpu/libc.a(lib_a-findfp.o)
 .text.__fp_lock
                0x0000000008006330        0x4 /usr/bin/../lib/gcc/arm-none-eabi/4.9.3/../../../../arm-none-eabi/lib/armv7e-m/fpu/libc.a(lib_a-findfp.o)
 .text.__fp_unlock
                0x0000000008006334        0x4 /usr/bin/../lib/gcc/arm-none-eabi/4.9.3/../../../../arm-none-eabi/lib/armv7e-m/fpu/libc.a(lib_a-findfp.o)
 .text._cleanup_r
                0x0000000008006338        0xc /usr/bin/../lib/gcc/arm-none-eabi/4.9.3/../../../../arm-none-eabi/lib/armv7e-m/fpu/libc.a(lib_a-findfp.o)
                0x0000000008006338                _cleanup_r
 .text.__sinit.part.1
                0x0000000008006344       0xf0 /usr/bin/../lib/gcc/arm-none-eabi/4.9.3/../../../../arm-none-eabi/lib/armv7e-m/fpu/libc.a(lib_a-findfp.o)
 .text.__sfmoreglue
                0x0000000008006434       0x30 /usr/bin/../lib/gcc/arm-none-eabi/4.9.3/../../../../arm-none-eabi/lib/armv7e-m/fpu/libc.a(lib_a-findfp.o)
                0x0000000008006434                __sfmoreglue
 .text.__sfp    0x0000000008006464       0x88 /usr/bin/../lib/gcc/arm-none-eabi/4.9.3/../../../../arm-none-eabi/lib/armv7e-m/fpu/libc.a(lib_a-findfp.o)
                0x0000000008006464                __sfp
 .text._cleanup
                0x00000000080064ec       0x14 /usr/bin/../lib/gcc/arm-none-eabi/4.9.3/../../../../arm-none-eabi/lib/armv7e-m/fpu/libc.a(lib_a-findfp.o)
                0x00000000080064ec                _cleanup
 .text.__sinit  0x0000000008006500        0xc /usr/bin/../lib/gcc/arm-none-eabi/4.9.3/../../../../arm-none-eabi/lib/armv7e-m/fpu/libc.a(lib_a-findfp.o)
                0x0000000008006500                __sinit
 .text.__sfp_lock_acquire
                0x000000000800650c        0x4 /usr/bin/../lib/gcc/arm-none-eabi/4.9.3/../../../../arm-none-eabi/lib/armv7e-m/fpu/libc.a(lib_a-findfp.o)
                0x000000000800650c                __sfp_lock_acquire
 .text.__sfp_lock_release
                0x0000000008006510        0x4 /usr/bin/../lib/gcc/arm-none-eabi/4.9.3/../../../../arm-none-eabi/lib/armv7e-m/fpu/libc.a(lib_a-findfp.o)
                0x0000000008006510                __sfp_lock_release
 .text.__sinit_lock_acquire
                0x0000000008006514        0x4 /usr/bin/../lib/gcc/arm-none-eabi/4.9.3/../../../../arm-none-eabi/lib/armv7e-m/fpu/libc.a(lib_a-findfp.o)
                0x0000000008006514                __sinit_lock_acquire
 .text.__sinit_lock_release
                0x0000000008006518        0x4 /usr/bin/../lib/gcc/arm-none-eabi/4.9.3/../../../../arm-none-eabi/lib/armv7e-m/fpu/libc.a(lib_a-findfp.o)
                0x0000000008006518                __sinit_lock_release
 .text.__fp_lock_all
                0x000000000800651c       0x14 /usr/bin/../lib/gcc/arm-none-eabi/4.9.3/../../../../arm-none-eabi/lib/armv7e-m/fpu/libc.a(lib_a-findfp.o)
                0x000000000800651c                __fp_lock_all
 .text.__fp_unlock_all
                0x0000000008006530       0x14 /usr/bin/../lib/gcc/arm-none-eabi/4.9.3/../../../../arm-none-eabi/lib/armv7e-m/fpu/libc.a(lib_a-findfp.o)
                0x0000000008006530                __fp_unlock_all
 .text          0x0000000008006544        0x0 /usr/bin/../lib/gcc/arm-none-eabi/4.9.3/../../../../arm-none-eabi/lib/armv7e-m/fpu/libc.a(lib_a-fini.o)
 .text.__libc_fini_array
                0x0000000008006544       0x2c /usr/bin/../lib/gcc/arm-none-eabi/4.9.3/../../../../arm-none-eabi/lib/armv7e-m/fpu/libc.a(lib_a-fini.o)
                0x0000000008006544                __libc_fini_array
 .text          0x0000000008006570        0x0 /usr/bin/../lib/gcc/arm-none-eabi/4.9.3/../../../../arm-none-eabi/lib/armv7e-m/fpu/libc.a(lib_a-freer.o)
 .text._malloc_trim_r
                0x0000000008006570       0x9c /usr/bin/../lib/gcc/arm-none-eabi/4.9.3/../../../../arm-none-eabi/lib/armv7e-m/fpu/libc.a(lib_a-freer.o)
                0x0000000008006570                _malloc_trim_r
 .text._free_r  0x000000000800660c      0x1b0 /usr/bin/../lib/gcc/arm-none-eabi/4.9.3/../../../../arm-none-eabi/lib/armv7e-m/fpu/libc.a(lib_a-freer.o)
                0x000000000800660c                _free_r
 .text          0x00000000080067bc        0x0 /usr/bin/../lib/gcc/arm-none-eabi/4.9.3/../../../../arm-none-eabi/lib/armv7e-m/fpu/libc.a(lib_a-fvwrite.o)
 .text.__sfvwrite_r
                0x00000000080067bc      0x318 /usr/bin/../lib/gcc/arm-none-eabi/4.9.3/../../../../arm-none-eabi/lib/armv7e-m/fpu/libc.a(lib_a-fvwrite.o)
                0x00000000080067bc                __sfvwrite_r
 .text          0x0000000008006ad4        0x0 /usr/bin/../lib/gcc/arm-none-eabi/4.9.3/../../../../arm-none-eabi/lib/armv7e-m/fpu/libc.a(lib_a-fwalk.o)
 .text._fwalk   0x0000000008006ad4       0x4c /usr/bin/../lib/gcc/arm-none-eabi/4.9.3/../../../../arm-none-eabi/lib/armv7e-m/fpu/libc.a(lib_a-fwalk.o)
                0x0000000008006ad4                _fwalk
 .text._fwalk_reent
                0x0000000008006b20       0x54 /usr/bin/../lib/gcc/arm-none-eabi/4.9.3/../../../../arm-none-eabi/lib/armv7e-m/fpu/libc.a(lib_a-fwalk.o)
                0x0000000008006b20                _fwalk_reent
 .text          0x0000000008006b74        0x0 /usr/bin/../lib/gcc/arm-none-eabi/4.9.3/../../../../arm-none-eabi/lib/armv7e-m/fpu/libc.a(lib_a-locale.o)
 .text._setlocale_r
                0x0000000008006b74       0x44 /usr/bin/../lib/gcc/arm-none-eabi/4.9.3/../../../../arm-none-eabi/lib/armv7e-m/fpu/libc.a(lib_a-locale.o)
                0x0000000008006b74                _setlocale_r
 .text.__locale_charset
                0x0000000008006bb8        0x8 /usr/bin/../lib/gcc/arm-none-eabi/4.9.3/../../../../arm-none-eabi/lib/armv7e-m/fpu/libc.a(lib_a-locale.o)
                0x0000000008006bb8                __locale_charset
 .text.__locale_mb_cur_max
                0x0000000008006bc0        0xc /usr/bin/../lib/gcc/arm-none-eabi/4.9.3/../../../../arm-none-eabi/lib/armv7e-m/fpu/libc.a(lib_a-locale.o)
                0x0000000008006bc0                __locale_mb_cur_max
 .text.__locale_msgcharset
                0x0000000008006bcc        0x8 /usr/bin/../lib/gcc/arm-none-eabi/4.9.3/../../../../arm-none-eabi/lib/armv7e-m/fpu/libc.a(lib_a-locale.o)
                0x0000000008006bcc                __locale_msgcharset
 .text.__locale_cjk_lang
                0x0000000008006bd4        0x4 /usr/bin/../lib/gcc/arm-none-eabi/4.9.3/../../../../arm-none-eabi/lib/armv7e-m/fpu/libc.a(lib_a-locale.o)
                0x0000000008006bd4                __locale_cjk_lang
 .text._localeconv_r
                0x0000000008006bd8        0x8 /usr/bin/../lib/gcc/arm-none-eabi/4.9.3/../../../../arm-none-eabi/lib/armv7e-m/fpu/libc.a(lib_a-locale.o)
                0x0000000008006bd8                _localeconv_r
 .text.setlocale
                0x0000000008006be0       0x10 /usr/bin/../lib/gcc/arm-none-eabi/4.9.3/../../../../arm-none-eabi/lib/armv7e-m/fpu/libc.a(lib_a-locale.o)
                0x0000000008006be0                setlocale
 .text.localeconv
                0x0000000008006bf0        0x8 /usr/bin/../lib/gcc/arm-none-eabi/4.9.3/../../../../arm-none-eabi/lib/armv7e-m/fpu/libc.a(lib_a-locale.o)
                0x0000000008006bf0                localeconv
 .text          0x0000000008006bf8        0x0 /usr/bin/../lib/gcc/arm-none-eabi/4.9.3/../../../../arm-none-eabi/lib/armv7e-m/fpu/libc.a(lib_a-makebuf.o)
 .text.__smakebuf_r
                0x0000000008006bf8       0xe0 /usr/bin/../lib/gcc/arm-none-eabi/4.9.3/../../../../arm-none-eabi/lib/armv7e-m/fpu/libc.a(lib_a-makebuf.o)
                0x0000000008006bf8                __smakebuf_r
 .text          0x0000000008006cd8        0x0 /usr/bin/../lib/gcc/arm-none-eabi/4.9.3/../../../../arm-none-eabi/lib/armv7e-m/fpu/libc.a(lib_a-mallocr.o)
 .text._malloc_r
                0x0000000008006cd8      0x524 /usr/bin/../lib/gcc/arm-none-eabi/4.9.3/../../../../arm-none-eabi/lib/armv7e-m/fpu/libc.a(lib_a-mallocr.o)
                0x0000000008006cd8                _malloc_r
 .text          0x00000000080071fc        0x0 /usr/bin/../lib/gcc/arm-none-eabi/4.9.3/../../../../arm-none-eabi/lib/armv7e-m/fpu/libc.a(lib_a-memchr.o)
 .text.memchr   0x00000000080071fc       0x94 /usr/bin/../lib/gcc/arm-none-eabi/4.9.3/../../../../arm-none-eabi/lib/armv7e-m/fpu/libc.a(lib_a-memchr.o)
                0x00000000080071fc                memchr
 .text          0x0000000008007290        0x0 /usr/bin/../lib/gcc/arm-none-eabi/4.9.3/../../../../arm-none-eabi/lib/armv7e-m/fpu/libc.a(lib_a-memmove.o)
 .text.memmove  0x0000000008007290       0xc8 /usr/bin/../lib/gcc/arm-none-eabi/4.9.3/../../../../arm-none-eabi/lib/armv7e-m/fpu/libc.a(lib_a-memmove.o)
                0x0000000008007290                memmove
 .text          0x0000000008007358        0x0 /usr/bin/../lib/gcc/arm-none-eabi/4.9.3/../../../../arm-none-eabi/lib/armv7e-m/fpu/libc.a(lib_a-mlock.o)
 .text.__malloc_lock
                0x0000000008007358        0x4 /usr/bin/../lib/gcc/arm-none-eabi/4.9.3/../../../../arm-none-eabi/lib/armv7e-m/fpu/libc.a(lib_a-mlock.o)
                0x0000000008007358                __malloc_lock
 .text.__malloc_unlock
                0x000000000800735c        0x4 /usr/bin/../lib/gcc/arm-none-eabi/4.9.3/../../../../arm-none-eabi/lib/armv7e-m/fpu/libc.a(lib_a-mlock.o)
                0x000000000800735c                __malloc_unlock
 .text          0x0000000008007360        0x0 /usr/bin/../lib/gcc/arm-none-eabi/4.9.3/../../../../arm-none-eabi/lib/armv7e-m/fpu/libc.a(lib_a-mprec.o)
 .text._Balloc  0x0000000008007360       0x4c /usr/bin/../lib/gcc/arm-none-eabi/4.9.3/../../../../arm-none-eabi/lib/armv7e-m/fpu/libc.a(lib_a-mprec.o)
                0x0000000008007360                _Balloc
 .text._Bfree   0x00000000080073ac       0x14 /usr/bin/../lib/gcc/arm-none-eabi/4.9.3/../../../../arm-none-eabi/lib/armv7e-m/fpu/libc.a(lib_a-mprec.o)
                0x00000000080073ac                _Bfree
 .text.__multadd
                0x00000000080073c0       0x84 /usr/bin/../lib/gcc/arm-none-eabi/4.9.3/../../../../arm-none-eabi/lib/armv7e-m/fpu/libc.a(lib_a-mprec.o)
                0x00000000080073c0                __multadd
 .text.__s2b    0x0000000008007444       0x98 /usr/bin/../lib/gcc/arm-none-eabi/4.9.3/../../../../arm-none-eabi/lib/armv7e-m/fpu/libc.a(lib_a-mprec.o)
                0x0000000008007444                __s2b
 .text.__hi0bits
                0x00000000080074dc       0x40 /usr/bin/../lib/gcc/arm-none-eabi/4.9.3/../../../../arm-none-eabi/lib/armv7e-m/fpu/libc.a(lib_a-mprec.o)
                0x00000000080074dc                __hi0bits
 .text.__lo0bits
                0x000000000800751c       0x5c /usr/bin/../lib/gcc/arm-none-eabi/4.9.3/../../../../arm-none-eabi/lib/armv7e-m/fpu/libc.a(lib_a-mprec.o)
                0x000000000800751c                __lo0bits
 .text.__i2b    0x0000000008007578       0x14 /usr/bin/../lib/gcc/arm-none-eabi/4.9.3/../../../../arm-none-eabi/lib/armv7e-m/fpu/libc.a(lib_a-mprec.o)
                0x0000000008007578                __i2b
 .text.__multiply
                0x000000000800758c      0x134 /usr/bin/../lib/gcc/arm-none-eabi/4.9.3/../../../../arm-none-eabi/lib/armv7e-m/fpu/libc.a(lib_a-mprec.o)
                0x000000000800758c                __multiply
 .text.__pow5mult
                0x00000000080076c0       0xa0 /usr/bin/../lib/gcc/arm-none-eabi/4.9.3/../../../../arm-none-eabi/lib/armv7e-m/fpu/libc.a(lib_a-mprec.o)
                0x00000000080076c0                __pow5mult
 .text.__lshift
                0x0000000008007760       0xac /usr/bin/../lib/gcc/arm-none-eabi/4.9.3/../../../../arm-none-eabi/lib/armv7e-m/fpu/libc.a(lib_a-mprec.o)
                0x0000000008007760                __lshift
 .text.__mcmp   0x000000000800780c       0x48 /usr/bin/../lib/gcc/arm-none-eabi/4.9.3/../../../../arm-none-eabi/lib/armv7e-m/fpu/libc.a(lib_a-mprec.o)
                0x000000000800780c                __mcmp
 .text.__mdiff  0x0000000008007854       0xd4 /usr/bin/../lib/gcc/arm-none-eabi/4.9.3/../../../../arm-none-eabi/lib/armv7e-m/fpu/libc.a(lib_a-mprec.o)
                0x0000000008007854                __mdiff
 .text.__ulp    0x0000000008007928       0x50 /usr/bin/../lib/gcc/arm-none-eabi/4.9.3/../../../../arm-none-eabi/lib/armv7e-m/fpu/libc.a(lib_a-mprec.o)
                0x0000000008007928                __ulp
 .text.__b2d    0x0000000008007978       0xc4 /usr/bin/../lib/gcc/arm-none-eabi/4.9.3/../../../../arm-none-eabi/lib/armv7e-m/fpu/libc.a(lib_a-mprec.o)
                0x0000000008007978                __b2d
 .text.__d2b    0x0000000008007a3c       0xbc /usr/bin/../lib/gcc/arm-none-eabi/4.9.3/../../../../arm-none-eabi/lib/armv7e-m/fpu/libc.a(lib_a-mprec.o)
                0x0000000008007a3c                __d2b
 .text.__ratio  0x0000000008007af8       0x60 /usr/bin/../lib/gcc/arm-none-eabi/4.9.3/../../../../arm-none-eabi/lib/armv7e-m/fpu/libc.a(lib_a-mprec.o)
                0x0000000008007af8                __ratio
 .text._mprec_log10
                0x0000000008007b58       0x38 /usr/bin/../lib/gcc/arm-none-eabi/4.9.3/../../../../arm-none-eabi/lib/armv7e-m/fpu/libc.a(lib_a-mprec.o)
                0x0000000008007b58                _mprec_log10
 .text.__copybits
                0x0000000008007b90       0x48 /usr/bin/../lib/gcc/arm-none-eabi/4.9.3/../../../../arm-none-eabi/lib/armv7e-m/fpu/libc.a(lib_a-mprec.o)
                0x0000000008007b90                __copybits
 .text.__any_on
                0x0000000008007bd8       0x60 /usr/bin/../lib/gcc/arm-none-eabi/4.9.3/../../../../arm-none-eabi/lib/armv7e-m/fpu/libc.a(lib_a-mprec.o)
                0x0000000008007bd8                __any_on
 .text          0x0000000008007c38        0x0 /usr/bin/../lib/gcc/arm-none-eabi/4.9.3/../../../../arm-none-eabi/lib/armv7e-m/fpu/libc.a(lib_a-putc.o)
 .text._putc_r  0x0000000008007c38       0x58 /usr/bin/../lib/gcc/arm-none-eabi/4.9.3/../../../../arm-none-eabi/lib/armv7e-m/fpu/libc.a(lib_a-putc.o)
                0x0000000008007c38                _putc_r
 .text.putc     0x0000000008007c90       0x60 /usr/bin/../lib/gcc/arm-none-eabi/4.9.3/../../../../arm-none-eabi/lib/armv7e-m/fpu/libc.a(lib_a-putc.o)
                0x0000000008007c90                putc
 .text          0x0000000008007cf0        0x0 /usr/bin/../lib/gcc/arm-none-eabi/4.9.3/../../../../arm-none-eabi/lib/armv7e-m/fpu/libc.a(lib_a-reallocr.o)
 .text._realloc_r
                0x0000000008007cf0      0x3ec /usr/bin/../lib/gcc/arm-none-eabi/4.9.3/../../../../arm-none-eabi/lib/armv7e-m/fpu/libc.a(lib_a-reallocr.o)
                0x0000000008007cf0                _realloc_r
 .text          0x00000000080080dc        0x0 /usr/bin/../lib/gcc/arm-none-eabi/4.9.3/../../../../arm-none-eabi/lib/armv7e-m/fpu/libc.a(lib_a-s_fpclassify.o)
 .text.__fpclassifyd
                0x00000000080080dc       0x5c /usr/bin/../lib/gcc/arm-none-eabi/4.9.3/../../../../arm-none-eabi/lib/armv7e-m/fpu/libc.a(lib_a-s_fpclassify.o)
                0x00000000080080dc                __fpclassifyd
 .text          0x0000000008008138        0x0 /usr/bin/../lib/gcc/arm-none-eabi/4.9.3/../../../../arm-none-eabi/lib/armv7e-m/fpu/libc.a(lib_a-sbrkr.o)
 .text._sbrk_r  0x0000000008008138       0x24 /usr/bin/../lib/gcc/arm-none-eabi/4.9.3/../../../../arm-none-eabi/lib/armv7e-m/fpu/libc.a(lib_a-sbrkr.o)
                0x0000000008008138                _sbrk_r
 .text          0x000000000800815c        0x0 /usr/bin/../lib/gcc/arm-none-eabi/4.9.3/../../../../arm-none-eabi/lib/armv7e-m/fpu/libc.a(lib_a-stdio.o)
 .text.__sread  0x000000000800815c       0x24 /usr/bin/../lib/gcc/arm-none-eabi/4.9.3/../../../../arm-none-eabi/lib/armv7e-m/fpu/libc.a(lib_a-stdio.o)
                0x000000000800815c                __sread
 .text.__seofread
                0x0000000008008180        0x4 /usr/bin/../lib/gcc/arm-none-eabi/4.9.3/../../../../arm-none-eabi/lib/armv7e-m/fpu/libc.a(lib_a-stdio.o)
                0x0000000008008180                __seofread
 .text.__swrite
                0x0000000008008184       0x38 /usr/bin/../lib/gcc/arm-none-eabi/4.9.3/../../../../arm-none-eabi/lib/armv7e-m/fpu/libc.a(lib_a-stdio.o)
                0x0000000008008184                __swrite
 .text.__sseek  0x00000000080081bc       0x20 /usr/bin/../lib/gcc/arm-none-eabi/4.9.3/../../../../arm-none-eabi/lib/armv7e-m/fpu/libc.a(lib_a-stdio.o)
                0x00000000080081bc                __sseek
 .text.__sclose
                0x00000000080081dc        0x8 /usr/bin/../lib/gcc/arm-none-eabi/4.9.3/../../../../arm-none-eabi/lib/armv7e-m/fpu/libc.a(lib_a-stdio.o)
                0x00000000080081dc                __sclose
 *fill*         0x00000000080081e4       0x1c 
 .text          0x0000000008008200      0x2dc /usr/bin/../lib/gcc/arm-none-eabi/4.9.3/../../../../arm-none-eabi/lib/armv7e-m/fpu/libc.a(lib_a-strcmp.o)
                0x0000000008008208                strcmp
 .text          0x00000000080084dc        0x0 /usr/bin/../lib/gcc/arm-none-eabi/4.9.3/../../../../arm-none-eabi/lib/armv7e-m/fpu/libc.a(lib_a-vfiprintf.o)
 .text.__sprint_r.part.0
                0x00000000080084dc       0x78 /usr/bin/../lib/gcc/arm-none-eabi/4.9.3/../../../../arm-none-eabi/lib/armv7e-m/fpu/libc.a(lib_a-vfiprintf.o)
 .text.__sprint_r
                0x0000000008008554       0x18 /usr/bin/../lib/gcc/arm-none-eabi/4.9.3/../../../../arm-none-eabi/lib/armv7e-m/fpu/libc.a(lib_a-vfiprintf.o)
                0x0000000008008554                __sprint_r
 .text._vfiprintf_r
                0x000000000800856c      0xc10 /usr/bin/../lib/gcc/arm-none-eabi/4.9.3/../../../../arm-none-eabi/lib/armv7e-m/fpu/libc.a(lib_a-vfiprintf.o)
                0x000000000800856c                _vfiprintf_r
 .text.vfiprintf
                0x000000000800917c       0x18 /usr/bin/../lib/gcc/arm-none-eabi/4.9.3/../../../../arm-none-eabi/lib/armv7e-m/fpu/libc.a(lib_a-vfiprintf.o)
                0x000000000800917c                vfiprintf
 .text.__sbprintf
                0x0000000008009194       0x78 /usr/bin/../lib/gcc/arm-none-eabi/4.9.3/../../../../arm-none-eabi/lib/armv7e-m/fpu/libc.a(lib_a-vfiprintf.o)
 .text          0x000000000800920c        0x0 /usr/bin/../lib/gcc/arm-none-eabi/4.9.3/../../../../arm-none-eabi/lib/armv7e-m/fpu/libc.a(lib_a-wbuf.o)
 .text.__swbuf_r
                0x000000000800920c       0xa8 /usr/bin/../lib/gcc/arm-none-eabi/4.9.3/../../../../arm-none-eabi/lib/armv7e-m/fpu/libc.a(lib_a-wbuf.o)
                0x000000000800920c                __swbuf_r
 .text.__swbuf  0x00000000080092b4       0x10 /usr/bin/../lib/gcc/arm-none-eabi/4.9.3/../../../../arm-none-eabi/lib/armv7e-m/fpu/libc.a(lib_a-wbuf.o)
                0x00000000080092b4                __swbuf
 .text          0x00000000080092c4        0x0 /usr/bin/../lib/gcc/arm-none-eabi/4.9.3/../../../../arm-none-eabi/lib/armv7e-m/fpu/libc.a(lib_a-writer.o)
 .text._write_r
                0x00000000080092c4       0x28 /usr/bin/../lib/gcc/arm-none-eabi/4.9.3/../../../../arm-none-eabi/lib/armv7e-m/fpu/libc.a(lib_a-writer.o)
                0x00000000080092c4                _write_r
 .text          0x00000000080092ec        0x0 /usr/bin/../lib/gcc/arm-none-eabi/4.9.3/../../../../arm-none-eabi/lib/armv7e-m/fpu/libc.a(lib_a-__atexit.o)
 .text.__register_exitproc
                0x00000000080092ec       0xa4 /usr/bin/../lib/gcc/arm-none-eabi/4.9.3/../../../../arm-none-eabi/lib/armv7e-m/fpu/libc.a(lib_a-__atexit.o)
                0x00000000080092ec                __register_exitproc
 .text          0x0000000008009390        0x0 /usr/bin/../lib/gcc/arm-none-eabi/4.9.3/../../../../arm-none-eabi/lib/armv7e-m/fpu/libc.a(lib_a-callocr.o)
 .text._calloc_r
                0x0000000008009390       0x60 /usr/bin/../lib/gcc/arm-none-eabi/4.9.3/../../../../arm-none-eabi/lib/armv7e-m/fpu/libc.a(lib_a-callocr.o)
                0x0000000008009390                _calloc_r
 .text          0x00000000080093f0        0x0 /usr/bin/../lib/gcc/arm-none-eabi/4.9.3/../../../../arm-none-eabi/lib/armv7e-m/fpu/libc.a(lib_a-closer.o)
 .text._close_r
                0x00000000080093f0       0x24 /usr/bin/../lib/gcc/arm-none-eabi/4.9.3/../../../../arm-none-eabi/lib/armv7e-m/fpu/libc.a(lib_a-closer.o)
                0x00000000080093f0                _close_r
 .text          0x0000000008009414        0x0 /usr/bin/../lib/gcc/arm-none-eabi/4.9.3/../../../../arm-none-eabi/lib/armv7e-m/fpu/libc.a(lib_a-fclose.o)
 .text._fclose_r
                0x0000000008009414       0x84 /usr/bin/../lib/gcc/arm-none-eabi/4.9.3/../../../../arm-none-eabi/lib/armv7e-m/fpu/libc.a(lib_a-fclose.o)
                0x0000000008009414                _fclose_r
 .text.fclose   0x0000000008009498       0x10 /usr/bin/../lib/gcc/arm-none-eabi/4.9.3/../../../../arm-none-eabi/lib/armv7e-m/fpu/libc.a(lib_a-fclose.o)
                0x0000000008009498                fclose
 .text          0x00000000080094a8        0x0 /usr/bin/../lib/gcc/arm-none-eabi/4.9.3/../../../../arm-none-eabi/lib/armv7e-m/fpu/libc.a(lib_a-fputwc.o)
 .text.__fputwc
                0x00000000080094a8       0xb0 /usr/bin/../lib/gcc/arm-none-eabi/4.9.3/../../../../arm-none-eabi/lib/armv7e-m/fpu/libc.a(lib_a-fputwc.o)
                0x00000000080094a8                __fputwc
 .text._fputwc_r
                0x0000000008009558       0x24 /usr/bin/../lib/gcc/arm-none-eabi/4.9.3/../../../../arm-none-eabi/lib/armv7e-m/fpu/libc.a(lib_a-fputwc.o)
                0x0000000008009558                _fputwc_r
 .text.fputwc   0x000000000800957c       0x28 /usr/bin/../lib/gcc/arm-none-eabi/4.9.3/../../../../arm-none-eabi/lib/armv7e-m/fpu/libc.a(lib_a-fputwc.o)
                0x000000000800957c                fputwc
 .text          0x00000000080095a4        0x0 /usr/bin/../lib/gcc/arm-none-eabi/4.9.3/../../../../arm-none-eabi/lib/armv7e-m/fpu/libc.a(lib_a-fstatr.o)
 .text._fstat_r
                0x00000000080095a4       0x28 /usr/bin/../lib/gcc/arm-none-eabi/4.9.3/../../../../arm-none-eabi/lib/armv7e-m/fpu/libc.a(lib_a-fstatr.o)
                0x00000000080095a4                _fstat_r
 .text          0x00000000080095cc        0x0 /usr/bin/../lib/gcc/arm-none-eabi/4.9.3/../../../../arm-none-eabi/lib/armv7e-m/fpu/libc.a(lib_a-isattyr.o)
 .text._isatty_r
                0x00000000080095cc       0x24 /usr/bin/../lib/gcc/arm-none-eabi/4.9.3/../../../../arm-none-eabi/lib/armv7e-m/fpu/libc.a(lib_a-isattyr.o)
                0x00000000080095cc                _isatty_r
 .text          0x00000000080095f0        0x0 /usr/bin/../lib/gcc/arm-none-eabi/4.9.3/../../../../arm-none-eabi/lib/armv7e-m/fpu/libc.a(lib_a-lseekr.o)
 .text._lseek_r
                0x00000000080095f0       0x28 /usr/bin/../lib/gcc/arm-none-eabi/4.9.3/../../../../arm-none-eabi/lib/armv7e-m/fpu/libc.a(lib_a-lseekr.o)
                0x00000000080095f0                _lseek_r
 .text          0x0000000008009618        0x0 /usr/bin/../lib/gcc/arm-none-eabi/4.9.3/../../../../arm-none-eabi/lib/armv7e-m/fpu/libc.a(lib_a-readr.o)
 .text._read_r  0x0000000008009618       0x28 /usr/bin/../lib/gcc/arm-none-eabi/4.9.3/../../../../arm-none-eabi/lib/armv7e-m/fpu/libc.a(lib_a-readr.o)
                0x0000000008009618                _read_r
 .text          0x0000000008009640        0x0 /usr/bin/../lib/gcc/arm-none-eabi/4.9.3/../../../../arm-none-eabi/lib/armv7e-m/fpu/libc.a(lib_a-reent.o)
 .text.cleanup_glue
                0x0000000008009640       0x1c /usr/bin/../lib/gcc/arm-none-eabi/4.9.3/../../../../arm-none-eabi/lib/armv7e-m/fpu/libc.a(lib_a-reent.o)
                0x0000000008009640                cleanup_glue
 .text._reclaim_reent
                0x000000000800965c       0x88 /usr/bin/../lib/gcc/arm-none-eabi/4.9.3/../../../../arm-none-eabi/lib/armv7e-m/fpu/libc.a(lib_a-reent.o)
                0x000000000800965c                _reclaim_reent
 .text          0x00000000080096e4        0x0 /usr/bin/../lib/gcc/arm-none-eabi/4.9.3/../../../../arm-none-eabi/lib/armv7e-m/fpu/libc.a(lib_a-wcrtomb.o)
 .text._wcrtomb_r
                0x00000000080096e4       0x54 /usr/bin/../lib/gcc/arm-none-eabi/4.9.3/../../../../arm-none-eabi/lib/armv7e-m/fpu/libc.a(lib_a-wcrtomb.o)
                0x00000000080096e4                _wcrtomb_r
 .text.wcrtomb  0x0000000008009738       0x58 /usr/bin/../lib/gcc/arm-none-eabi/4.9.3/../../../../arm-none-eabi/lib/armv7e-m/fpu/libc.a(lib_a-wcrtomb.o)
                0x0000000008009738                wcrtomb
 .text          0x0000000008009790        0x0 /usr/bin/../lib/gcc/arm-none-eabi/4.9.3/../../../../arm-none-eabi/lib/armv7e-m/fpu/libc.a(lib_a-wctomb_r.o)
 .text.__ascii_wctomb
                0x0000000008009790       0x1c /usr/bin/../lib/gcc/arm-none-eabi/4.9.3/../../../../arm-none-eabi/lib/armv7e-m/fpu/libc.a(lib_a-wctomb_r.o)
                0x0000000008009790                __ascii_wctomb
 .text._wctomb_r
                0x00000000080097ac       0x30 /usr/bin/../lib/gcc/arm-none-eabi/4.9.3/../../../../arm-none-eabi/lib/armv7e-m/fpu/libc.a(lib_a-wctomb_r.o)
                0x00000000080097ac                _wctomb_r
 .text          0x00000000080097dc      0x370 /usr/bin/../lib/gcc/arm-none-eabi/4.9.3/armv7e-m/fpu/libgcc.a(_arm_addsubdf3.o)
                0x00000000080097dc                __aeabi_drsub
                0x00000000080097e4                __aeabi_dsub
                0x00000000080097e4                __subdf3
                0x00000000080097e8                __adddf3
                0x00000000080097e8                __aeabi_dadd
                0x0000000008009a60                __aeabi_ui2d
                0x0000000008009a60                __floatunsidf
                0x0000000008009a80                __floatsidf
                0x0000000008009a80                __aeabi_i2d
                0x0000000008009aa4                __extendsfdf2
                0x0000000008009aa4                __aeabi_f2d
                0x0000000008009ae0                __aeabi_ul2d
                0x0000000008009ae0                __floatundidf
                0x0000000008009af0                __floatdidf
                0x0000000008009af0                __aeabi_l2d
 .text          0x0000000008009b4c      0x424 /usr/bin/../lib/gcc/arm-none-eabi/4.9.3/armv7e-m/fpu/libgcc.a(_arm_muldivdf3.o)
                0x0000000008009b4c                __aeabi_dmul
                0x0000000008009b4c                __muldf3
                0x0000000008009da0                __aeabi_ddiv
                0x0000000008009da0                __divdf3
 .text          0x0000000008009f70      0x110 /usr/bin/../lib/gcc/arm-none-eabi/4.9.3/armv7e-m/fpu/libgcc.a(_arm_cmpdf2.o)
                0x0000000008009f70                __gtdf2
                0x0000000008009f70                __gedf2
                0x0000000008009f78                __ltdf2
                0x0000000008009f78                __ledf2
                0x0000000008009f80                __cmpdf2
                0x0000000008009f80                __eqdf2
                0x0000000008009f80                __nedf2
                0x0000000008009ffc                __aeabi_cdrcmple
                0x000000000800a00c                __aeabi_cdcmple
                0x000000000800a00c                __aeabi_cdcmpeq
                0x000000000800a01c                __aeabi_dcmpeq
                0x000000000800a030                __aeabi_dcmplt
                0x000000000800a044                __aeabi_dcmple
                0x000000000800a058                __aeabi_dcmpge
                0x000000000800a06c                __aeabi_dcmpgt
 .text          0x000000000800a080       0x50 /usr/bin/../lib/gcc/arm-none-eabi/4.9.3/armv7e-m/fpu/libgcc.a(_arm_fixdfsi.o)
                0x000000000800a080                __fixdfsi
                0x000000000800a080                __aeabi_d2iz
 .text          0x000000000800a0d0       0x30 /usr/bin/../lib/gcc/arm-none-eabi/4.9.3/armv7e-m/fpu/libgcc.a(_aeabi_uldivmod.o)
                0x000000000800a0d0                __aeabi_uldivmod
 .text          0x000000000800a100       0x60 /usr/bin/../lib/gcc/arm-none-eabi/4.9.3/armv7e-m/fpu/libgcc.a(bpabi.o)
                0x000000000800a100                __gnu_ldivmod_helper
                0x000000000800a130                __gnu_uldivmod_helper
 .text          0x000000000800a160        0x4 /usr/bin/../lib/gcc/arm-none-eabi/4.9.3/armv7e-m/fpu/libgcc.a(_dvmd_tls.o)
                0x000000000800a160                __aeabi_ldiv0
                0x000000000800a160                __aeabi_idiv0
 .text          0x000000000800a164      0x29c /usr/bin/../lib/gcc/arm-none-eabi/4.9.3/armv7e-m/fpu/libgcc.a(_divdi3.o)
                0x000000000800a164                __divdi3
 .text          0x000000000800a400      0x26c /usr/bin/../lib/gcc/arm-none-eabi/4.9.3/armv7e-m/fpu/libgcc.a(_udivdi3.o)
                0x000000000800a400                __udivdi3
 .text          0x000000000800a66c        0x0 /usr/bin/../lib/gcc/arm-none-eabi/4.9.3/armv7e-m/fpu/crtend.o
 .text          0x000000000800a66c        0x0 /usr/bin/../lib/gcc/arm-none-eabi/4.9.3/armv7e-m/fpu/crtn.o
 *(.glue_7)
 .glue_7        0x0000000000000000        0x0 linker stubs
 *(.glue_7t)
 .glue_7t       0x0000000000000000        0x0 linker stubs
 *(.rodata .rodata* .gnu.linkonce.r*)
 .rodata.str1.4
                0x000000000800a66c        0xc bin/main.o
 .rodata.str1.4
                0x000000000800a678      0x145 bin/imu.o
 *fill*         0x000000000800a7bd        0x3 
 .rodata.str1.4
                0x000000000800a7c0       0xe4 bin/config.o
 .rodata.str1.4
                0x000000000800a8a4       0x63 bin/i2cFunc.o
 *fill*         0x000000000800a907        0x1 
 .rodata.str1.4
                0x000000000800a908       0x17 bin/leds.o
 *fill*         0x000000000800a91f        0x1 
 .rodata.str1.4
                0x000000000800a920       0xef bin/enet.o
 *fill*         0x000000000800aa0f        0x1 
 .rodata.g_eth_src_mac
                0x000000000800aa10        0x6 bin/enet.o
 *fill*         0x000000000800aa16        0x2 
 .rodata.str1.4
                0x000000000800aa18      0x146 bin/dmxl.o
 *fill*         0x000000000800ab5e        0x2 
 .rodata        0x000000000800ab60        0xd bin/takktile.o
 *fill*         0x000000000800ab6d        0x3 
 .rodata.str1.4
                0x000000000800ab70      0x104 bin/takktile.o
 .rodata.stateMachines
                0x000000000800ac74       0x84 bin/async_poll.o
 .rodata.errSequence
                0x000000000800acf8       0x60 bin/error.o
 .rodata.str1.4
                0x000000000800ad58        0x2 /usr/bin/../lib/gcc/arm-none-eabi/4.9.3/../../../../arm-none-eabi/lib/armv7e-m/fpu/libc.a(lib_a-impure.o)
 *fill*         0x000000000800ad5a        0x2 
 .rodata._global_impure_ptr
                0x000000000800ad5c        0x4 /usr/bin/../lib/gcc/arm-none-eabi/4.9.3/../../../../arm-none-eabi/lib/armv7e-m/fpu/libc.a(lib_a-impure.o)
                0x000000000800ad5c                _global_impure_ptr
 .rodata.str1.4
                0x0000000000000000        0x2 /usr/bin/../lib/gcc/arm-none-eabi/4.9.3/../../../../arm-none-eabi/lib/armv7e-m/fpu/libc.a(lib_a-puts.o)
 .rodata.zeroes.6926
                0x000000000800ad60       0x10 /usr/bin/../lib/gcc/arm-none-eabi/4.9.3/../../../../arm-none-eabi/lib/armv7e-m/fpu/libc.a(lib_a-vfprintf.o)
 .rodata.str1.4
                0x000000000800ad70       0x42 /usr/bin/../lib/gcc/arm-none-eabi/4.9.3/../../../../arm-none-eabi/lib/armv7e-m/fpu/libc.a(lib_a-vfprintf.o)
 *fill*         0x000000000800adb2        0x2 
 .rodata.blanks.6925
                0x000000000800adb4       0x10 /usr/bin/../lib/gcc/arm-none-eabi/4.9.3/../../../../arm-none-eabi/lib/armv7e-m/fpu/libc.a(lib_a-vfprintf.o)
 .rodata.str1.4
                0x000000000800adc4       0x10 /usr/bin/../lib/gcc/arm-none-eabi/4.9.3/../../../../arm-none-eabi/lib/armv7e-m/fpu/libc.a(lib_a-dtoa.o)
                                         0x12 (size before relaxing)
 .rodata.str1.4
                0x000000000800add4        0x8 /usr/bin/../lib/gcc/arm-none-eabi/4.9.3/../../../../arm-none-eabi/lib/armv7e-m/fpu/libc.a(lib_a-locale.o)
                                         0x12 (size before relaxing)
 *fill*         0x000000000800addc        0x4 
 .rodata.__mprec_tens
                0x000000000800ade0       0xc8 /usr/bin/../lib/gcc/arm-none-eabi/4.9.3/../../../../arm-none-eabi/lib/armv7e-m/fpu/libc.a(lib_a-mprec.o)
                0x000000000800ade0                __mprec_tens
 .rodata.p05.5302
                0x000000000800aea8        0xc /usr/bin/../lib/gcc/arm-none-eabi/4.9.3/../../../../arm-none-eabi/lib/armv7e-m/fpu/libc.a(lib_a-mprec.o)
 *fill*         0x000000000800aeb4        0x4 
 .rodata.__mprec_bigtens
                0x000000000800aeb8       0x28 /usr/bin/../lib/gcc/arm-none-eabi/4.9.3/../../../../arm-none-eabi/lib/armv7e-m/fpu/libc.a(lib_a-mprec.o)
                0x000000000800aeb8                __mprec_bigtens
 .rodata.__mprec_tinytens
                0x000000000800aee0       0x28 /usr/bin/../lib/gcc/arm-none-eabi/4.9.3/../../../../arm-none-eabi/lib/armv7e-m/fpu/libc.a(lib_a-mprec.o)
                0x000000000800aee0                __mprec_tinytens
 .rodata.zeroes.6869
                0x000000000800af08       0x10 /usr/bin/../lib/gcc/arm-none-eabi/4.9.3/../../../../arm-none-eabi/lib/armv7e-m/fpu/libc.a(lib_a-vfiprintf.o)
 .rodata.str1.4
                0x0000000000000000       0x2f /usr/bin/../lib/gcc/arm-none-eabi/4.9.3/../../../../arm-none-eabi/lib/armv7e-m/fpu/libc.a(lib_a-vfiprintf.o)
 .rodata.blanks.6868
                0x000000000800af18       0x10 /usr/bin/../lib/gcc/arm-none-eabi/4.9.3/../../../../arm-none-eabi/lib/armv7e-m/fpu/libc.a(lib_a-vfiprintf.o)
                0x000000000800af28                . = ALIGN (0x4)
 *(.init)
 .init          0x000000000800af28        0x4 /usr/bin/../lib/gcc/arm-none-eabi/4.9.3/armv7e-m/fpu/crti.o
                0x000000000800af28                _init
 .init          0x000000000800af2c        0x8 /usr/bin/../lib/gcc/arm-none-eabi/4.9.3/armv7e-m/fpu/crtn.o
                0x000000000800af34                . = ALIGN (0x4)
                0x000000000800af34                __preinit_array_start = .
 *(.preinit_array)
                0x000000000800af34                __preinit_array_end = .
                0x000000000800af34                . = ALIGN (0x4)
                0x000000000800af34                __init_array_start = .
 *(SORT(.init_array.*))
 .init_array.00000
                0x000000000800af34        0x4 /usr/bin/../lib/gcc/arm-none-eabi/4.9.3/../../../../arm-none-eabi/lib/armv7e-m/fpu/libc.a(lib_a-__call_atexit.o)
 *(.init_array)
 .init_array    0x000000000800af38        0x4 /usr/bin/../lib/gcc/arm-none-eabi/4.9.3/armv7e-m/fpu/crtbegin.o
                0x000000000800af3c                __init_array_end = .
                0x000000000800af3c                . = ALIGN (0x4)
 *(.fini)
 .fini          0x000000000800af3c        0x4 /usr/bin/../lib/gcc/arm-none-eabi/4.9.3/armv7e-m/fpu/crti.o
                0x000000000800af3c                _fini
 .fini          0x000000000800af40        0x8 /usr/bin/../lib/gcc/arm-none-eabi/4.9.3/armv7e-m/fpu/crtn.o
                0x000000000800af48                . = ALIGN (0x4)
                0x000000000800af48                __fini_array_start = .
 *(SORT(.fini_array.*))
 *(.fini_array)
 .fini_array    0x000000000800af48        0x4 /usr/bin/../lib/gcc/arm-none-eabi/4.9.3/armv7e-m/fpu/crtbegin.o
                0x000000000800af4c                __fini_array_end = .
                0x000000000800af4c                . = ALIGN (0x4)
 *crtbegin.o(.ctors)
 *(EXCLUDE_FILE(*crtend.o) .ctors)
 *(SORT(.ctors.*))
 *crtend.o(.ctors)
                0x000000000800af4c                . = ALIGN (0x4)
 *crtbegin.o(.dtors)
 *(EXCLUDE_FILE(*crtend.o) .dtors)
 *(SORT(.dtors.*))
 *crtend.o(.dtors)

.vfp11_veneer   0x000000000800af4c        0x0
 .vfp11_veneer  0x0000000000000000        0x0 linker stubs

.v4_bx          0x000000000800af4c        0x0
 .v4_bx         0x0000000000000000        0x0 linker stubs

.iplt           0x000000000800af4c        0x0
 .iplt          0x0000000000000000        0x0 /usr/bin/../lib/gcc/arm-none-eabi/4.9.3/armv7e-m/fpu/crtbegin.o
                0x000000000800af4c                . = ALIGN (0x4)

.ARM.extab      0x000000000800af4c        0x0
 *(.ARM.extab* .gnu.linkonce.armextab.*)
 .ARM.extab     0x000000000800af4c        0x0 /usr/bin/../lib/gcc/arm-none-eabi/4.9.3/../../../../arm-none-eabi/lib/armv7e-m/fpu/crt0.o
 .ARM.extab     0x000000000800af4c        0x0 /usr/bin/../lib/gcc/arm-none-eabi/4.9.3/armv7e-m/fpu/libgcc.a(_divdi3.o)
 .ARM.extab     0x000000000800af4c        0x0 /usr/bin/../lib/gcc/arm-none-eabi/4.9.3/armv7e-m/fpu/libgcc.a(_udivdi3.o)

.eh_frame       0x000000000800af4c       0x74
 .eh_frame      0x000000000800af4c        0x0 /usr/bin/../lib/gcc/arm-none-eabi/4.9.3/armv7e-m/fpu/crtbegin.o
 .eh_frame      0x000000000800af4c       0x70 /usr/bin/../lib/gcc/arm-none-eabi/4.9.3/../../../../arm-none-eabi/lib/armv7e-m/fpu/libc.a(lib_a-strcmp.o)
 .eh_frame      0x000000000800afbc        0x4 /usr/bin/../lib/gcc/arm-none-eabi/4.9.3/armv7e-m/fpu/crtend.o

.jcr            0x000000000800afc0        0x4
 .jcr           0x000000000800afc0        0x0 /usr/bin/../lib/gcc/arm-none-eabi/4.9.3/armv7e-m/fpu/crtbegin.o
 .jcr           0x000000000800afc0        0x4 /usr/bin/../lib/gcc/arm-none-eabi/4.9.3/armv7e-m/fpu/crtend.o

.igot.plt       0x000000000800afc4        0x0
 .igot.plt      0x0000000000000000        0x0 /usr/bin/../lib/gcc/arm-none-eabi/4.9.3/armv7e-m/fpu/crtbegin.o

.ARM.exidx      0x000000000800afc4        0x8
                0x000000000800afc4                __exidx_start = .
 *(.ARM.exidx* .gnu.linkonce.armexidx.*)
 .ARM.exidx     0x000000000800afc4        0x8 /usr/bin/../lib/gcc/arm-none-eabi/4.9.3/../../../../arm-none-eabi/lib/armv7e-m/fpu/crt0.o
 .ARM.exidx     0x000000000800afcc        0x0 /usr/bin/../lib/gcc/arm-none-eabi/4.9.3/armv7e-m/fpu/libgcc.a(_divdi3.o)
                                          0x8 (size before relaxing)
 .ARM.exidx     0x000000000800afcc        0x0 /usr/bin/../lib/gcc/arm-none-eabi/4.9.3/armv7e-m/fpu/libgcc.a(_udivdi3.o)
                                          0x8 (size before relaxing)
                0x000000000800afcc                __exidx_end = .
                0x000000000800afcc                _srelocate_flash = .

.rel.dyn        0x000000000800afcc        0x0
 .rel.iplt      0x0000000000000000        0x0 /usr/bin/../lib/gcc/arm-none-eabi/4.9.3/armv7e-m/fpu/crtbegin.o

.relocate       0x0000000020000000      0x964 load address 0x000000000800afcc
                0x0000000020000000                . = ALIGN (0x4)
                0x0000000020000000                _srelocate = .
 *(.ramfunc .ramfunc.*)
 *(.data .data.*)
 .data          0x0000000020000000        0x0 /usr/bin/../lib/gcc/arm-none-eabi/4.9.3/armv7e-m/fpu/crti.o
 .data          0x0000000020000000        0x4 /usr/bin/../lib/gcc/arm-none-eabi/4.9.3/armv7e-m/fpu/crtbegin.o
                0x0000000020000000                __dso_handle
 .data          0x0000000020000004        0x0 /usr/bin/../lib/gcc/arm-none-eabi/4.9.3/../../../../arm-none-eabi/lib/armv7e-m/fpu/crt0.o
 .data          0x0000000020000004        0x0 bin/main.o
 .data          0x0000000020000004        0x0 bin/imu.o
 .data.imu_poll_state
                0x0000000020000004        0xc bin/imu.o
                0x0000000020000004                imu_poll_state
 .data          0x0000000020000010        0x0 bin/ports.o
 .data          0x0000000020000010        0x0 bin/config.o
 .data          0x0000000020000010        0x0 bin/startup.o
 .data          0x0000000020000010        0x0 bin/i2cFunc.o
 .data          0x0000000020000010        0x0 bin/spiFunc.o
 .data          0x0000000020000010        0x0 bin/leds.o
 .data          0x0000000020000010        0x0 bin/console.o
 .data          0x0000000020000010        0x0 bin/stubs.o
 .data          0x0000000020000010        0x0 bin/enet.o
 .data.g_eth_dma_tx_next_desc
                0x0000000020000010        0x4 bin/enet.o
 .data.g_eth_dma_rx_next_desc
                0x0000000020000014        0x4 bin/enet.o
 .data          0x0000000020000018        0x0 bin/systime.o
 .data          0x0000000020000018        0x0 bin/dmxl.o
 .data.g_dmxl_ports
                0x0000000020000018       0x60 bin/dmxl.o
 .data.dmxl_poll_states
                0x0000000020000078       0x10 bin/dmxl.o
                0x0000000020000078                dmxl_poll_states
 .data          0x0000000020000088        0x0 bin/fan.o
 .data          0x0000000020000088        0x0 bin/takktile.o
 .data.takktilePollState
                0x0000000020000088       0x10 bin/takktile.o
                0x0000000020000088                takktilePollState
 .data          0x0000000020000098        0x0 bin/pin.o
 .data          0x0000000020000098        0x0 bin/enc.o
 .data.enc_poll_state
                0x0000000020000098        0xc bin/enc.o
                0x0000000020000098                enc_poll_state
 .data          0x00000000200000a4        0x0 bin/state.o
 .data          0x00000000200000a4        0x0 bin/async_poll.o
 .data          0x00000000200000a4        0x0 bin/delay.o
 .data          0x00000000200000a4        0x0 bin/error.o
 .data          0x00000000200000a4        0x0 /usr/bin/../lib/gcc/arm-none-eabi/4.9.3/../../../../arm-none-eabi/lib/armv7e-m/fpu/libc.a(lib_a-exit.o)
 .data          0x00000000200000a4        0x0 /usr/bin/../lib/gcc/arm-none-eabi/4.9.3/../../../../arm-none-eabi/lib/armv7e-m/fpu/libc.a(lib_a-impure.o)
 *fill*         0x00000000200000a4        0x4 
 .data.impure_data
                0x00000000200000a8      0x428 /usr/bin/../lib/gcc/arm-none-eabi/4.9.3/../../../../arm-none-eabi/lib/armv7e-m/fpu/libc.a(lib_a-impure.o)
 .data._impure_ptr
                0x00000000200004d0        0x4 /usr/bin/../lib/gcc/arm-none-eabi/4.9.3/../../../../arm-none-eabi/lib/armv7e-m/fpu/libc.a(lib_a-impure.o)
                0x00000000200004d0                _impure_ptr
 .data          0x00000000200004d4        0x0 /usr/bin/../lib/gcc/arm-none-eabi/4.9.3/../../../../arm-none-eabi/lib/armv7e-m/fpu/libc.a(lib_a-init.o)
 .data          0x00000000200004d4        0x0 /usr/bin/../lib/gcc/arm-none-eabi/4.9.3/../../../../arm-none-eabi/lib/armv7e-m/fpu/libc.a(lib_a-memcpy.o)
 .data          0x00000000200004d4        0x0 /usr/bin/../lib/gcc/arm-none-eabi/4.9.3/../../../../arm-none-eabi/lib/armv7e-m/fpu/libc.a(lib_a-memset.o)
 .data          0x00000000200004d4        0x0 /usr/bin/../lib/gcc/arm-none-eabi/4.9.3/../../../../arm-none-eabi/lib/armv7e-m/fpu/libc.a(lib_a-printf.o)
 .data          0x00000000200004d4        0x0 /usr/bin/../lib/gcc/arm-none-eabi/4.9.3/../../../../arm-none-eabi/lib/armv7e-m/fpu/libc.a(lib_a-putchar.o)
 .data          0x00000000200004d4        0x0 /usr/bin/../lib/gcc/arm-none-eabi/4.9.3/../../../../arm-none-eabi/lib/armv7e-m/fpu/libc.a(lib_a-puts.o)
 .data          0x00000000200004d4        0x0 /usr/bin/../lib/gcc/arm-none-eabi/4.9.3/../../../../arm-none-eabi/lib/armv7e-m/fpu/libc.a(lib_a-strlen.o)
 .data          0x00000000200004d4        0x0 /usr/bin/../lib/gcc/arm-none-eabi/4.9.3/../../../../arm-none-eabi/lib/armv7e-m/fpu/libc.a(lib_a-vfprintf.o)
 .data          0x00000000200004d4        0x0 /usr/bin/../lib/gcc/arm-none-eabi/4.9.3/../../../../arm-none-eabi/lib/armv7e-m/fpu/libc.a(lib_a-wsetup.o)
 .data          0x00000000200004d4        0x0 /usr/bin/../lib/gcc/arm-none-eabi/4.9.3/../../../../arm-none-eabi/lib/armv7e-m/fpu/libc.a(lib_a-__call_atexit.o)
 .data          0x00000000200004d4        0x0 /usr/bin/../lib/gcc/arm-none-eabi/4.9.3/../../../../arm-none-eabi/lib/armv7e-m/fpu/libc.a(lib_a-atexit.o)
 .data          0x00000000200004d4        0x0 /usr/bin/../lib/gcc/arm-none-eabi/4.9.3/../../../../arm-none-eabi/lib/armv7e-m/fpu/libc.a(lib_a-dtoa.o)
 .data          0x00000000200004d4        0x0 /usr/bin/../lib/gcc/arm-none-eabi/4.9.3/../../../../arm-none-eabi/lib/armv7e-m/fpu/libc.a(lib_a-fflush.o)
 .data          0x00000000200004d4        0x0 /usr/bin/../lib/gcc/arm-none-eabi/4.9.3/../../../../arm-none-eabi/lib/armv7e-m/fpu/libc.a(lib_a-findfp.o)
 .data          0x00000000200004d4        0x0 /usr/bin/../lib/gcc/arm-none-eabi/4.9.3/../../../../arm-none-eabi/lib/armv7e-m/fpu/libc.a(lib_a-fini.o)
 .data          0x00000000200004d4        0x0 /usr/bin/../lib/gcc/arm-none-eabi/4.9.3/../../../../arm-none-eabi/lib/armv7e-m/fpu/libc.a(lib_a-freer.o)
 .data          0x00000000200004d4        0x0 /usr/bin/../lib/gcc/arm-none-eabi/4.9.3/../../../../arm-none-eabi/lib/armv7e-m/fpu/libc.a(lib_a-fvwrite.o)
 .data          0x00000000200004d4        0x0 /usr/bin/../lib/gcc/arm-none-eabi/4.9.3/../../../../arm-none-eabi/lib/armv7e-m/fpu/libc.a(lib_a-fwalk.o)
 .data          0x00000000200004d4        0x0 /usr/bin/../lib/gcc/arm-none-eabi/4.9.3/../../../../arm-none-eabi/lib/armv7e-m/fpu/libc.a(lib_a-locale.o)
 .data.lc_message_charset
                0x00000000200004d4       0x20 /usr/bin/../lib/gcc/arm-none-eabi/4.9.3/../../../../arm-none-eabi/lib/armv7e-m/fpu/libc.a(lib_a-locale.o)
 .data.lconv    0x00000000200004f4       0x38 /usr/bin/../lib/gcc/arm-none-eabi/4.9.3/../../../../arm-none-eabi/lib/armv7e-m/fpu/libc.a(lib_a-locale.o)
 .data.lc_ctype_charset
                0x000000002000052c       0x20 /usr/bin/../lib/gcc/arm-none-eabi/4.9.3/../../../../arm-none-eabi/lib/armv7e-m/fpu/libc.a(lib_a-locale.o)
 .data.__mb_cur_max
                0x000000002000054c        0x4 /usr/bin/../lib/gcc/arm-none-eabi/4.9.3/../../../../arm-none-eabi/lib/armv7e-m/fpu/libc.a(lib_a-locale.o)
                0x000000002000054c                __mb_cur_max
 .data          0x0000000020000550        0x0 /usr/bin/../lib/gcc/arm-none-eabi/4.9.3/../../../../arm-none-eabi/lib/armv7e-m/fpu/libc.a(lib_a-makebuf.o)
 .data          0x0000000020000550        0x0 /usr/bin/../lib/gcc/arm-none-eabi/4.9.3/../../../../arm-none-eabi/lib/armv7e-m/fpu/libc.a(lib_a-mallocr.o)
 .data.__malloc_av_
                0x0000000020000550      0x408 /usr/bin/../lib/gcc/arm-none-eabi/4.9.3/../../../../arm-none-eabi/lib/armv7e-m/fpu/libc.a(lib_a-mallocr.o)
                0x0000000020000550                __malloc_av_
 .data.__malloc_trim_threshold
                0x0000000020000958        0x4 /usr/bin/../lib/gcc/arm-none-eabi/4.9.3/../../../../arm-none-eabi/lib/armv7e-m/fpu/libc.a(lib_a-mallocr.o)
                0x0000000020000958                __malloc_trim_threshold
 .data.__malloc_sbrk_base
                0x000000002000095c        0x4 /usr/bin/../lib/gcc/arm-none-eabi/4.9.3/../../../../arm-none-eabi/lib/armv7e-m/fpu/libc.a(lib_a-mallocr.o)
                0x000000002000095c                __malloc_sbrk_base
 .data          0x0000000020000960        0x0 /usr/bin/../lib/gcc/arm-none-eabi/4.9.3/../../../../arm-none-eabi/lib/armv7e-m/fpu/libc.a(lib_a-memchr.o)
 .data          0x0000000020000960        0x0 /usr/bin/../lib/gcc/arm-none-eabi/4.9.3/../../../../arm-none-eabi/lib/armv7e-m/fpu/libc.a(lib_a-memmove.o)
 .data          0x0000000020000960        0x0 /usr/bin/../lib/gcc/arm-none-eabi/4.9.3/../../../../arm-none-eabi/lib/armv7e-m/fpu/libc.a(lib_a-mlock.o)
 .data          0x0000000020000960        0x0 /usr/bin/../lib/gcc/arm-none-eabi/4.9.3/../../../../arm-none-eabi/lib/armv7e-m/fpu/libc.a(lib_a-mprec.o)
 .data          0x0000000020000960        0x0 /usr/bin/../lib/gcc/arm-none-eabi/4.9.3/../../../../arm-none-eabi/lib/armv7e-m/fpu/libc.a(lib_a-putc.o)
 .data          0x0000000020000960        0x0 /usr/bin/../lib/gcc/arm-none-eabi/4.9.3/../../../../arm-none-eabi/lib/armv7e-m/fpu/libc.a(lib_a-reallocr.o)
 .data          0x0000000020000960        0x0 /usr/bin/../lib/gcc/arm-none-eabi/4.9.3/../../../../arm-none-eabi/lib/armv7e-m/fpu/libc.a(lib_a-s_fpclassify.o)
 .data          0x0000000020000960        0x0 /usr/bin/../lib/gcc/arm-none-eabi/4.9.3/../../../../arm-none-eabi/lib/armv7e-m/fpu/libc.a(lib_a-sbrkr.o)
 .data          0x0000000020000960        0x0 /usr/bin/../lib/gcc/arm-none-eabi/4.9.3/../../../../arm-none-eabi/lib/armv7e-m/fpu/libc.a(lib_a-stdio.o)
 .data          0x0000000020000960        0x0 /usr/bin/../lib/gcc/arm-none-eabi/4.9.3/../../../../arm-none-eabi/lib/armv7e-m/fpu/libc.a(lib_a-strcmp.o)
 .data          0x0000000020000960        0x0 /usr/bin/../lib/gcc/arm-none-eabi/4.9.3/../../../../arm-none-eabi/lib/armv7e-m/fpu/libc.a(lib_a-vfiprintf.o)
 .data          0x0000000020000960        0x0 /usr/bin/../lib/gcc/arm-none-eabi/4.9.3/../../../../arm-none-eabi/lib/armv7e-m/fpu/libc.a(lib_a-wbuf.o)
 .data          0x0000000020000960        0x0 /usr/bin/../lib/gcc/arm-none-eabi/4.9.3/../../../../arm-none-eabi/lib/armv7e-m/fpu/libc.a(lib_a-writer.o)
 .data          0x0000000020000960        0x0 /usr/bin/../lib/gcc/arm-none-eabi/4.9.3/../../../../arm-none-eabi/lib/armv7e-m/fpu/libc.a(lib_a-__atexit.o)
 .data          0x0000000020000960        0x0 /usr/bin/../lib/gcc/arm-none-eabi/4.9.3/../../../../arm-none-eabi/lib/armv7e-m/fpu/libc.a(lib_a-callocr.o)
 .data          0x0000000020000960        0x0 /usr/bin/../lib/gcc/arm-none-eabi/4.9.3/../../../../arm-none-eabi/lib/armv7e-m/fpu/libc.a(lib_a-closer.o)
 .data          0x0000000020000960        0x0 /usr/bin/../lib/gcc/arm-none-eabi/4.9.3/../../../../arm-none-eabi/lib/armv7e-m/fpu/libc.a(lib_a-fclose.o)
 .data          0x0000000020000960        0x0 /usr/bin/../lib/gcc/arm-none-eabi/4.9.3/../../../../arm-none-eabi/lib/armv7e-m/fpu/libc.a(lib_a-fputwc.o)
 .data          0x0000000020000960        0x0 /usr/bin/../lib/gcc/arm-none-eabi/4.9.3/../../../../arm-none-eabi/lib/armv7e-m/fpu/libc.a(lib_a-fstatr.o)
 .data          0x0000000020000960        0x0 /usr/bin/../lib/gcc/arm-none-eabi/4.9.3/../../../../arm-none-eabi/lib/armv7e-m/fpu/libc.a(lib_a-isattyr.o)
 .data          0x0000000020000960        0x0 /usr/bin/../lib/gcc/arm-none-eabi/4.9.3/../../../../arm-none-eabi/lib/armv7e-m/fpu/libc.a(lib_a-lseekr.o)
 .data          0x0000000020000960        0x0 /usr/bin/../lib/gcc/arm-none-eabi/4.9.3/../../../../arm-none-eabi/lib/armv7e-m/fpu/libc.a(lib_a-readr.o)
 .data          0x0000000020000960        0x0 /usr/bin/../lib/gcc/arm-none-eabi/4.9.3/../../../../arm-none-eabi/lib/armv7e-m/fpu/libc.a(lib_a-reent.o)
 .data          0x0000000020000960        0x0 /usr/bin/../lib/gcc/arm-none-eabi/4.9.3/../../../../arm-none-eabi/lib/armv7e-m/fpu/libc.a(lib_a-wcrtomb.o)
 .data          0x0000000020000960        0x0 /usr/bin/../lib/gcc/arm-none-eabi/4.9.3/../../../../arm-none-eabi/lib/armv7e-m/fpu/libc.a(lib_a-wctomb_r.o)
 .data.__wctomb
                0x0000000020000960        0x4 /usr/bin/../lib/gcc/arm-none-eabi/4.9.3/../../../../arm-none-eabi/lib/armv7e-m/fpu/libc.a(lib_a-wctomb_r.o)
                0x0000000020000960                __wctomb
 .data          0x0000000020000964        0x0 /usr/bin/../lib/gcc/arm-none-eabi/4.9.3/armv7e-m/fpu/libgcc.a(_arm_addsubdf3.o)
 .data          0x0000000020000964        0x0 /usr/bin/../lib/gcc/arm-none-eabi/4.9.3/armv7e-m/fpu/libgcc.a(_arm_muldivdf3.o)
 .data          0x0000000020000964        0x0 /usr/bin/../lib/gcc/arm-none-eabi/4.9.3/armv7e-m/fpu/libgcc.a(_arm_cmpdf2.o)
 .data          0x0000000020000964        0x0 /usr/bin/../lib/gcc/arm-none-eabi/4.9.3/armv7e-m/fpu/libgcc.a(_arm_fixdfsi.o)
 .data          0x0000000020000964        0x0 /usr/bin/../lib/gcc/arm-none-eabi/4.9.3/armv7e-m/fpu/libgcc.a(_aeabi_uldivmod.o)
 .data          0x0000000020000964        0x0 /usr/bin/../lib/gcc/arm-none-eabi/4.9.3/armv7e-m/fpu/libgcc.a(bpabi.o)
 .data          0x0000000020000964        0x0 /usr/bin/../lib/gcc/arm-none-eabi/4.9.3/armv7e-m/fpu/libgcc.a(_dvmd_tls.o)
 .data          0x0000000020000964        0x0 /usr/bin/../lib/gcc/arm-none-eabi/4.9.3/armv7e-m/fpu/libgcc.a(_divdi3.o)
 .data          0x0000000020000964        0x0 /usr/bin/../lib/gcc/arm-none-eabi/4.9.3/armv7e-m/fpu/libgcc.a(_udivdi3.o)
 .data          0x0000000020000964        0x0 /usr/bin/../lib/gcc/arm-none-eabi/4.9.3/armv7e-m/fpu/crtend.o
 .data          0x0000000020000964        0x0 /usr/bin/../lib/gcc/arm-none-eabi/4.9.3/armv7e-m/fpu/crtn.o
                0x0000000020000964                . = ALIGN (0x4)
                0x0000000020000964                _erelocate = .

.bss            0x0000000020000968     0xf9b4 load address 0x000000000800b938
                0x0000000020000968                . = ALIGN (0x4)
                0x0000000020000968                _sbss = .
                0x0000000020000968                __bss_start__ = .
 *(.bss .bss.*)
 .bss           0x0000000020000968        0x0 /usr/bin/../lib/gcc/arm-none-eabi/4.9.3/armv7e-m/fpu/crti.o
 .bss           0x0000000020000968       0x1c /usr/bin/../lib/gcc/arm-none-eabi/4.9.3/armv7e-m/fpu/crtbegin.o
 .bss           0x0000000020000984        0x0 /usr/bin/../lib/gcc/arm-none-eabi/4.9.3/../../../../arm-none-eabi/lib/armv7e-m/fpu/crt0.o
 .bss           0x0000000020000984        0x0 bin/main.o
 .bss           0x0000000020000984        0x0 bin/imu.o
 .bss           0x0000000020000984        0x0 bin/ports.o
 .bss           0x0000000020000984        0x0 bin/config.o
 .bss           0x0000000020000984        0x0 bin/startup.o
 .bss           0x0000000020000984        0x0 bin/i2cFunc.o
 .bss.maxTime.7181
                0x0000000020000984        0x4 bin/i2cFunc.o
 .bss.maxTime.7161
                0x0000000020000988        0x4 bin/i2cFunc.o
 .bss           0x000000002000098c        0x0 bin/spiFunc.o
 .bss           0x000000002000098c        0x0 bin/leds.o
 .bss           0x000000002000098c        0x0 bin/console.o
 .bss           0x000000002000098c        0x0 bin/stubs.o
 .bss.heap.7705
                0x000000002000098c        0x4 bin/stubs.o
 .bss           0x0000000020000990        0x0 bin/enet.o
 .bss.g_eth_udpbuf
                0x0000000020000990      0x5dc bin/enet.o
 .bss.g_eth_dma_rx_buf
                0x0000000020000f6c     0x8000 bin/enet.o
 .bss.g_eth_dma_tx_desc
                0x0000000020008f6c       0x40 bin/enet.o
 .bss.g_eth_rxpool_ptrs_wpos
                0x0000000020008fac        0x2 bin/enet.o
 .bss.g_eth_rxpool_ptrs_rpos
                0x0000000020008fae        0x2 bin/enet.o
 .bss.g_eth_rxpool_len
                0x0000000020008fb0      0x100 bin/enet.o
 .bss.g_eth_rxpool_wpos
                0x00000000200090b0        0x2 bin/enet.o
 *fill*         0x00000000200090b2        0x2 
 .bss.g_eth_rxpool_start
                0x00000000200090b4      0x200 bin/enet.o
 .bss.g_eth_dma_rx_desc
                0x00000000200092b4      0x100 bin/enet.o
 .bss.g_eth_rxpool
                0x00000000200093b4     0x4000 bin/enet.o
 .bss.g_eth_dma_tx_buf
                0x000000002000d3b4     0x2000 bin/enet.o
 .bss           0x000000002000f3b4        0x0 bin/systime.o
 .bss           0x000000002000f3b4        0x0 bin/dmxl.o
 .bss.g_dmxl_ring_wpos
                0x000000002000f3b4        0x8 bin/dmxl.o
 .bss.divider_is_sent
                0x000000002000f3bc        0x4 bin/dmxl.o
 .bss.pkts.7360
                0x000000002000f3c0       0x30 bin/dmxl.o
 .bss.dmxl_txbuf.7415
                0x000000002000f3f0      0x400 bin/dmxl.o
 .bss.dmxl_rx_start_time.7417
                0x000000002000f7f0       0x10 bin/dmxl.o
 .bss.dmxl_txbuf_readpos.7416
                0x000000002000f800        0x4 bin/dmxl.o
 .bss.g_dmxl_rx_pkt
                0x000000002000f804      0x400 bin/dmxl.o
 .bss.g_dmxl_ring_rpos
                0x000000002000fc04        0x8 bin/dmxl.o
 .bss.g_dmxl_ring
                0x000000002000fc0c      0x400 bin/dmxl.o
 .bss.dmxl_control_mode
                0x000000002001000c        0x1 bin/dmxl.o
 .bss           0x000000002001000d        0x0 bin/fan.o
 .bss           0x000000002001000d        0x0 bin/takktile.o
 *fill*         0x000000002001000d        0x3 
 .bss.sensorNumber.7142
                0x0000000020010010        0x3 bin/takktile.o
 .bss           0x0000000020010013        0x0 bin/pin.o
 .bss           0x0000000020010013        0x0 bin/enc.o
 .bss           0x0000000020010013        0x0 bin/state.o
 .bss           0x0000000020010013        0x0 bin/async_poll.o
 *fill*         0x0000000020010013        0x1 
 .bss.asyncStartTime
                0x0000000020010014        0x4 bin/async_poll.o
 .bss           0x0000000020010018        0x0 bin/delay.o
 .bss           0x0000000020010018        0x0 bin/error.o
 .bss.flashIndex.5604
                0x0000000020010018        0x1 bin/error.o
 *fill*         0x0000000020010019        0x3 
 .bss.flashStartTime.5605
                0x000000002001001c        0x4 bin/error.o
 .bss.errorIndex.5603
                0x0000000020010020        0x1 bin/error.o
 *fill*         0x0000000020010021        0x3 
 .bss.errDetected
                0x0000000020010024        0xc bin/error.o
 .bss.displaying.5602
                0x0000000020010030        0x1 bin/error.o
 .bss           0x0000000020010031        0x0 /usr/bin/../lib/gcc/arm-none-eabi/4.9.3/../../../../arm-none-eabi/lib/armv7e-m/fpu/libc.a(lib_a-exit.o)
 .bss           0x0000000020010031        0x0 /usr/bin/../lib/gcc/arm-none-eabi/4.9.3/../../../../arm-none-eabi/lib/armv7e-m/fpu/libc.a(lib_a-impure.o)
 .bss           0x0000000020010031        0x0 /usr/bin/../lib/gcc/arm-none-eabi/4.9.3/../../../../arm-none-eabi/lib/armv7e-m/fpu/libc.a(lib_a-init.o)
 .bss           0x0000000020010031        0x0 /usr/bin/../lib/gcc/arm-none-eabi/4.9.3/../../../../arm-none-eabi/lib/armv7e-m/fpu/libc.a(lib_a-memcpy.o)
 .bss           0x0000000020010031        0x0 /usr/bin/../lib/gcc/arm-none-eabi/4.9.3/../../../../arm-none-eabi/lib/armv7e-m/fpu/libc.a(lib_a-memset.o)
 .bss           0x0000000020010031        0x0 /usr/bin/../lib/gcc/arm-none-eabi/4.9.3/../../../../arm-none-eabi/lib/armv7e-m/fpu/libc.a(lib_a-printf.o)
 .bss           0x0000000020010031        0x0 /usr/bin/../lib/gcc/arm-none-eabi/4.9.3/../../../../arm-none-eabi/lib/armv7e-m/fpu/libc.a(lib_a-putchar.o)
 .bss           0x0000000020010031        0x0 /usr/bin/../lib/gcc/arm-none-eabi/4.9.3/../../../../arm-none-eabi/lib/armv7e-m/fpu/libc.a(lib_a-puts.o)
 .bss           0x0000000020010031        0x0 /usr/bin/../lib/gcc/arm-none-eabi/4.9.3/../../../../arm-none-eabi/lib/armv7e-m/fpu/libc.a(lib_a-strlen.o)
 .bss           0x0000000020010031        0x0 /usr/bin/../lib/gcc/arm-none-eabi/4.9.3/../../../../arm-none-eabi/lib/armv7e-m/fpu/libc.a(lib_a-vfprintf.o)
 .bss           0x0000000020010031        0x0 /usr/bin/../lib/gcc/arm-none-eabi/4.9.3/../../../../arm-none-eabi/lib/armv7e-m/fpu/libc.a(lib_a-wsetup.o)
 .bss           0x0000000020010031        0x0 /usr/bin/../lib/gcc/arm-none-eabi/4.9.3/../../../../arm-none-eabi/lib/armv7e-m/fpu/libc.a(lib_a-__call_atexit.o)
 .bss           0x0000000020010031        0x0 /usr/bin/../lib/gcc/arm-none-eabi/4.9.3/../../../../arm-none-eabi/lib/armv7e-m/fpu/libc.a(lib_a-atexit.o)
 .bss           0x0000000020010031        0x0 /usr/bin/../lib/gcc/arm-none-eabi/4.9.3/../../../../arm-none-eabi/lib/armv7e-m/fpu/libc.a(lib_a-dtoa.o)
 .bss           0x0000000020010031        0x0 /usr/bin/../lib/gcc/arm-none-eabi/4.9.3/../../../../arm-none-eabi/lib/armv7e-m/fpu/libc.a(lib_a-fflush.o)
 .bss           0x0000000020010031        0x0 /usr/bin/../lib/gcc/arm-none-eabi/4.9.3/../../../../arm-none-eabi/lib/armv7e-m/fpu/libc.a(lib_a-findfp.o)
 .bss           0x0000000020010031        0x0 /usr/bin/../lib/gcc/arm-none-eabi/4.9.3/../../../../arm-none-eabi/lib/armv7e-m/fpu/libc.a(lib_a-fini.o)
 .bss           0x0000000020010031        0x0 /usr/bin/../lib/gcc/arm-none-eabi/4.9.3/../../../../arm-none-eabi/lib/armv7e-m/fpu/libc.a(lib_a-freer.o)
 .bss           0x0000000020010031        0x0 /usr/bin/../lib/gcc/arm-none-eabi/4.9.3/../../../../arm-none-eabi/lib/armv7e-m/fpu/libc.a(lib_a-fvwrite.o)
 .bss           0x0000000020010031        0x0 /usr/bin/../lib/gcc/arm-none-eabi/4.9.3/../../../../arm-none-eabi/lib/armv7e-m/fpu/libc.a(lib_a-fwalk.o)
 .bss           0x0000000020010031        0x0 /usr/bin/../lib/gcc/arm-none-eabi/4.9.3/../../../../arm-none-eabi/lib/armv7e-m/fpu/libc.a(lib_a-locale.o)
 *fill*         0x0000000020010031        0x3 
 .bss._PathLocale
                0x0000000020010034        0x4 /usr/bin/../lib/gcc/arm-none-eabi/4.9.3/../../../../arm-none-eabi/lib/armv7e-m/fpu/libc.a(lib_a-locale.o)
                0x0000000020010034                _PathLocale
 .bss.__nlocale_changed
                0x0000000020010038        0x4 /usr/bin/../lib/gcc/arm-none-eabi/4.9.3/../../../../arm-none-eabi/lib/armv7e-m/fpu/libc.a(lib_a-locale.o)
                0x0000000020010038                __nlocale_changed
 .bss.__mlocale_changed
                0x000000002001003c        0x4 /usr/bin/../lib/gcc/arm-none-eabi/4.9.3/../../../../arm-none-eabi/lib/armv7e-m/fpu/libc.a(lib_a-locale.o)
                0x000000002001003c                __mlocale_changed
 .bss           0x0000000020010040        0x0 /usr/bin/../lib/gcc/arm-none-eabi/4.9.3/../../../../arm-none-eabi/lib/armv7e-m/fpu/libc.a(lib_a-makebuf.o)
 .bss           0x0000000020010040        0x0 /usr/bin/../lib/gcc/arm-none-eabi/4.9.3/../../../../arm-none-eabi/lib/armv7e-m/fpu/libc.a(lib_a-mallocr.o)
 .bss.__malloc_max_total_mem
                0x0000000020010040        0x4 /usr/bin/../lib/gcc/arm-none-eabi/4.9.3/../../../../arm-none-eabi/lib/armv7e-m/fpu/libc.a(lib_a-mallocr.o)
                0x0000000020010040                __malloc_max_total_mem
 .bss.__malloc_max_sbrked_mem
                0x0000000020010044        0x4 /usr/bin/../lib/gcc/arm-none-eabi/4.9.3/../../../../arm-none-eabi/lib/armv7e-m/fpu/libc.a(lib_a-mallocr.o)
                0x0000000020010044                __malloc_max_sbrked_mem
 .bss.__malloc_top_pad
                0x0000000020010048        0x4 /usr/bin/../lib/gcc/arm-none-eabi/4.9.3/../../../../arm-none-eabi/lib/armv7e-m/fpu/libc.a(lib_a-mallocr.o)
                0x0000000020010048                __malloc_top_pad
 .bss.__malloc_current_mallinfo
                0x000000002001004c       0x28 /usr/bin/../lib/gcc/arm-none-eabi/4.9.3/../../../../arm-none-eabi/lib/armv7e-m/fpu/libc.a(lib_a-mallocr.o)